Archive member included to satisfy reference by file (symbol)

libcom32.a(graphics.o)        isolinux.o (syslinux_force_text_mode)
libcom32.a(writehex.o)        isolinux.o (pm_writehex2)
libcom32.a(conio.o)           isolinux.o (pm_write_serial)
libcom32.a(writestr.o)        isolinux.o (crlf)
libcom32.a(init.o)            isolinux.o (mem_init)
libcom32.a(rllpack.o)         isolinux.o (rllpack)
libcom32.a(iso9660.o)         isolinux.o (iso_fs_ops)
libcom32.a(readdir.o)         isolinux.o (opendir)
libcom32.a(mangle.o)          libcom32.a(iso9660.o) (generic_mangle_name)
libcom32.a(searchconfig.o)    libcom32.a(iso9660.o) (search_dirs)
libcom32.a(close.o)           libcom32.a(iso9660.o) (generic_close_file)
libcom32.a(nonextextent.o)    libcom32.a(iso9660.o) (no_next_extent)
libcom32.a(getfssec.o)        libcom32.a(iso9660.o) (generic_getfssec)
libcom32.a(cache.o)           libcom32.a(iso9660.o) (cache_init)
libcom32.a(diskio.o)          libcom32.a(cache.o) (getoneblk)
libcom32.a(diskio_bios.o)     isolinux.o (pm_fs_init)
libcom32.a(fs.o)              libcom32.a(iso9660.o) (alloc_inode)
libcom32.a(chdir.o)           libcom32.a(searchconfig.o) (realpath)
libcom32.a(hello.o)           isolinux.o (hello)
libcom32.a(errno.o)           libcom32.a(fs.o) (errno)
libcom32.a(cleanup.o)         isolinux.o (cleanup_hardware)
libcom32.a(pmapi.o)           isolinux.o (pm_api_vector)
libcom32.a(font.o)            libcom32.a(graphics.o) (use_font)
libcom32.a(load_env32.o)      isolinux.o (load_env32)
libcom32.a(bios.o)            libcom32.a(conio.o) (KbdMap)
libcom32.a(serirq.o)          libcom32.a(conio.o) (SerialHead)
libcom32.a(init.o)            isolinux.o (init)
libcom32.a(idle.o)            libcom32.a(conio.o) (reset_idle)
libcom32.a(call16.o)          libcom32.a(bios.o) (call16)
libcom32.a(lzo1x_f2.o)        isolinux.o (_lzo1x_decompress_asm_fast_safe)
libcom32.a(sysappend.o)       libcom32.a(pmapi.o) (sysappend_strings)
libcom32.a(path.o)            libcom32.a(load_env32.o) (path_add)
libcom32.a(malloc.o)          libcom32.a(bios.o) (bios_malloc)
libcom32.a(free.o)            libcom32.a(bios.o) (bios_free)
libcom32.a(kaboom.o)          libcom32.a(iso9660.o) (_kaboom)
libcom32.a(susp_rr.o)         libcom32.a(iso9660.o) (susp_rr_get_nm)
libcom32.a(getcwd.o)          libcom32.a(pmapi.o) (core_getcwd)
libcom32.a(dmi.o)             libcom32.a(bios.o) (dmi_init)
libcom32.a(sem_asm.o)         libcom32.a(malloc.o) (sem_down)
libcom32.a(semaphore.o)       libcom32.a(sem_asm.o) (__sem_down_slow)
libcom32.a(schedule.o)        libcom32.a(semaphore.o) (__schedule)
libcom32.a(root_thread.o)     libcom32.a(semaphore.o) (__current)
libcom32.a(thread_asm.o)      libcom32.a(schedule.o) (__switch_to)
libcom32.a(exit_thread.o)     libcom32.a(thread_asm.o) (__exit_thread)
/home/wrsadmin/github/syslinux-6.03/bios/com32/lib/libcom32core.a(memcpy.o)
                              (--whole-archive)
/home/wrsadmin/github/syslinux-6.03/bios/com32/lib/libcom32core.a(memset.o)
                              (--whole-archive)
/home/wrsadmin/github/syslinux-6.03/bios/com32/lib/libcom32core.a(memcmp.o)
                              (--whole-archive)
/home/wrsadmin/github/syslinux-6.03/bios/com32/lib/libcom32core.a(printf.o)
                              (--whole-archive)
/home/wrsadmin/github/syslinux-6.03/bios/com32/lib/libcom32core.a(strncmp.o)
                              (--whole-archive)
/home/wrsadmin/github/syslinux-6.03/bios/com32/lib/libcom32core.a(vfprintf.o)
                              (--whole-archive)
/home/wrsadmin/github/syslinux-6.03/bios/com32/lib/libcom32core.a(strlen.o)
                              (--whole-archive)
/home/wrsadmin/github/syslinux-6.03/bios/com32/lib/libcom32core.a(vsnprintf.o)
                              (--whole-archive)
/home/wrsadmin/github/syslinux-6.03/bios/com32/lib/libcom32core.a(snprintf.o)
                              (--whole-archive)
/home/wrsadmin/github/syslinux-6.03/bios/com32/lib/libcom32core.a(stpcpy.o)
                              (--whole-archive)
/home/wrsadmin/github/syslinux-6.03/bios/com32/lib/libcom32core.a(strcmp.o)
                              (--whole-archive)
/home/wrsadmin/github/syslinux-6.03/bios/com32/lib/libcom32core.a(strdup.o)
                              (--whole-archive)
/home/wrsadmin/github/syslinux-6.03/bios/com32/lib/libcom32core.a(strcpy.o)
                              (--whole-archive)
/home/wrsadmin/github/syslinux-6.03/bios/com32/lib/libcom32core.a(strncpy.o)
                              (--whole-archive)
/home/wrsadmin/github/syslinux-6.03/bios/com32/lib/libcom32core.a(setjmp.o)
                              (--whole-archive)
/home/wrsadmin/github/syslinux-6.03/bios/com32/lib/libcom32core.a(fopen.o)
                              (--whole-archive)
/home/wrsadmin/github/syslinux-6.03/bios/com32/lib/libcom32core.a(fread.o)
                              (--whole-archive)
/home/wrsadmin/github/syslinux-6.03/bios/com32/lib/libcom32core.a(fread2.o)
[...]
Memory Configuration

Name             Origin             Length             Attributes
*default*        0x0000000000000000 0xffffffffffffffff

Linker script and memory map

                0x0000000000010000                STACK32_LEN = 0x10000
                0x0000000000000000                . = 0x0
                0x0000000000000000                __module_start = .

.prefix         0x0000000000000000       0x14
 *(.prefix)
 .prefix        0x0000000000000000       0x14 isolinux.o
                0x0000000000001000                . = 0x1000

.earlybss       0x0000000000001000     0x28bc
                0x0000000000001000                __earlybss_start = .
 *(.earlybss)
 .earlybss      0x0000000000001000     0x28bc isolinux.o
                0x0000000000001000                trackbuf
                0x0000000000003012                BIOSName
                0x0000000000003014                BIOSType
                0x0000000000003017                DriveNumber
                0x0000000000003020                Hidden
                0x0000000000003030                spec_packet
                0x00000000000038b8                RealModeSSSP
                0x00000000000038bc                __earlybss_end = .
                0x00000000000028bc                __earlybss_len = (ABSOLUTE (__earlybss_end) - ABSOLUTE (__earlybss_start))
                0x0000000000000a2f                __earlybss_dwords = ((__earlybss_len + 0x3) >> 0x2)
                0x00000000000038bc                . = ALIGN (0x4)

.bss16          0x00000000000038c0      0x226
                0x00000000000038c0                __bss16_start = .
 *(.bss16)
 .bss16         0x00000000000038c0      0x221 isolinux.o
                0x00000000000038cc                KernelName
                0x00000000000039cc                CurrentDirName
                0x0000000000003add                OrigFDCTabPtr
 *fill*         0x0000000000003ae1        0x1 
 .bss16         0x0000000000003ae2        0x4 libcom32.a(fs.o)
                0x0000000000003ae2                SectorShift
                0x0000000000003ae4                SectorSize
                0x0000000000003ae6                __bss16_end = .
                0x0000000000000226                __bss16_len = (ABSOLUTE (__bss16_end) - ABSOLUTE (__bss16_start))
                0x000000000000008a                __bss16_dwords = ((__bss16_len + 0x3) >> 0x2)
                0x0000000000003ae8                . = ALIGN (0x4)

.config         0x0000000000003ae8        0x0 load address 0x0000000000008ef0
                0x0000000000003ae8                __config_start = .
 *(.config)
 .config        0x0000000000003ae8        0x0 isolinux.o
                0x0000000000003ae8                __config_end = .
                0x0000000000000000                __config_len = (ABSOLUTE (__config_end) - ABSOLUTE (__config_start))
                0x0000000000000000                __config_dwords = ((__config_len + 0x3) >> 0x2)
                0x0000000000003b00                . = ALIGN (0x80)

.replacestub    0x0000000000003b00        0x0 load address 0x0000000000008ef0
                0x0000000000003b00                __replacestub_start = .
 *(.replacestub)
 .replacestub   0x0000000000003b00        0x0 isolinux.o
                0x0000000000003b00                __replacestub_end = .
                0x0000000000000000                __replacestub_len = (ABSOLUTE (__replacestub_end) - ABSOLUTE (__replacestub_start))
                0x0000000000000000                __replacestub_dwords = ((__replacestub_len + 0x3) >> 0x2)
                0x0000000000003b00                . = ALIGN (0x10)
                0x0000000000003b00                __gentextnr_lma = .

.gentextnr      0x0000000000003b00      0x418
                0x0000000000003b00                __gentextnr_start = .
 *(.gentextnr)
 .gentextnr     0x0000000000003b00      0x418 isolinux.o
                0x0000000000003f18                __gentextnr_end = .
                0x0000000000000418                __gentextnr_len = (ABSOLUTE (__gentextnr_end) - ABSOLUTE (__gentextnr_start))
                0x0000000000000106                __gentextnr_dwords = ((__gentextnr_len + 0x3) >> 0x2)
                0x0000000000006c00                . = STACK_BASE

.stack16        0x0000000000006c00     0x1000
                0x0000000000006c00                __stack16_start = .
                0x0000000000007c00                . = (. + STACK_LEN)
 *fill*         0x0000000000006c00     0x1000 
                0x0000000000007c00                __stack16_end = .
 .stack16       0x0000000000007c00        0x0 isolinux.o
                0x0000000000001000                __stack16_len = (ABSOLUTE (__stack16_end) - ABSOLUTE (__stack16_start))
                0x0000000000000400                __stack16_dwords = ((__stack16_len + 0x3) >> 0x2)
                0x0000000000007c00                . = 0x7c00

.init           0x0000000000007c00      0x800
 FILL mask 0x90909090
                0x0000000000007c00                __init_start = .
 *(.init)
 .init          0x0000000000007c00      0x800 isolinux.o
                0x0000000000007c00                _start
                0x0000000000007c08                iso_boot_info
                0x0000000000007f21                getlinsec
                0x00000000000080c3                kaboom
                0x000000000000813a                syslinux_banner
                0x000000000000814c                copyright_str
                0x0000000000008384                bios_cdrom
                0x0000000000008400                __init_end = .
                0x0000000000000800                __init_len = (ABSOLUTE (__init_end) - ABSOLUTE (__init_start))
                0x0000000000000200                __init_dwords = ((__init_len + 0x3) >> 0x2)

.text16         0x0000000000008400      0x54c
 FILL mask 0x90909090
                0x0000000000008400                __text16_start = .
 *(.text16)
 .text16        0x0000000000008400      0x54c isolinux.o
                0x0000000000008482                local_boot16
                0x00000000000086c3                adv_init
                0x00000000000087f6                adv_write
                0x000000000000892a                bios_timer_cleanup
                0x0000000000008933                timer_irq
                0x0000000000008948                BIOS_timer_next
                0x000000000000894c                __text16_end = .
                0x000000000000054c                __text16_len = (ABSOLUTE (__text16_end) - ABSOLUTE (__text16_start))
                0x0000000000000153                __text16_dwords = ((__text16_len + 0x3) >> 0x2)
                0x0000000000008950                . = ALIGN (0x10)

.textnr         0x0000000000008950      0x360
 FILL mask 0x90909090
                0x0000000000008950                __textnr_start = .
 *(.textnr)
 .textnr        0x0000000000008950       0xae isolinux.o
                0x00000000000089fd                core_pm_null_hook
 *fill*         0x00000000000089fe        0x2 90909090
 .textnr        0x0000000000008a00      0x2b0 libcom32.a(lzo1x_f2.o)
                0x0000000000008a00                _lzo1x_decompress_asm_fast_safe
                0x0000000000008cb0                __textnr_end = .
                0x0000000000000360                __textnr_len = (ABSOLUTE (__textnr_end) - ABSOLUTE (__textnr_start))
                0x00000000000000d8                __textnr_dwords = ((__textnr_len + 0x3) >> 0x2)
                0x0000000000008cb0                . = ALIGN (0x10)
                0x0000000000008cb0                __bcopyxx_start = .

.bcopyxx.text   0x0000000000008cb0      0x147
 FILL mask 0x90909090
                0x0000000000008cb0                __bcopyxx_text_start = .
 *(.bcopyxx.text)
 .bcopyxx.text  0x0000000000008cb0      0x147 isolinux.o
                0x0000000000008d66                do_raw_shuffle_and_boot
                0x0000000000008df7                __bcopyxx_text_end = .
                0x0000000000000147                __bcopyxx_text_len = (ABSOLUTE (__bcopyxx_text_end) - ABSOLUTE (__bcopyxx_text_start))
                0x0000000000000052                __bcopyxx_text_dwords = ((__bcopyxx_text_len + 0x3) >> 0x2)

.bcopyxx.data   0x0000000000008e00       0x36
                0x0000000000008e00                __bcopyxx_data_start = .
 *(.bcopyxx.text)
                0x0000000000008e00                __bcopyxx_data_end = .
 .bcopyxx.data  0x0000000000008e00       0x36 isolinux.o
                0x0000000000000000                __bcopyxx_data_len = (ABSOLUTE (__bcopyxx_data_end) - ABSOLUTE (__bcopyxx_data_start))
                0x0000000000000000                __bcopyxx_data_dwords = ((__bcopyxx_data_len + 0x3) >> 0x2)
                0x0000000000008e36                __bcopyxx_end = .
                0x0000000000000186                __bcopyxx_len = (ABSOLUTE (__bcopyxx_end) - ABSOLUTE (__bcopyxx_start))
                0x0000000000000062                __bcopyxx_dwords = ((__bcopyxx_len + 0x3) >> 0x2)
                0x0000000000008e38                . = ALIGN (0x4)

.data16         0x0000000000008e40       0xaf
                0x0000000000008e40                __data16_start = .
 *(.data16)
 .data16        0x0000000000008e40       0xaf isolinux.o
                0x0000000000008e40                BaseStack
                0x0000000000008e50                __com32
                0x0000000000008e84                core_pm_hook
                0x0000000000008ebc                __jiffies
                0x0000000000008ec0                __ms_timer
                0x0000000000008eef                __data16_end = .
                0x00000000000000af                __data16_len = (ABSOLUTE (__data16_end) - ABSOLUTE (__data16_start))
                0x000000000000002c                __data16_dwords = ((__data16_len + 0x3) >> 0x2)
                0x0000000000008ef0                . = ALIGN (0x4)
                0x0000000000008ef0                __config_lma = .
                0x0000000000008ef0                . = (. + SIZEOF (.config))
                0x0000000000008ef0                . = ALIGN (0x4)
                0x0000000000008ef0                __replacestub_lma = .
                0x0000000000008ef0                . = (. + SIZEOF (.replacestub))
                0x0000000000008ef0                . = ALIGN (0x10)
                0x0000000000008ef0                __pm_code_lma = .
                0x0000000000008ef0                __high_clear_start = .
                0x0000000000009000                . = ALIGN (0x200)

.adv            0x0000000000009000      0x400
                0x0000000000009000                __adv_start = .
 *(.adv)
 .adv           0x0000000000009000      0x400 isolinux.o
                0x0000000000009400                __adv_end = .
                0x0000000000000400                __adv_len = (ABSOLUTE (__adv_end) - ABSOLUTE (__adv_start))
                0x0000000000000100                __adv_dwords = ((__adv_len + 0x3) >> 0x2)
                0x0000000000009400                . = ALIGN (0x4)

.uibss          0x0000000000009400      0x100
                0x0000000000009400                __uibss_start = .
 *(.uibss)
 .uibss         0x0000000000009400      0x100 isolinux.o
                0x0000000000009500                __uibss_end = .
                0x0000000000000100                __uibss_len = (ABSOLUTE (__uibss_end) - ABSOLUTE (__uibss_start))
                0x0000000000000040                __uibss_dwords = ((__uibss_len + 0x3) >> 0x2)
                0x0000000000009500                _end16 = .
                0x0000000000000001                __assert_end16 = ASSERT ((_end16 <= 0x10000), 64K overflow)
                0x0000000000010000                . = ALIGN (0x10000)

.real_mode      0x0000000000010000    0x10000
 *(.real_mode)
 .real_mode     0x0000000000010000    0x10000 isolinux.o
                0x0000000000010000                core_real_mode
                0x0000000000001000                real_mode_seg = (core_real_mode >> 0x4)
                0x0000000000020000                . = ALIGN (0x10000)

.xfer_buf       0x0000000000020000    0x10000
 *(.xfer_buf)
 .xfer_buf      0x0000000000020000    0x10000 isolinux.o
                0x0000000000020000                core_xfer_buf
                0x0000000000002000                xfer_buf_seg = (core_xfer_buf >> 0x4)
                0x0000000000030000                . = ALIGN (0x10)

.auxseg         0x0000000000030000        0x0
                0x0000000000030000                __auxseg_start = .
 *(.auxseg)
                0x0000000000030000                __auxseg_end = .
                0x0000000000000000                __auxseg_len = (ABSOLUTE (__auxseg_end) - ABSOLUTE (__auxseg_start))
                0x0000000000000000                __auxseg_dwords = ((__auxseg_len + 0x3) >> 0x2)
                0x0000000000003000                aux_seg = (__auxseg_start >> 0x4)

.lowmem         0x0000000000030000     0x2060
                0x0000000000030000                __lowmem_start = .
 *(.lowmem)
 .lowmem        0x0000000000030000       0x5c libcom32.a(diskio_bios.o)
 *fill*         0x000000000003005c        0x4 
 .lowmem        0x0000000000030060     0x2000 libcom32.a(font.o)
                0x0000000000030060                fontbuf
                0x0000000000032060                __lowmem_end = .
                0x0000000000002060                __lowmem_len = (ABSOLUTE (__lowmem_end) - ABSOLUTE (__lowmem_start))
                0x0000000000000818                __lowmem_dwords = ((__lowmem_len + 0x3) >> 0x2)
                0x0000000000032060                __high_clear_end = .
                0x0000000000029170                __high_clear_len = (ABSOLUTE (__high_clear_end) - ABSOLUTE (__high_clear_start))
                0x000000000000a45c                __high_clear_dwords = ((__high_clear_len + 0x3) >> 0x2)
                0x0000000000032060                . = ALIGN (0x10)
                0x0000000000032060                __lowmem_heap = .
                0x0000000000100000                . = 0x100000
                0x0000000000100000                __pm_code_start = .
                0x0000000000100000                __text_vma = .
                0x0000000000008ef0                __text_lma = __pm_code_lma

.text           0x0000000000100000     0x87d7 load address 0x0000000000008ef0
 FILL mask 0x90909090
                0x0000000000100000                __text_start = .
 *(.text)
 .text          0x0000000000100000      0x12d isolinux.o
                0x0000000000100000                core_farcall
                0x0000000000100006                core_intcall
                0x00000000001000a6                core_cfarcall
 .text          0x000000000010012d      0x4ef libcom32.a(graphics.o)
                0x00000000001001a7                syslinux_force_text_mode
                0x0000000000100233                vgadisplayfile
                0x00000000001005a1                vgahidecursor
                0x00000000001005bf                vgashowcursor
                0x00000000001005dd                using_vga
                0x000000000010060e                pm_using_vga
 .text          0x000000000010061c       0x71 libcom32.a(writehex.o)
                0x0000000000100660                writehex2
                0x0000000000100667                writehex4
                0x0000000000100671                writehex8
                0x000000000010067b                pm_writehex2
                0x0000000000100681                pm_writehex4
                0x0000000000100687                pm_writehex8
 .text          0x000000000010068d      0x37b libcom32.a(conio.o)
                0x000000000010068d                loadkeys
                0x00000000001006ce                write_serial
                0x000000000010072a                pm_write_serial
                0x0000000000100730                serialcfg
                0x0000000000100787                pm_serialcfg
                0x0000000000100792                write_serial_str
                0x00000000001007a7                bios_pollchar
                0x0000000000100831                pollchar
                0x0000000000100849                pm_pollchar
                0x0000000000100861                bios_getchar
                0x0000000000100970                bios_shiftflags
                0x00000000001009bf                kbd_shiftflags
                0x00000000001009e0                getchar
                0x00000000001009f8                pm_getchar
 .text          0x0000000000100a08       0x52 libcom32.a(writestr.o)
                0x0000000000100a08                crlf
                0x0000000000100a2a                writestr
                0x0000000000100a4b                pm_writestr
 .text          0x0000000000100a5a       0xf6 libcom32.a(init.o)
                0x0000000000100a5a                scan_highmem_area
                0x0000000000100abf                mem_init
 .text          0x0000000000100b50      0x153 libcom32.a(rllpack.o)
                0x0000000000100b50                rllpack
                0x0000000000100c10                rllunpack
 .text          0x0000000000100ca3      0x519 libcom32.a(iso9660.o)
 .text          0x00000000001011bc       0x91 libcom32.a(readdir.o)
                0x00000000001011bc                opendir
                0x0000000000101205                readdir
                0x0000000000101238                closedir
 .text          0x000000000010124d       0x57 libcom32.a(mangle.o)
                0x000000000010124d                generic_mangle_name
 .text          0x00000000001012a4       0xe7 libcom32.a(searchconfig.o)
                0x00000000001012a4                search_dirs
 .text          0x000000000010138b       0x23 libcom32.a(close.o)
                0x000000000010138b                generic_close_file
 .text          0x00000000001013ae        0x4 libcom32.a(nonextextent.o)
                0x00000000001013ae                no_next_extent
 .text          0x00000000001013b2      0x216 libcom32.a(getfssec.o)
                0x00000000001013b2                generic_getfssec
 .text          0x00000000001015c8      0x1f4 libcom32.a(cache.o)
                0x00000000001015c8                cache_init
                0x0000000000101663                cache_lock_block
                0x0000000000101684                _get_cache_block
                0x00000000001016d7                get_cache
                0x0000000000101726                cache_read
 .text          0x00000000001017bc       0x84 libcom32.a(diskio.o)
                0x00000000001017bc                getoneblk
                0x00000000001017fa                device_init
 .text          0x0000000000101840      0x7f6 libcom32.a(diskio_bios.o)
                0x0000000000101dca                bios_disk_init
                0x0000000000102014                pm_fs_init
 .text          0x0000000000102036      0x5ed libcom32.a(fs.o)
                0x0000000000102036                alloc_inode
                0x000000000010206b                put_inode
                0x00000000001020a2                _close_file
                0x00000000001020cf                open_config
                0x0000000000102146                mangle_name
                0x000000000010215c                pmapi_read_file
                0x00000000001021b3                searchdir
                0x0000000000102454                open_file
                0x00000000001024cf                close_file
                0x00000000001024f2                fs_uuid
                0x0000000000102518                fs_init
 .text          0x0000000000102623      0x226 libcom32.a(chdir.o)
                0x00000000001026a6                realpath
                0x0000000000102745                pm_realpath
                0x0000000000102769                chdir
 .text          0x0000000000102849      0x139 libcom32.a(hello.o)
                0x0000000000102883                myputchar
                0x00000000001028ae                myputs
                0x00000000001028c2                hello
                0x00000000001028ed                hexdump
                0x0000000000102950                mp1
                0x000000000010295a                mp2
                0x0000000000102964                mp3
                0x000000000010296e                mp4
                0x0000000000102978                mp5
 .text          0x0000000000102982        0x0 libcom32.a(errno.o)
 .text          0x0000000000102982       0x15 libcom32.a(cleanup.o)
                0x0000000000102982                cleanup_hardware
 .text          0x0000000000102997        0x0 libcom32.a(pmapi.o)
 .text          0x0000000000102997      0x253 libcom32.a(font.o)
                0x0000000000102997                bios_adjust_screen
                0x00000000001029ef                use_font
                0x0000000000102b08                loadfont
                0x0000000000102bad                adjust_screen
                0x0000000000102bc9                pm_adjust_screen
                0x0000000000102bcb                pm_userfont
 .text          0x0000000000102bea      0x30d libcom32.a(load_env32.o)
                0x0000000000102bff                init_module_subsystem
                0x0000000000102c2c                start_ldlinux
                0x0000000000102c81                load_env32
                0x0000000000102dad                com32_cmdline
                0x0000000000102dbe                create_args_and_load
                0x0000000000102ec6                pm_env32_run
 .text          0x0000000000102ef7      0xda6 libcom32.a(bios.o)
                0x00000000001032b6                bios_adv_init
                0x00000000001032e9                bios_adv_write
                0x00000000001037c8                bios_init
                0x0000000000103c86                syslinux_register_bios
 .text          0x0000000000103c9d      0x2ef libcom32.a(serirq.o)
                0x0000000000103db1                sirq_cleanup_nowipe
                0x0000000000103e28                sirq_cleanup
                0x0000000000103e4d                sirq_install
 .text          0x0000000000103f8c       0x14 libcom32.a(init.o)
                0x0000000000103f8c                init
 .text          0x0000000000103fa0       0x5f libcom32.a(idle.o)
                0x0000000000103fa0                reset_idle
                0x0000000000103fba                __idle
 .text          0x0000000000103fff       0x4a libcom32.a(call16.o)
                0x0000000000103fff                call16
 .text          0x0000000000104049        0x0 libcom32.a(lzo1x_f2.o)
 .text          0x0000000000104049      0x17d libcom32.a(sysappend.o)
                0x0000000000104049                do_sysappend
                0x00000000001040a7                sysappend_set_uuid
                0x0000000000104139                sysappend_set_fs_uuid
                0x000000000010418a                print_sysappend
 .text          0x00000000001041c6       0x62 libcom32.a(path.o)
                0x00000000001041c6                path_add
 .text          0x0000000000104228      0x334 libcom32.a(malloc.o)
                0x0000000000104276                bios_malloc
                0x0000000000104336                malloc
                0x0000000000104342                lmalloc
                0x000000000010436f                pmapi_lmalloc
                0x000000000010437e                bios_realloc
                0x0000000000104519                realloc
                0x0000000000104532                zalloc
 .text          0x000000000010455c      0x235 libcom32.a(free.o)
                0x000000000010463f                bios_free
                0x0000000000104647                free
                0x0000000000104685                __inject_free_block
                0x0000000000104722                comboot_cleanup_lowmem
 .text          0x0000000000104791       0x22 libcom32.a(kaboom.o)
                0x0000000000104791                _kaboom
 .text          0x00000000001047b3      0x69d libcom32.a(susp_rr.o)
                0x000000000010480d                susp_rr_get_entries
                0x0000000000104c37                susp_rr_get_nm
                0x0000000000104cca                susp_rr_check_signatures
 .text          0x0000000000104e50       0x44 libcom32.a(getcwd.o)
                0x0000000000104e50                core_getcwd
 .text          0x0000000000104e94      0x4a7 libcom32.a(dmi.o)
                0x0000000000104f98                dmi_init
 .text          0x000000000010533b       0x14 libcom32.a(sem_asm.o)
                0x000000000010533b                sem_down
                0x0000000000105346                sem_up
 .text          0x000000000010534f       0xe7 libcom32.a(semaphore.o)
                0x000000000010534f                sem_init
                0x000000000010535f                __sem_down_slow
                0x00000000001053f8                __sem_up_slow
 .text          0x0000000000105436       0x93 libcom32.a(schedule.o)
                0x0000000000105436                __schedule
                0x00000000001054bc                thread_yield
 .text          0x00000000001054c9        0x0 libcom32.a(root_thread.o)
 .text          0x00000000001054c9       0x3f libcom32.a(thread_asm.o)
                0x00000000001054c9                __switch_to
                0x00000000001054f9                __start_thread
 .text          0x0000000000105508       0x41 libcom32.a(exit_thread.o)
                0x0000000000105508                __exit_thread
 .text          0x0000000000105549       0x1a /home/wrsadmin/github/syslinux-6.03/bios/com32/lib/libcom32core.a(memcpy.o)
                0x0000000000105549                memcpy
 .text          0x0000000000105563       0x29 /home/wrsadmin/github/syslinux-6.03/bios/com32/lib/libcom32core.a(memset.o)
                0x0000000000105563                memset
 .text          0x000000000010558c       0x20 /home/wrsadmin/github/syslinux-6.03/bios/com32/lib/libcom32core.a(memcmp.o)
                0x000000000010558c                memcmp
 .text          0x00000000001055ac       0x20 /home/wrsadmin/github/syslinux-6.03/bios/com32/lib/libcom32core.a(printf.o)
                0x00000000001055ac                printf
 .text          0x00000000001055cc       0x2a /home/wrsadmin/github/syslinux-6.03/bios/com32/lib/libcom32core.a(strncmp.o)
                0x00000000001055cc                strncmp
 .text          0x00000000001055f6       0x4d /home/wrsadmin/github/syslinux-6.03/bios/com32/lib/libcom32core.a(vfprintf.o)
                0x00000000001055f6                vfprintf
 .text          0x0000000000105643        0xf /home/wrsadmin/github/syslinux-6.03/bios/com32/lib/libcom32core.a(strlen.o)
                0x0000000000105643                strlen
 .text          0x0000000000105652      0x9fc /home/wrsadmin/github/syslinux-6.03/bios/com32/lib/libcom32core.a(vsnprintf.o)
                0x0000000000105652                vsnprintf
 .text          0x000000000010604e       0x25 /home/wrsadmin/github/syslinux-6.03/bios/com32/lib/libcom32core.a(snprintf.o)
                0x000000000010604e                snprintf
 .text          0x0000000000106073        0xe /home/wrsadmin/github/syslinux-6.03/bios/com32/lib/libcom32core.a(stpcpy.o)
                0x0000000000106073                stpcpy
 .text          0x0000000000106081       0x20 /home/wrsadmin/github/syslinux-6.03/bios/com32/lib/libcom32core.a(strcmp.o)
                0x0000000000106081                strcmp
 .text          0x00000000001060a1       0x38 /home/wrsadmin/github/syslinux-6.03/bios/com32/lib/libcom32core.a(strdup.o)
                0x00000000001060a1                strdup
 .text          0x00000000001060d9       0x10 /home/wrsadmin/github/syslinux-6.03/bios/com32/lib/libcom32core.a(strcpy.o)
                0x00000000001060d9                strcpy
 .text          0x00000000001060e9       0x18 /home/wrsadmin/github/syslinux-6.03/bios/com32/lib/libcom32core.a(strncpy.o)
                0x00000000001060e9                strncpy
 *fill*         0x0000000000106101        0x3 90909090
 .text          0x0000000000106104       0x2a /home/wrsadmin/github/syslinux-6.03/bios/com32/lib/libcom32core.a(setjmp.o)
                0x0000000000106104                setjmp
                0x0000000000106104                _setjmp
                0x000000000010611c                longjmp
 .text          0x000000000010612e       0x71 /home/wrsadmin/github/syslinux-6.03/bios/com32/lib/libcom32core.a(fopen.o)
                0x000000000010612e                fopen
 .text          0x000000000010619f       0x65 /home/wrsadmin/github/syslinux-6.03/bios/com32/lib/libcom32core.a(fread.o)
                0x000000000010619f                _fread
 .text          0x0000000000106204       0x24 /home/wrsadmin/github/syslinux-6.03/bios/com32/lib/libcom32core.a(fread2.o)
                0x0000000000106204                fread
 .text          0x0000000000106228       0x36 /home/wrsadmin/github/syslinux-6.03/bios/com32/lib/libcom32core.a(puts.o)
                0x0000000000106228                puts
 .text          0x000000000010625e       0x16 /home/wrsadmin/github/syslinux-6.03/bios/com32/lib/libcom32core.a(strtoul.o)
                0x000000000010625e                strtoul
 .text          0x0000000000106274      0x1a2 /home/wrsadmin/github/syslinux-6.03/bios/com32/lib/libcom32core.a(strntoumax.o)
                0x0000000000106274                strntoumax
 .text          0x0000000000106416       0x47 /home/wrsadmin/github/syslinux-6.03/bios/com32/lib/libcom32core.a(strcasecmp.o)
                0x0000000000106416                strcasecmp
 .text          0x000000000010645d       0x24 /home/wrsadmin/github/syslinux-6.03/bios/com32/lib/libcom32core.a(sprintf.o)
                0x000000000010645d                sprintf
 .text          0x0000000000106481       0x2f /home/wrsadmin/github/syslinux-6.03/bios/com32/lib/libcom32core.a(strlcat.o)
                0x0000000000106481                strlcat
 .text          0x00000000001064b0       0x11 /home/wrsadmin/github/syslinux-6.03/bios/com32/lib/libcom32core.a(strchr.o)
                0x00000000001064b0                strchr
 .text          0x00000000001064c1       0x1f /home/wrsadmin/github/syslinux-6.03/bios/com32/lib/libcom32core.a(strlcpy.o)
                0x00000000001064c1                strlcpy
 .text          0x00000000001064e0       0x5a /home/wrsadmin/github/syslinux-6.03/bios/com32/lib/libcom32core.a(strncasecmp.o)
                0x00000000001064e0                strncasecmp
 .text          0x000000000010653a        0x0 /home/wrsadmin/github/syslinux-6.03/bios/com32/lib/libcom32core.a(ctypes.o)
 .text          0x000000000010653a       0x31 /home/wrsadmin/github/syslinux-6.03/bios/com32/lib/libcom32core.a(fputs.o)
                0x000000000010653a                fputs
 .text          0x000000000010656b       0x24 /home/wrsadmin/github/syslinux-6.03/bios/com32/lib/libcom32core.a(fwrite2.o)
                0x000000000010656b                fwrite
 .text          0x000000000010658f       0x65 /home/wrsadmin/github/syslinux-6.03/bios/com32/lib/libcom32core.a(fwrite.o)
                0x000000000010658f                _fwrite
 .text          0x00000000001065f4       0x31 /home/wrsadmin/github/syslinux-6.03/bios/com32/lib/libcom32core.a(fgetc.o)
                0x00000000001065f4                fgetc
 .text          0x0000000000106625       0x14 /home/wrsadmin/github/syslinux-6.03/bios/com32/lib/libcom32core.a(fclose.o)
                0x0000000000106625                fclose
 .text          0x0000000000106639       0x4a /home/wrsadmin/github/syslinux-6.03/bios/com32/lib/libcom32core.a(lmalloc.o)
                0x0000000000106639                lzalloc
                0x0000000000106670                lfree
 .text          0x0000000000106683       0x1a /home/wrsadmin/github/syslinux-6.03/bios/com32/lib/libcom32core.a(err_read.o)
 .text          0x000000000010669d       0x1a /home/wrsadmin/github/syslinux-6.03/bios/com32/lib/libcom32core.a(err_write.o)
 .text          0x00000000001066b7        0x3 /home/wrsadmin/github/syslinux-6.03/bios/com32/lib/libcom32core.a(null_read.o)
 .text          0x00000000001066ba       0x6c /home/wrsadmin/github/syslinux-6.03/bios/com32/lib/libcom32core.a(stdcon_write.o)
 .text          0x0000000000106726       0xa1 /home/wrsadmin/github/syslinux-6.03/bios/com32/lib/libcom32core.a(memscan.o)
                0x0000000000106726                syslinux_memscan_add
                0x0000000000106752                syslinux_memscan_new
                0x0000000000106780                syslinux_scan_memory
 .text          0x00000000001067c7       0x16 /home/wrsadmin/github/syslinux-6.03/bios/com32/lib/libcom32core.a(strrchr.o)
                0x00000000001067c7                strrchr
 .text          0x00000000001067dd       0x26 /home/wrsadmin/github/syslinux-6.03/bios/com32/lib/libcom32core.a(strcat.o)
                0x00000000001067dd                strcat
 *fill*         0x0000000000106803        0x1 90909090
 .text          0x0000000000106804       0x11 /home/wrsadmin/github/syslinux-6.03/bios/com32/lib/libcom32core.a(__ashldi3.o)
                0x0000000000106804                __ashldi3
 .text          0x0000000000106815       0x29 /home/wrsadmin/github/syslinux-6.03/bios/com32/lib/libcom32core.a(__udivdi3.o)
                0x0000000000106815                __udivdi3
 *fill*         0x000000000010683e        0x2 90909090
 .text          0x0000000000106840        0x8 /home/wrsadmin/github/syslinux-6.03/bios/com32/lib/libcom32core.a(__negdi2.o)
                0x0000000000106840                __negdi2
 .text          0x0000000000106848       0x11 /home/wrsadmin/github/syslinux-6.03/bios/com32/lib/libcom32core.a(__ashrdi3.o)
                0x0000000000106848                __ashrdi3
 *fill*         0x0000000000106859        0x3 90909090
 .text          0x000000000010685c       0x11 /home/wrsadmin/github/syslinux-6.03/bios/com32/lib/libcom32core.a(__lshrdi3.o)
                0x000000000010685c                __lshrdi3
 *fill*         0x000000000010686d        0x3 90909090
 .text          0x0000000000106870       0x15 /home/wrsadmin/github/syslinux-6.03/bios/com32/lib/libcom32core.a(__muldi3.o)
                0x0000000000106870                __muldi3
 .text          0x0000000000106885       0xa2 /home/wrsadmin/github/syslinux-6.03/bios/com32/lib/libcom32core.a(__udivmoddi4.o)
                0x0000000000106885                __udivmoddi4
 .text          0x0000000000106927       0x34 /home/wrsadmin/github/syslinux-6.03/bios/com32/lib/libcom32core.a(__umoddi3.o)
                0x0000000000106927                __umoddi3
 .text          0x000000000010695b       0x7c /home/wrsadmin/github/syslinux-6.03/bios/com32/lib/libcom32core.a(__divdi3.o)
                0x000000000010695b                __divdi3
 .text          0x00000000001069d7       0x92 /home/wrsadmin/github/syslinux-6.03/bios/com32/lib/libcom32core.a(__moddi3.o)
                0x00000000001069d7                __moddi3
 .text          0x0000000000106a69       0x1c /home/wrsadmin/github/syslinux-6.03/bios/com32/lib/libcom32core.a(debug.o)
                0x0000000000106a69                syslinux_debug
 .text          0x0000000000106a85       0x20 /home/wrsadmin/github/syslinux-6.03/bios/com32/lib/libcom32core.a(intcall.o)
                0x0000000000106a85                __intcall
 .text          0x0000000000106aa5       0x53 /home/wrsadmin/github/syslinux-6.03/bios/com32/lib/libcom32core.a(farcall.o)
                0x0000000000106aa5                __farcall
 .text          0x0000000000106af8       0x28 /home/wrsadmin/github/syslinux-6.03/bios/com32/lib/libcom32core.a(cfarcall.o)
                0x0000000000106af8                __cfarcall
 .text          0x0000000000106b20        0x0 /home/wrsadmin/github/syslinux-6.03/bios/com32/lib/libcom32core.a(zeroregs.o)
 .text          0x0000000000106b20       0xb7 /home/wrsadmin/github/syslinux-6.03/bios/com32/lib/libcom32core.a(argv.o)
                0x0000000000106b20                __parse_argv
 .text          0x0000000000106bd7       0x48 /home/wrsadmin/github/syslinux-6.03/bios/com32/lib/libcom32core.a(sleep.o)
                0x0000000000106bd7                msleep
                0x0000000000106c06                sleep
 .text          0x0000000000106c1f        0x0 /home/wrsadmin/github/syslinux-6.03/bios/com32/lib/libcom32core.a(fileinfo.o)
 .text          0x0000000000106c1f       0xec /home/wrsadmin/github/syslinux-6.03/bios/com32/lib/libcom32core.a(opendev.o)
                0x0000000000106c1f                opendev
 .text          0x0000000000106d0b       0x3f /home/wrsadmin/github/syslinux-6.03/bios/com32/lib/libcom32core.a(read.o)
                0x0000000000106d0b                read
 .text          0x0000000000106d4a       0x40 /home/wrsadmin/github/syslinux-6.03/bios/com32/lib/libcom32core.a(write.o)
                0x0000000000106d4a                write
 .text          0x0000000000106d8a       0x1c /home/wrsadmin/github/syslinux-6.03/bios/com32/lib/libcom32core.a(ftell.o)
                0x0000000000106d8a                ftell
 .text          0x0000000000106da6       0x88 /home/wrsadmin/github/syslinux-6.03/bios/com32/lib/libcom32core.a(close.o)
                0x0000000000106da6                close
 .text          0x0000000000106e2e       0x78 /home/wrsadmin/github/syslinux-6.03/bios/com32/lib/libcom32core.a(open.o)
                0x0000000000106e2e                open
 .text          0x0000000000106ea6      0x11e /home/wrsadmin/github/syslinux-6.03/bios/com32/lib/libcom32core.a(fileread.o)
                0x0000000000106ea6                __file_get_block
                0x0000000000106ef0                __file_read
 .text          0x0000000000106fc4       0x1e /home/wrsadmin/github/syslinux-6.03/bios/com32/lib/libcom32core.a(fileclose.o)
                0x0000000000106fc4                __file_close
 .text          0x0000000000106fe2       0x4e /home/wrsadmin/github/syslinux-6.03/bios/com32/lib/libcom32core.a(openmem.o)
                0x0000000000106fe2                openmem
 .text          0x0000000000107030       0x3a /home/wrsadmin/github/syslinux-6.03/bios/com32/lib/libcom32core.a(isatty.o)
                0x0000000000107030                isatty
 .text          0x000000000010706a       0x67 /home/wrsadmin/github/syslinux-6.03/bios/com32/lib/libcom32core.a(fstat.o)
                0x000000000010706a                fstat
 .text          0x00000000001070d1        0x0 /home/wrsadmin/github/syslinux-6.03/bios/com32/lib/libcom32core.a(dprintf.o)
 .text          0x00000000001070d1        0x0 /home/wrsadmin/github/syslinux-6.03/bios/com32/lib/libcom32core.a(vdprintf.o)
 .text          0x00000000001070d1       0x26 /home/wrsadmin/github/syslinux-6.03/bios/com32/lib/libcom32core.a(idle.o)
                0x00000000001070d1                syslinux_reset_idle
                0x00000000001070e4                syslinux_idle
 .text          0x00000000001070f7       0x68 /home/wrsadmin/github/syslinux-6.03/bios/com32/lib/libcom32core.a(exit.o)
                0x00000000001070f7                _exit
                0x0000000000107119                exit
                0x000000000010714e                _Exit
 .text          0x000000000010715f      0x868 /home/wrsadmin/github/syslinux-6.03/bios/com32/lib/libcom32core.a(common.o)
                0x000000000010715f                findpath
                0x0000000000107204                image_load
                0x0000000000107236                image_unload
                0x000000000010726d                image_read
                0x00000000001072a5                image_skip
                0x00000000001072fa                image_seek
                0x000000000010731e                modules_init
                0x0000000000107321                modules_term
                0x0000000000107322                module_alloc
                0x0000000000107399                module_dep_alloc
                0x00000000001073bd                module_find
                0x000000000010740a                check_header_common
                0x000000000010744e                enforce_dependency
                0x00000000001074bc                clear_dependency
                0x0000000000107524                module_unloadable
                0x0000000000107537                _module_unload
                0x00000000001075b9                module_unload
                0x00000000001075ed                unload_modules_since
                0x000000000010767f                module_find_symbol
                0x000000000010782d                check_symbols
                0x0000000000107937                global_find_symbol
 .text          0x00000000001079c7      0x415 /home/wrsadmin/github/syslinux-6.03/bios/com32/lib/libcom32core.a(elf_module.o)
                0x00000000001079c7                load_segments
                0x0000000000107c03                perform_relocation
                0x0000000000107cef                resolve_symbols
 .text          0x0000000000107ddc       0xde /home/wrsadmin/github/syslinux-6.03/bios/com32/lib/libcom32core.a(elfutils.o)
                0x0000000000107ddc                elf_hash
                0x0000000000107e27                elf_gnu_hash
                0x0000000000107e41                elf_malloc
                0x0000000000107ea4                elf_free
 .text          0x0000000000107eba      0x16b /home/wrsadmin/github/syslinux-6.03/bios/com32/lib/libcom32core.a(exec.o)
                0x0000000000107eba                get_module_type
                0x0000000000107ec8                spawn_load
                0x0000000000108012                exec_term
 .text          0x0000000000108025      0x470 /home/wrsadmin/github/syslinux-6.03/bios/com32/lib/libcom32core.a(elf_module.o)
                0x0000000000108025                undefined_symbol
                0x0000000000108041                module_load
 .text          0x0000000000108495      0x197 libisolinux.a(rawcon.o)
                0x0000000000108495                writechr
                0x0000000000108623                pm_writechr
 .text          0x000000000010862c      0x131 libisolinux.a(localboot.o)
                0x000000000010862c                local_boot
                0x0000000000108754                pm_local_boot
 .text          0x000000000010875d       0x5e libisolinux.a(isolinux-c.o)
                0x000000000010875d                get_derivative_info
 *(.text.*)
 .text.__x86.get_pc_thunk.ax
                0x00000000001087bb        0x4 libcom32.a(graphics.o)
                0x00000000001087bb                __x86.get_pc_thunk.ax
 .text.__x86.get_pc_thunk.bx
                0x00000000001087bf        0x4 libcom32.a(graphics.o)
                0x00000000001087bf                __x86.get_pc_thunk.bx
 .text.__x86.get_pc_thunk.dx
                0x00000000001087c3        0x4 libcom32.a(conio.o)
                0x00000000001087c3                __x86.get_pc_thunk.dx
 .text.__x86.get_pc_thunk.bp
                0x00000000001087c7        0x4 libcom32.a(diskio_bios.o)
                0x00000000001087c7                __x86.get_pc_thunk.bp
 .text.__x86.get_pc_thunk.cx
                0x00000000001087cb        0x4 libcom32.a(fs.o)
                0x00000000001087cb                __x86.get_pc_thunk.cx
 .text.__x86.get_pc_thunk.si
                0x00000000001087cf        0x4 libcom32.a(fs.o)
                0x00000000001087cf                __x86.get_pc_thunk.si
 .text.__x86.get_pc_thunk.di
                0x00000000001087d3        0x4 libcom32.a(fs.o)
                0x00000000001087d3                __x86.get_pc_thunk.di
                0x00000000001087d7                __text_end = .

.plt            0x00000000001087e0        0x0 load address 0x00000000000116d0
 .plt           0x00000000001087e0        0x0 isolinux.o

.plt.got        0x00000000001087d8        0x0 load address 0x00000000000116c8
 .plt.got       0x00000000001087d8        0x0 isolinux.o
                0x00000000001087e0                . = ALIGN (0x10)
                0x00000000001087e0                __rodata_vma = .
                0x00000000000116d0                __rodata_lma = ((__rodata_vma + __text_lma) - __text_vma)

.rodata         0x00000000001087e0      0x6c5 load address 0x00000000000116d0
                0x00000000001087e0                __rodata_start = .
 *(.rodata)
 .rodata        0x00000000001087e0        0xc isolinux.o
                0x00000000001087e8                __syslinux_shuffler_size
 .rodata        0x00000000001087ec        0x6 libcom32.a(sysappend.o)
 *fill*         0x00000000001087f2        0x2 
 .rodata        0x00000000001087f4        0xe libcom32.a(dmi.o)
 *fill*         0x0000000000108802        0x2 
 .rodata        0x0000000000108804       0x7d /home/wrsadmin/github/syslinux-6.03/bios/com32/lib/libcom32core.a(vsnprintf.o)
 *fill*         0x0000000000108881       0x1f 
 .rodata        0x00000000001088a0      0x101 /home/wrsadmin/github/syslinux-6.03/bios/com32/lib/libcom32core.a(ctypes.o)
                0x00000000001088a0                __ctypes
 *fill*         0x00000000001089a1        0x3 
 .rodata        0x00000000001089a4       0x24 /home/wrsadmin/github/syslinux-6.03/bios/com32/lib/libcom32core.a(elf_module.o)
 *(.rodata.*)
 .rodata.str1.1
                0x00000000001089c8        0x2 libcom32.a(conio.o)
 .rodata.str1.1
                0x00000000001089ca       0x81 libcom32.a(iso9660.o)
                                         0x95 (size before relaxing)
 .rodata.str1.1
                0x0000000000108a4b        0x7 libcom32.a(searchconfig.o)
                                          0xa (size before relaxing)
 .rodata.str1.1
                0x0000000000108a52       0x5b libcom32.a(diskio_bios.o)
 .rodata.str1.1
                0x0000000000108aad       0x41 libcom32.a(fs.o)
                                         0x46 (size before relaxing)
 .rodata.str1.1
                0x0000000000108aee        0x2 libcom32.a(chdir.o)
 .rodata.str1.1
                0x0000000000108aee       0x58 libcom32.a(hello.o)
                                         0x5a (size before relaxing)
 .rodata.str1.1
                0x0000000000108b46        0x2 libcom32.a(font.o)
 .rodata.str1.1
                0x0000000000108b46       0x5c libcom32.a(load_env32.o)
                                         0x90 (size before relaxing)
 .rodata.str1.1
                0x0000000000108ba2       0xd2 libcom32.a(bios.o)
 .rodata.str1.1
                0x0000000000108c74        0x5 libcom32.a(sysappend.o)
                                          0xc (size before relaxing)
 .rodata.str1.1
                0x0000000000108c79       0x30 libcom32.a(free.o)
 .rodata.str1.1
                0x0000000000108ca9       0x26 libcom32.a(susp_rr.o)
                                         0x2b (size before relaxing)
 .rodata.str1.1
                0x0000000000108ccf       0x9b libcom32.a(dmi.o)
 .rodata.str1.1
                0x0000000000108d6a        0x5 libcom32.a(root_thread.o)
 .rodata.str1.1
                0x0000000000108d6f        0x7 /home/wrsadmin/github/syslinux-6.03/bios/com32/lib/libcom32core.a(vsnprintf.o)
 .rodata.str1.1
                0x0000000000108d76        0x2 /home/wrsadmin/github/syslinux-6.03/bios/com32/lib/libcom32core.a(puts.o)
 .rodata.str1.1
                0x0000000000108d76       0x1a /home/wrsadmin/github/syslinux-6.03/bios/com32/lib/libcom32core.a(debug.o)
 .rodata.str1.1
                0x0000000000108d90       0x1a /home/wrsadmin/github/syslinux-6.03/bios/com32/lib/libcom32core.a(common.o)
                                         0x24 (size before relaxing)
 .rodata.str1.1
                0x0000000000108daa       0x11 /home/wrsadmin/github/syslinux-6.03/bios/com32/lib/libcom32core.a(elf_module.o)
 .rodata.str1.1
                0x0000000000108dbb       0xcf /home/wrsadmin/github/syslinux-6.03/bios/com32/lib/libcom32core.a(elf_module.o)
 .rodata.str1.1
                0x0000000000108e8a       0x1b libisolinux.a(localboot.o)
                0x0000000000108ea5                __rodata_end = .

.gnu.version_d  0x0000000000108ea8        0x0 load address 0x0000000000011d98
 .gnu.version_d
                0x0000000000108ea8        0x0 isolinux.o

.gnu.version    0x0000000000108ea6        0x0 load address 0x0000000000011d96
 .gnu.version   0x0000000000108ea6        0x0 isolinux.o

.gnu.version_r  0x0000000000108ea8        0x0 load address 0x0000000000011d98
 .gnu.version_r
                0x0000000000108ea8        0x0 isolinux.o
                0x0000000000108ea8                . = ALIGN (0x4)
                0x0000000000108ea8                __ctors_vma = .
                0x0000000000011d98                __ctors_lma = ((__ctors_vma + __text_lma) - __text_vma)

.ctors          0x0000000000108ea8        0x0 load address 0x0000000000011d98
                0x0000000000108ea8                __ctors_start = .
 *(SORT(.ctors.*))
 *(.ctors)
                0x0000000000108ea8                __ctors_end = .
                0x0000000000108ea8                __dtors_vma = .
                0x0000000000011d98                __dtors_lma = ((__dtors_vma + __text_lma) - __text_vma)

.dtors          0x0000000000108ea8        0x0 load address 0x0000000000011d98
                0x0000000000108ea8                __dtors_start = .
 *(SORT(.dtors.*))
 *(.dtors)
                0x0000000000108ea8                __dtors_end = .
                0x0000000000108ea8                . = ALIGN (0x4)
                0x0000000000108ea8                __dynsym_vma = .
                0x0000000000011d98                __dynsym_lma = ((__dynsym_vma + __text_lma) - __text_vma)

.dynsym         0x0000000000108ea8     0x18a0 load address 0x0000000000011d98
                0x0000000000108ea8                __dynsym_start = .
 *(.dynsym)
 .dynsym        0x0000000000108ea8     0x18a0 isolinux.o
                0x000000000010a748                __dynsym_end = .
                0x00000000000018a0                __dynsym_len = (__dynsym_end - __dynsym_start)
                0x000000000010a748                . = ALIGN (0x4)
                0x000000000010a748                __dynstr_vma = .
                0x0000000000013638                __dynstr_lma = ((__dynstr_vma + __text_lma) - __text_vma)

.dynstr         0x000000000010a748     0x124a load address 0x0000000000013638
                0x000000000010a748                __dynstr_start = .
 *(.dynstr)
 .dynstr        0x000000000010a748     0x124a isolinux.o
                0x000000000010b992                __dynstr_end = .
                0x000000000000124a                __dynstr_len = (__dynstr_end - __dynstr_start)
                0x000000000010b994                . = ALIGN (0x4)
                0x000000000010b994                __gnu_hash_vma = .
                0x0000000000014884                __gnu_hash_lma = ((__gnu_hash_vma + __text_lma) - __text_vma)

.gnu.hash       0x000000000010b994      0xb10 load address 0x0000000000014884
                0x000000000010b994                __gnu_hash_start = .
 *(.gnu.hash)
 .gnu.hash      0x000000000010b994      0xb10 isolinux.o
                0x000000000010c4a4                __gnu_hash_end = .

.rel.dyn        0x000000000010c4a4      0x618 load address 0x0000000000015394
 .rel.plt       0x000000000010c4a4        0x0 isolinux.o
 .rel.got       0x000000000010c4a4       0x30 isolinux.o
 .rel.bss       0x000000000010c4d4        0x0 isolinux.o
 .rel.data.rel.ro
                0x000000000010c4d4       0xd8 isolinux.o
 .rel.init      0x000000000010c5ac       0x18 isolinux.o
 .rel.text16    0x000000000010c5c4       0x80 isolinux.o
 .rel.textnr    0x000000000010c644       0x88 isolinux.o
 .rel.bcopyxx.text
                0x000000000010c6cc       0x28 isolinux.o
 .rel.bcopyxx.data
                0x000000000010c6f4        0x8 isolinux.o
 .rel.data16    0x000000000010c6fc       0x38 isolinux.o
 .rel.rodata    0x000000000010c734       0x10 isolinux.o
 .rel.text      0x000000000010c744       0x90 isolinux.o
 .rel.data      0x000000000010c7d4        0x8 isolinux.o
 .rel.prefix    0x000000000010c7dc       0x20 isolinux.o
 .rel.data.rel.local
                0x000000000010c7fc      0x140 isolinux.o
 .rel.data.rel  0x000000000010c93c       0xf0 isolinux.o
 .rel.data.rel.ro.local
                0x000000000010ca2c       0x90 isolinux.o
                0x000000000010cabc                . = ALIGN (0x4)
                0x000000000010cabc                __dynlink_vma = .
                0x00000000000159ac                __dynlink_lma = ((__dynlink_vma + __text_lma) - __text_vma)

.dynlink        0x000000000010cabc        0x0 load address 0x00000000000159ac
                0x000000000010cabc                __dynlink_start = .
 *(.dynlink)
                0x000000000010cabc                __dynlink_end = .
                0x000000000010cabc                . = ALIGN (0x4)
                0x000000000010cabc                __got_vma = .
                0x00000000000159ac                __got_lma = ((__got_vma + __text_lma) - __text_vma)

.got            0x000000000010cabc       0x24 load address 0x00000000000159ac
                0x000000000010cabc                __got_start = .
 *(.got.plt)
 .got.plt       0x000000000010cabc        0xc isolinux.o
                0x000000000010cabc                _GLOBAL_OFFSET_TABLE_
 *(.got)
 .got           0x000000000010cac8       0x18 isolinux.o
                0x000000000010cae0                __got_end = .
                0x000000000010cae0                . = ALIGN (0x4)
                0x000000000010cae0                __dynamic_vma = .
                0x00000000000159d0                __dynamic_lma = ((__dynamic_vma + __text_lma) - __text_vma)

.dynamic        0x000000000010cae0       0x98 load address 0x00000000000159d0
                0x000000000010cae0                __dynamic_start = .
 *(.dynamic)
 .dynamic       0x000000000010cae0       0x98 isolinux.o
                0x000000000010cae0                _DYNAMIC
                0x000000000010cb78                __dynamic_end = .
                0x000000000010cb80                . = ALIGN (0x10)
                0x000000000010cb80                __data_vma = .
                0x0000000000015a70                __data_lma = ((__data_vma + __text_lma) - __text_vma)

.data           0x000000000010cb80      0x6a8 load address 0x0000000000015a70
                0x000000000010cb80                __data_start = .
 *(.data)
 .data          0x000000000010cb80        0x8 isolinux.o
                0x000000000010cb80                __syslinux_adv_ptr
                0x000000000010cb84                __syslinux_adv_size
 .data          0x000000000010cb88       0x14 libcom32.a(graphics.o)
                0x000000000010cb9a                VGAFontSize
 .data          0x000000000010cb9c        0x0 libcom32.a(writehex.o)
 .data          0x000000000010cb9c        0x6 libcom32.a(conio.o)
                0x000000000010cb9c                ScrollAttribute
                0x000000000010cb9d                DisplayMask
                0x000000000010cb9e                DisplayCon
                0x000000000010cba0                BaudDivisor
 .data          0x000000000010cba2        0x0 libcom32.a(writestr.o)
 .data          0x000000000010cba2        0x0 libcom32.a(init.o)
 .data          0x000000000010cba2        0x0 libcom32.a(rllpack.o)
 .data          0x000000000010cba2        0x0 libcom32.a(iso9660.o)
 .data          0x000000000010cba2        0x0 libcom32.a(readdir.o)
 .data          0x000000000010cba2        0x0 libcom32.a(mangle.o)
 .data          0x000000000010cba2        0x0 libcom32.a(searchconfig.o)
 .data          0x000000000010cba2        0x0 libcom32.a(close.o)
 .data          0x000000000010cba2        0x0 libcom32.a(nonextextent.o)
 .data          0x000000000010cba2        0x0 libcom32.a(getfssec.o)
 .data          0x000000000010cba2        0x0 libcom32.a(cache.o)
 .data          0x000000000010cba2        0x0 libcom32.a(diskio.o)
 .data          0x000000000010cba2        0x0 libcom32.a(diskio_bios.o)
 .data          0x000000000010cba2        0x2 libcom32.a(fs.o)
 .data          0x000000000010cba4        0x0 libcom32.a(chdir.o)
 .data          0x000000000010cba4        0xe libcom32.a(hello.o)
 .data          0x000000000010cbb2        0x0 libcom32.a(errno.o)
 .data          0x000000000010cbb2        0x0 libcom32.a(cleanup.o)
 .data          0x000000000010cbb2        0x0 libcom32.a(pmapi.o)
 .data          0x000000000010cbb2        0x4 libcom32.a(font.o)
                0x000000000010cbb2                GXPixRows
                0x000000000010cbb4                GXPixCols
 .data          0x000000000010cbb6        0x0 libcom32.a(load_env32.o)
 .data          0x000000000010cbb6        0x0 libcom32.a(bios.o)
 .data          0x000000000010cbb6        0x0 libcom32.a(serirq.o)
 .data          0x000000000010cbb6        0x0 libcom32.a(init.o)
 .data          0x000000000010cbb6        0x0 libcom32.a(idle.o)
 .data          0x000000000010cbb6        0x0 libcom32.a(call16.o)
 .data          0x000000000010cbb6        0x0 libcom32.a(lzo1x_f2.o)
 *fill*         0x000000000010cbb6        0xa 
 .data          0x000000000010cbc0       0x6d libcom32.a(sysappend.o)
 .data          0x000000000010cc2d        0x0 libcom32.a(path.o)
 .data          0x000000000010cc2d        0x0 libcom32.a(malloc.o)
 .data          0x000000000010cc2d        0x0 libcom32.a(free.o)
 .data          0x000000000010cc2d        0x0 libcom32.a(kaboom.o)
 .data          0x000000000010cc2d        0x0 libcom32.a(susp_rr.o)
 .data          0x000000000010cc2d        0x0 libcom32.a(getcwd.o)
 *fill*         0x000000000010cc2d        0x3 
 .data          0x000000000010cc30       0x18 libcom32.a(dmi.o)
 .data          0x000000000010cc48        0x0 libcom32.a(sem_asm.o)
 .data          0x000000000010cc48        0x0 libcom32.a(semaphore.o)
 .data          0x000000000010cc48        0x0 libcom32.a(schedule.o)
 .data          0x000000000010cc48        0x0 libcom32.a(root_thread.o)
 .data          0x000000000010cc48        0x0 libcom32.a(thread_asm.o)
 .data          0x000000000010cc48        0x0 libcom32.a(exit_thread.o)
 .data          0x000000000010cc48        0x0 /home/wrsadmin/github/syslinux-6.03/bios/com32/lib/libcom32core.a(memcpy.o)
 .data          0x000000000010cc48        0x0 /home/wrsadmin/github/syslinux-6.03/bios/com32/lib/libcom32core.a(memset.o)
 .data          0x000000000010cc48        0x0 /home/wrsadmin/github/syslinux-6.03/bios/com32/lib/libcom32core.a(memcmp.o)
 .data          0x000000000010cc48        0x0 /home/wrsadmin/github/syslinux-6.03/bios/com32/lib/libcom32core.a(printf.o)
 .data          0x000000000010cc48        0x0 /home/wrsadmin/github/syslinux-6.03/bios/com32/lib/libcom32core.a(strncmp.o)
 .data          0x000000000010cc48        0x0 /home/wrsadmin/github/syslinux-6.03/bios/com32/lib/libcom32core.a(vfprintf.o)
 .data          0x000000000010cc48        0x0 /home/wrsadmin/github/syslinux-6.03/bios/com32/lib/libcom32core.a(strlen.o)
 .data          0x000000000010cc48        0x0 /home/wrsadmin/github/syslinux-6.03/bios/com32/lib/libcom32core.a(vsnprintf.o)
 .data          0x000000000010cc48        0x0 /home/wrsadmin/github/syslinux-6.03/bios/com32/lib/libcom32core.a(snprintf.o)
 .data          0x000000000010cc48        0x0 /home/wrsadmin/github/syslinux-6.03/bios/com32/lib/libcom32core.a(stpcpy.o)
 .data          0x000000000010cc48        0x0 /home/wrsadmin/github/syslinux-6.03/bios/com32/lib/libcom32core.a(strcmp.o)
 .data          0x000000000010cc48        0x0 /home/wrsadmin/github/syslinux-6.03/bios/com32/lib/libcom32core.a(strdup.o)
 .data          0x000000000010cc48        0x0 /home/wrsadmin/github/syslinux-6.03/bios/com32/lib/libcom32core.a(strcpy.o)
 .data          0x000000000010cc48        0x0 /home/wrsadmin/github/syslinux-6.03/bios/com32/lib/libcom32core.a(strncpy.o)
 .data          0x000000000010cc48        0x0 /home/wrsadmin/github/syslinux-6.03/bios/com32/lib/libcom32core.a(setjmp.o)
 .data          0x000000000010cc48        0x0 /home/wrsadmin/github/syslinux-6.03/bios/com32/lib/libcom32core.a(fopen.o)
 .data          0x000000000010cc48        0x0 /home/wrsadmin/github/syslinux-6.03/bios/com32/lib/libcom32core.a(fread.o)
 .data          0x000000000010cc48        0x0 /home/wrsadmin/github/syslinux-6.03/bios/com32/lib/libcom32core.a(fread2.o)
 .data          0x000000000010cc48        0x0 /home/wrsadmin/github/syslinux-6.03/bios/com32/lib/libcom32core.a(puts.o)
 .data          0x000000000010cc48        0x0 /home/wrsadmin/github/syslinux-6.03/bios/com32/lib/libcom32core.a(strtoul.o)
 .data          0x000000000010cc48        0x0 /home/wrsadmin/github/syslinux-6.03/bios/com32/lib/libcom32core.a(strntoumax.o)
 .data          0x000000000010cc48        0x0 /home/wrsadmin/github/syslinux-6.03/bios/com32/lib/libcom32core.a(strcasecmp.o)
 .data          0x000000000010cc48        0x0 /home/wrsadmin/github/syslinux-6.03/bios/com32/lib/libcom32core.a(sprintf.o)
 .data          0x000000000010cc48        0x0 /home/wrsadmin/github/syslinux-6.03/bios/com32/lib/libcom32core.a(strlcat.o)
 .data          0x000000000010cc48        0x0 /home/wrsadmin/github/syslinux-6.03/bios/com32/lib/libcom32core.a(strchr.o)
 .data          0x000000000010cc48        0x0 /home/wrsadmin/github/syslinux-6.03/bios/com32/lib/libcom32core.a(strlcpy.o)
 .data          0x000000000010cc48        0x0 /home/wrsadmin/github/syslinux-6.03/bios/com32/lib/libcom32core.a(strncasecmp.o)
 .data          0x000000000010cc48        0x0 /home/wrsadmin/github/syslinux-6.03/bios/com32/lib/libcom32core.a(ctypes.o)
 .data          0x000000000010cc48        0x0 /home/wrsadmin/github/syslinux-6.03/bios/com32/lib/libcom32core.a(fputs.o)
 .data          0x000000000010cc48        0x0 /home/wrsadmin/github/syslinux-6.03/bios/com32/lib/libcom32core.a(fwrite2.o)
 .data          0x000000000010cc48        0x0 /home/wrsadmin/github/syslinux-6.03/bios/com32/lib/libcom32core.a(fwrite.o)
 .data          0x000000000010cc48        0x0 /home/wrsadmin/github/syslinux-6.03/bios/com32/lib/libcom32core.a(fgetc.o)
 .data          0x000000000010cc48        0x0 /home/wrsadmin/github/syslinux-6.03/bios/com32/lib/libcom32core.a(fclose.o)
 .data          0x000000000010cc48        0x0 /home/wrsadmin/github/syslinux-6.03/bios/com32/lib/libcom32core.a(lmalloc.o)
 .data          0x000000000010cc48        0x0 /home/wrsadmin/github/syslinux-6.03/bios/com32/lib/libcom32core.a(err_read.o)
 .data          0x000000000010cc48        0x0 /home/wrsadmin/github/syslinux-6.03/bios/com32/lib/libcom32core.a(err_write.o)
 .data          0x000000000010cc48        0x0 /home/wrsadmin/github/syslinux-6.03/bios/com32/lib/libcom32core.a(null_read.o)
 .data          0x000000000010cc48        0x0 /home/wrsadmin/github/syslinux-6.03/bios/com32/lib/libcom32core.a(stdcon_write.o)
 .data          0x000000000010cc48        0x0 /home/wrsadmin/github/syslinux-6.03/bios/com32/lib/libcom32core.a(memscan.o)
 .data          0x000000000010cc48        0x0 /home/wrsadmin/github/syslinux-6.03/bios/com32/lib/libcom32core.a(strrchr.o)
 .data          0x000000000010cc48        0x0 /home/wrsadmin/github/syslinux-6.03/bios/com32/lib/libcom32core.a(strcat.o)
 .data          0x000000000010cc48        0x0 /home/wrsadmin/github/syslinux-6.03/bios/com32/lib/libcom32core.a(__ashldi3.o)
 .data          0x000000000010cc48        0x0 /home/wrsadmin/github/syslinux-6.03/bios/com32/lib/libcom32core.a(__udivdi3.o)
 .data          0x000000000010cc48        0x0 /home/wrsadmin/github/syslinux-6.03/bios/com32/lib/libcom32core.a(__negdi2.o)
 .data          0x000000000010cc48        0x0 /home/wrsadmin/github/syslinux-6.03/bios/com32/lib/libcom32core.a(__ashrdi3.o)
 .data          0x000000000010cc48        0x0 /home/wrsadmin/github/syslinux-6.03/bios/com32/lib/libcom32core.a(__lshrdi3.o)
 .data          0x000000000010cc48        0x0 /home/wrsadmin/github/syslinux-6.03/bios/com32/lib/libcom32core.a(__muldi3.o)
 .data          0x000000000010cc48        0x0 /home/wrsadmin/github/syslinux-6.03/bios/com32/lib/libcom32core.a(__udivmoddi4.o)
 .data          0x000000000010cc48        0x0 /home/wrsadmin/github/syslinux-6.03/bios/com32/lib/libcom32core.a(__umoddi3.o)
 .data          0x000000000010cc48        0x0 /home/wrsadmin/github/syslinux-6.03/bios/com32/lib/libcom32core.a(__divdi3.o)
 .data          0x000000000010cc48        0x0 /home/wrsadmin/github/syslinux-6.03/bios/com32/lib/libcom32core.a(__moddi3.o)
 .data          0x000000000010cc48        0x0 /home/wrsadmin/github/syslinux-6.03/bios/com32/lib/libcom32core.a(debug.o)
 .data          0x000000000010cc48        0x0 /home/wrsadmin/github/syslinux-6.03/bios/com32/lib/libcom32core.a(intcall.o)
 .data          0x000000000010cc48        0x0 /home/wrsadmin/github/syslinux-6.03/bios/com32/lib/libcom32core.a(farcall.o)
 .data          0x000000000010cc48        0x0 /home/wrsadmin/github/syslinux-6.03/bios/com32/lib/libcom32core.a(cfarcall.o)
 .data          0x000000000010cc48        0x0 /home/wrsadmin/github/syslinux-6.03/bios/com32/lib/libcom32core.a(zeroregs.o)
 .data          0x000000000010cc48        0x0 /home/wrsadmin/github/syslinux-6.03/bios/com32/lib/libcom32core.a(argv.o)
 .data          0x000000000010cc48        0x0 /home/wrsadmin/github/syslinux-6.03/bios/com32/lib/libcom32core.a(sleep.o)
 .data          0x000000000010cc48        0x0 /home/wrsadmin/github/syslinux-6.03/bios/com32/lib/libcom32core.a(fileinfo.o)
 .data          0x000000000010cc48        0x0 /home/wrsadmin/github/syslinux-6.03/bios/com32/lib/libcom32core.a(opendev.o)
 .data          0x000000000010cc48        0x0 /home/wrsadmin/github/syslinux-6.03/bios/com32/lib/libcom32core.a(read.o)
 .data          0x000000000010cc48        0x0 /home/wrsadmin/github/syslinux-6.03/bios/com32/lib/libcom32core.a(write.o)
 .data          0x000000000010cc48        0x0 /home/wrsadmin/github/syslinux-6.03/bios/com32/lib/libcom32core.a(ftell.o)
 .data          0x000000000010cc48        0x0 /home/wrsadmin/github/syslinux-6.03/bios/com32/lib/libcom32core.a(close.o)
 .data          0x000000000010cc48        0x0 /home/wrsadmin/github/syslinux-6.03/bios/com32/lib/libcom32core.a(open.o)
 .data          0x000000000010cc48        0x0 /home/wrsadmin/github/syslinux-6.03/bios/com32/lib/libcom32core.a(fileread.o)
 .data          0x000000000010cc48        0x0 /home/wrsadmin/github/syslinux-6.03/bios/com32/lib/libcom32core.a(fileclose.o)
 .data          0x000000000010cc48        0x0 /home/wrsadmin/github/syslinux-6.03/bios/com32/lib/libcom32core.a(openmem.o)
 .data          0x000000000010cc48        0x0 /home/wrsadmin/github/syslinux-6.03/bios/com32/lib/libcom32core.a(isatty.o)
 .data          0x000000000010cc48        0x0 /home/wrsadmin/github/syslinux-6.03/bios/com32/lib/libcom32core.a(fstat.o)
 .data          0x000000000010cc48        0x0 /home/wrsadmin/github/syslinux-6.03/bios/com32/lib/libcom32core.a(dprintf.o)
 .data          0x000000000010cc48        0x0 /home/wrsadmin/github/syslinux-6.03/bios/com32/lib/libcom32core.a(vdprintf.o)
 .data          0x000000000010cc48        0x0 /home/wrsadmin/github/syslinux-6.03/bios/com32/lib/libcom32core.a(idle.o)
 .data          0x000000000010cc48        0x0 /home/wrsadmin/github/syslinux-6.03/bios/com32/lib/libcom32core.a(exit.o)
 .data          0x000000000010cc48        0x0 /home/wrsadmin/github/syslinux-6.03/bios/com32/lib/libcom32core.a(common.o)
 .data          0x000000000010cc48        0x0 /home/wrsadmin/github/syslinux-6.03/bios/com32/lib/libcom32core.a(elf_module.o)
 .data          0x000000000010cc48        0x0 /home/wrsadmin/github/syslinux-6.03/bios/com32/lib/libcom32core.a(elfutils.o)
 .data          0x000000000010cc48        0x0 /home/wrsadmin/github/syslinux-6.03/bios/com32/lib/libcom32core.a(exec.o)
 .data          0x000000000010cc48        0x0 /home/wrsadmin/github/syslinux-6.03/bios/com32/lib/libcom32core.a(elf_module.o)
 .data          0x000000000010cc48        0x0 libisolinux.a(rawcon.o)
 .data          0x000000000010cc48        0x0 libisolinux.a(localboot.o)
 .data          0x000000000010cc48        0x0 libisolinux.a(isolinux-c.o)
 *(.data.*)
 .data.rel.ro   0x000000000010cc48        0x0 isolinux.o
 .data.rel.local
                0x000000000010cc48       0x24 libcom32.a(iso9660.o)
 *fill*         0x000000000010cc6c       0x14 
 .data.rel.ro   0x000000000010cc80       0x48 libcom32.a(iso9660.o)
                0x000000000010cc80                iso_fs_ops
 *fill*         0x000000000010ccc8       0x18 
 .data.rel.ro   0x000000000010cce0       0x44 libcom32.a(pmapi.o)
                0x000000000010cce0                pm_api_vector
 .data.rel.local
                0x000000000010cd24       0x20 libcom32.a(load_env32.o)
 *fill*         0x000000000010cd44       0x1c 
 .data.rel      0x000000000010cd60      0x278 libcom32.a(load_env32.o)
                0x000000000010cd60                core_module
 *fill*         0x000000000010cfd8        0x8 
 .data.rel      0x000000000010cfe0       0x44 libcom32.a(bios.o)
                0x000000000010cfe0                bios_fw
                0x000000000010d00c                bios_mem_ops
                0x000000000010d018                bios_input_ops
 *fill*         0x000000000010d024       0x1c 
 .data.rel.local
                0x000000000010d040       0x44 libcom32.a(bios.o)
                0x000000000010d04c                bios_vesa_ops
                0x000000000010d058                bios_adv_ops
                0x000000000010d060                bios_output_ops
 .data.rel.local
                0x000000000010d084        0x8 libcom32.a(serirq.o)
                0x000000000010d084                SerialTail
                0x000000000010d088                SerialHead
 .data.rel.local
                0x000000000010d08c        0x8 libcom32.a(path.o)
                0x000000000010d08c                PATH
 .data.rel.local
                0x000000000010d094        0xc libcom32.a(malloc.o)
                0x000000000010d094                __malloc_semaphore
 .data.rel.ro.local
                0x000000000010d0a0       0xa8 libcom32.a(dmi.o)
 *fill*         0x000000000010d148       0x18 
 .data.rel.local
                0x000000000010d160       0x48 libcom32.a(root_thread.o)
                0x000000000010d160                __current
                0x000000000010d180                __root_thread
 .data.rel.ro.local
                0x000000000010d1a8       0x14 /home/wrsadmin/github/syslinux-6.03/bios/com32/lib/libcom32core.a(err_read.o)
                0x000000000010d1a8                dev_error_r
 .data.rel.ro.local
                0x000000000010d1bc       0x18 /home/wrsadmin/github/syslinux-6.03/bios/com32/lib/libcom32core.a(err_write.o)
                0x000000000010d1bc                dev_error_w
 .data.rel.ro.local
                0x000000000010d1d4       0x14 /home/wrsadmin/github/syslinux-6.03/bios/com32/lib/libcom32core.a(null_read.o)
                0x000000000010d1d4                dev_null_r
 .data.rel.ro.local
                0x000000000010d1e8       0x18 /home/wrsadmin/github/syslinux-6.03/bios/com32/lib/libcom32core.a(stdcon_write.o)
                0x000000000010d1e8                dev_stdcon_w
 .data.rel.local
                0x000000000010d200        0x8 /home/wrsadmin/github/syslinux-6.03/bios/com32/lib/libcom32core.a(memscan.o)
 .data.rel      0x000000000010d208        0x4 /home/wrsadmin/github/syslinux-6.03/bios/com32/lib/libcom32core.a(argv.o)
                0x000000000010d208                __mem_end
 .data.rel.ro   0x000000000010d20c       0x14 /home/wrsadmin/github/syslinux-6.03/bios/com32/lib/libcom32core.a(open.o)
                0x000000000010d20c                __file_dev
 .data.rel      0x000000000010d220        0x8 /home/wrsadmin/github/syslinux-6.03/bios/com32/lib/libcom32core.a(common.o)
                0x000000000010d220                modules_head
                0x000000000010d228                __data_end = .
                0x000000000010d228                __pm_code_end = .
                0x000000000000d228                __pm_code_len = (ABSOLUTE (__pm_code_end) - ABSOLUTE (__pm_code_start))
                0x000000000000348a                __pm_code_dwords = ((__pm_code_len + 0x3) >> 0x2)
                0x000000000010d280                . = ALIGN (0x80)
                0x000000000010d280                __bss_vma = .
                0x000000000010d280                __bss_lma = .

.bss            0x000000000010d280   0x203dd8
                0x000000000010d280                __bss_start = .
 *(.bss)
 .bss           0x000000000010d280      0x470 libcom32.a(graphics.o)
                0x000000000010d280                UsingVGA
 .bss           0x000000000010d6f0        0x0 libcom32.a(writehex.o)
 .bss           0x000000000010d6f0        0x6 libcom32.a(conio.o)
                0x000000000010d6f0                FlowOutput
                0x000000000010d6f1                FlowIgnore
                0x000000000010d6f2                FlowInput
                0x000000000010d6f4                SerialPort
 .bss           0x000000000010d6f6        0x0 libcom32.a(writestr.o)
 .bss           0x000000000010d6f6        0x0 libcom32.a(init.o)
 .bss           0x000000000010d6f6        0x0 libcom32.a(rllpack.o)
 .bss           0x000000000010d6f6        0x0 libcom32.a(iso9660.o)
 *fill*         0x000000000010d6f6        0xa 
 .bss           0x000000000010d700      0x10c libcom32.a(readdir.o)
 .bss           0x000000000010d80c        0x0 libcom32.a(mangle.o)
 .bss           0x000000000010d80c        0x0 libcom32.a(searchconfig.o)
 .bss           0x000000000010d80c        0x0 libcom32.a(close.o)
 .bss           0x000000000010d80c        0x0 libcom32.a(nonextextent.o)
 .bss           0x000000000010d80c        0x0 libcom32.a(getfssec.o)
 .bss           0x000000000010d80c        0x0 libcom32.a(cache.o)
 .bss           0x000000000010d80c       0x18 libcom32.a(diskio.o)
 *fill*         0x000000000010d824       0x1c 
 .bss           0x000000000010d840       0x50 libcom32.a(diskio_bios.o)
 *fill*         0x000000000010d890       0x10 
 .bss           0x000000000010d8a0      0x144 libcom32.a(fs.o)
                0x000000000010d8a0                this_fs
 .bss           0x000000000010d9e4        0x0 libcom32.a(chdir.o)
 .bss           0x000000000010d9e4        0x0 libcom32.a(hello.o)
 .bss           0x000000000010d9e4        0x0 libcom32.a(errno.o)
 .bss           0x000000000010d9e4        0x0 libcom32.a(cleanup.o)
 .bss           0x000000000010d9e4        0x0 libcom32.a(pmapi.o)
 .bss           0x000000000010d9e4        0x1 libcom32.a(font.o)
                0x000000000010d9e4                UserFont
 *fill*         0x000000000010d9e5        0x3 
 .bss           0x000000000010d9e8        0x4 libcom32.a(load_env32.o)
 *fill*         0x000000000010d9ec       0x14 
 .bss           0x000000000010da00      0x28e libcom32.a(bios.o)
                0x000000000010da00                firmware
 *fill*         0x000000000010dc8e       0x12 
 .bss           0x000000000010dca0     0x1060 libcom32.a(serirq.o)
 .bss           0x000000000010ed00        0x0 libcom32.a(init.o)
 .bss           0x000000000010ed00        0x8 libcom32.a(idle.o)
                0x000000000010ed00                NoHalt
 .bss           0x000000000010ed08        0x0 libcom32.a(call16.o)
 .bss           0x000000000010ed08        0x0 libcom32.a(lzo1x_f2.o)
 .bss           0x000000000010ed08        0x0 libcom32.a(sysappend.o)
 .bss           0x000000000010ed08        0x0 libcom32.a(path.o)
 .bss           0x000000000010ed08        0x0 libcom32.a(malloc.o)
 .bss           0x000000000010ed08        0x0 libcom32.a(free.o)
 .bss           0x000000000010ed08        0x0 libcom32.a(kaboom.o)
 .bss           0x000000000010ed08        0x0 libcom32.a(susp_rr.o)
 .bss           0x000000000010ed08        0x0 libcom32.a(getcwd.o)
 .bss           0x000000000010ed08        0x4 libcom32.a(dmi.o)
 .bss           0x000000000010ed0c        0x0 libcom32.a(sem_asm.o)
 .bss           0x000000000010ed0c        0x0 libcom32.a(semaphore.o)
 .bss           0x000000000010ed0c        0x1 libcom32.a(schedule.o)
 .bss           0x000000000010ed0d        0x0 libcom32.a(root_thread.o)
 .bss           0x000000000010ed0d        0x0 libcom32.a(thread_asm.o)
 .bss           0x000000000010ed0d        0x0 libcom32.a(exit_thread.o)
 .bss           0x000000000010ed0d        0x0 /home/wrsadmin/github/syslinux-6.03/bios/com32/lib/libcom32core.a(memcpy.o)
 .bss           0x000000000010ed0d        0x0 /home/wrsadmin/github/syslinux-6.03/bios/com32/lib/libcom32core.a(memset.o)
 .bss           0x000000000010ed0d        0x0 /home/wrsadmin/github/syslinux-6.03/bios/com32/lib/libcom32core.a(memcmp.o)
 .bss           0x000000000010ed0d        0x0 /home/wrsadmin/github/syslinux-6.03/bios/com32/lib/libcom32core.a(printf.o)
 .bss           0x000000000010ed0d        0x0 /home/wrsadmin/github/syslinux-6.03/bios/com32/lib/libcom32core.a(strncmp.o)
 .bss           0x000000000010ed0d        0x0 /home/wrsadmin/github/syslinux-6.03/bios/com32/lib/libcom32core.a(vfprintf.o)
 .bss           0x000000000010ed0d        0x0 /home/wrsadmin/github/syslinux-6.03/bios/com32/lib/libcom32core.a(strlen.o)
 .bss           0x000000000010ed0d        0x0 /home/wrsadmin/github/syslinux-6.03/bios/com32/lib/libcom32core.a(vsnprintf.o)
 .bss           0x000000000010ed0d        0x0 /home/wrsadmin/github/syslinux-6.03/bios/com32/lib/libcom32core.a(snprintf.o)
 .bss           0x000000000010ed0d        0x0 /home/wrsadmin/github/syslinux-6.03/bios/com32/lib/libcom32core.a(stpcpy.o)
 .bss           0x000000000010ed0d        0x0 /home/wrsadmin/github/syslinux-6.03/bios/com32/lib/libcom32core.a(strcmp.o)
 .bss           0x000000000010ed0d        0x0 /home/wrsadmin/github/syslinux-6.03/bios/com32/lib/libcom32core.a(strdup.o)
 .bss           0x000000000010ed0d        0x0 /home/wrsadmin/github/syslinux-6.03/bios/com32/lib/libcom32core.a(strcpy.o)
 .bss           0x000000000010ed0d        0x0 /home/wrsadmin/github/syslinux-6.03/bios/com32/lib/libcom32core.a(strncpy.o)
 .bss           0x000000000010ed0d        0x0 /home/wrsadmin/github/syslinux-6.03/bios/com32/lib/libcom32core.a(setjmp.o)
 .bss           0x000000000010ed0d        0x0 /home/wrsadmin/github/syslinux-6.03/bios/com32/lib/libcom32core.a(fopen.o)
 .bss           0x000000000010ed0d        0x0 /home/wrsadmin/github/syslinux-6.03/bios/com32/lib/libcom32core.a(fread.o)
 .bss           0x000000000010ed0d        0x0 /home/wrsadmin/github/syslinux-6.03/bios/com32/lib/libcom32core.a(fread2.o)
 .bss           0x000000000010ed0d        0x0 /home/wrsadmin/github/syslinux-6.03/bios/com32/lib/libcom32core.a(puts.o)
 .bss           0x000000000010ed0d        0x0 /home/wrsadmin/github/syslinux-6.03/bios/com32/lib/libcom32core.a(strtoul.o)
 .bss           0x000000000010ed0d        0x0 /home/wrsadmin/github/syslinux-6.03/bios/com32/lib/libcom32core.a(strntoumax.o)
 .bss           0x000000000010ed0d        0x0 /home/wrsadmin/github/syslinux-6.03/bios/com32/lib/libcom32core.a(strcasecmp.o)
 .bss           0x000000000010ed0d        0x0 /home/wrsadmin/github/syslinux-6.03/bios/com32/lib/libcom32core.a(sprintf.o)
 .bss           0x000000000010ed0d        0x0 /home/wrsadmin/github/syslinux-6.03/bios/com32/lib/libcom32core.a(strlcat.o)
 .bss           0x000000000010ed0d        0x0 /home/wrsadmin/github/syslinux-6.03/bios/com32/lib/libcom32core.a(strchr.o)
 .bss           0x000000000010ed0d        0x0 /home/wrsadmin/github/syslinux-6.03/bios/com32/lib/libcom32core.a(strlcpy.o)
 .bss           0x000000000010ed0d        0x0 /home/wrsadmin/github/syslinux-6.03/bios/com32/lib/libcom32core.a(strncasecmp.o)
 .bss           0x000000000010ed0d        0x0 /home/wrsadmin/github/syslinux-6.03/bios/com32/lib/libcom32core.a(ctypes.o)
 .bss           0x000000000010ed0d        0x0 /home/wrsadmin/github/syslinux-6.03/bios/com32/lib/libcom32core.a(fputs.o)
 .bss           0x000000000010ed0d        0x0 /home/wrsadmin/github/syslinux-6.03/bios/com32/lib/libcom32core.a(fwrite2.o)
 .bss           0x000000000010ed0d        0x0 /home/wrsadmin/github/syslinux-6.03/bios/com32/lib/libcom32core.a(fwrite.o)
 .bss           0x000000000010ed0d        0x0 /home/wrsadmin/github/syslinux-6.03/bios/com32/lib/libcom32core.a(fgetc.o)
 .bss           0x000000000010ed0d        0x0 /home/wrsadmin/github/syslinux-6.03/bios/com32/lib/libcom32core.a(fclose.o)
 .bss           0x000000000010ed0d        0x0 /home/wrsadmin/github/syslinux-6.03/bios/com32/lib/libcom32core.a(lmalloc.o)
 .bss           0x000000000010ed0d        0x0 /home/wrsadmin/github/syslinux-6.03/bios/com32/lib/libcom32core.a(err_read.o)
 .bss           0x000000000010ed0d        0x0 /home/wrsadmin/github/syslinux-6.03/bios/com32/lib/libcom32core.a(err_write.o)
 .bss           0x000000000010ed0d        0x0 /home/wrsadmin/github/syslinux-6.03/bios/com32/lib/libcom32core.a(null_read.o)
 .bss           0x000000000010ed0d        0x0 /home/wrsadmin/github/syslinux-6.03/bios/com32/lib/libcom32core.a(stdcon_write.o)
 .bss           0x000000000010ed0d        0x0 /home/wrsadmin/github/syslinux-6.03/bios/com32/lib/libcom32core.a(memscan.o)
 .bss           0x000000000010ed0d        0x0 /home/wrsadmin/github/syslinux-6.03/bios/com32/lib/libcom32core.a(strrchr.o)
 .bss           0x000000000010ed0d        0x0 /home/wrsadmin/github/syslinux-6.03/bios/com32/lib/libcom32core.a(strcat.o)
 .bss           0x000000000010ed0d        0x0 /home/wrsadmin/github/syslinux-6.03/bios/com32/lib/libcom32core.a(__ashldi3.o)
 .bss           0x000000000010ed0d        0x0 /home/wrsadmin/github/syslinux-6.03/bios/com32/lib/libcom32core.a(__udivdi3.o)
 .bss           0x000000000010ed0d        0x0 /home/wrsadmin/github/syslinux-6.03/bios/com32/lib/libcom32core.a(__negdi2.o)
 .bss           0x000000000010ed0d        0x0 /home/wrsadmin/github/syslinux-6.03/bios/com32/lib/libcom32core.a(__ashrdi3.o)
 .bss           0x000000000010ed0d        0x0 /home/wrsadmin/github/syslinux-6.03/bios/com32/lib/libcom32core.a(__lshrdi3.o)
 .bss           0x000000000010ed0d        0x0 /home/wrsadmin/github/syslinux-6.03/bios/com32/lib/libcom32core.a(__muldi3.o)
 .bss           0x000000000010ed0d        0x0 /home/wrsadmin/github/syslinux-6.03/bios/com32/lib/libcom32core.a(__udivmoddi4.o)
 .bss           0x000000000010ed0d        0x0 /home/wrsadmin/github/syslinux-6.03/bios/com32/lib/libcom32core.a(__umoddi3.o)
 .bss           0x000000000010ed0d        0x0 /home/wrsadmin/github/syslinux-6.03/bios/com32/lib/libcom32core.a(__divdi3.o)
 .bss           0x000000000010ed0d        0x0 /home/wrsadmin/github/syslinux-6.03/bios/com32/lib/libcom32core.a(__moddi3.o)
 .bss           0x000000000010ed0d        0x0 /home/wrsadmin/github/syslinux-6.03/bios/com32/lib/libcom32core.a(debug.o)
 .bss           0x000000000010ed0d        0x0 /home/wrsadmin/github/syslinux-6.03/bios/com32/lib/libcom32core.a(intcall.o)
 .bss           0x000000000010ed0d        0x0 /home/wrsadmin/github/syslinux-6.03/bios/com32/lib/libcom32core.a(farcall.o)
 .bss           0x000000000010ed0d        0x0 /home/wrsadmin/github/syslinux-6.03/bios/com32/lib/libcom32core.a(cfarcall.o)
 .bss           0x000000000010ed0d        0x0 /home/wrsadmin/github/syslinux-6.03/bios/com32/lib/libcom32core.a(zeroregs.o)
 .bss           0x000000000010ed0d        0x0 /home/wrsadmin/github/syslinux-6.03/bios/com32/lib/libcom32core.a(argv.o)
 .bss           0x000000000010ed0d        0x0 /home/wrsadmin/github/syslinux-6.03/bios/com32/lib/libcom32core.a(sleep.o)
 .bss           0x000000000010ed0d        0x0 /home/wrsadmin/github/syslinux-6.03/bios/com32/lib/libcom32core.a(fileinfo.o)
 .bss           0x000000000010ed0d        0x0 /home/wrsadmin/github/syslinux-6.03/bios/com32/lib/libcom32core.a(opendev.o)
 .bss           0x000000000010ed0d        0x0 /home/wrsadmin/github/syslinux-6.03/bios/com32/lib/libcom32core.a(read.o)
 .bss           0x000000000010ed0d        0x0 /home/wrsadmin/github/syslinux-6.03/bios/com32/lib/libcom32core.a(write.o)
 .bss           0x000000000010ed0d        0x0 /home/wrsadmin/github/syslinux-6.03/bios/com32/lib/libcom32core.a(ftell.o)
 .bss           0x000000000010ed0d        0x0 /home/wrsadmin/github/syslinux-6.03/bios/com32/lib/libcom32core.a(close.o)
 .bss           0x000000000010ed0d        0x0 /home/wrsadmin/github/syslinux-6.03/bios/com32/lib/libcom32core.a(open.o)
 .bss           0x000000000010ed0d        0x0 /home/wrsadmin/github/syslinux-6.03/bios/com32/lib/libcom32core.a(fileread.o)
 .bss           0x000000000010ed0d        0x0 /home/wrsadmin/github/syslinux-6.03/bios/com32/lib/libcom32core.a(fileclose.o)
 .bss           0x000000000010ed0d        0x0 /home/wrsadmin/github/syslinux-6.03/bios/com32/lib/libcom32core.a(openmem.o)
 .bss           0x000000000010ed0d        0x0 /home/wrsadmin/github/syslinux-6.03/bios/com32/lib/libcom32core.a(isatty.o)
 .bss           0x000000000010ed0d        0x0 /home/wrsadmin/github/syslinux-6.03/bios/com32/lib/libcom32core.a(fstat.o)
 .bss           0x000000000010ed0d        0x0 /home/wrsadmin/github/syslinux-6.03/bios/com32/lib/libcom32core.a(dprintf.o)
 .bss           0x000000000010ed0d        0x0 /home/wrsadmin/github/syslinux-6.03/bios/com32/lib/libcom32core.a(vdprintf.o)
 .bss           0x000000000010ed0d        0x0 /home/wrsadmin/github/syslinux-6.03/bios/com32/lib/libcom32core.a(idle.o)
 .bss           0x000000000010ed0d        0x0 /home/wrsadmin/github/syslinux-6.03/bios/com32/lib/libcom32core.a(exit.o)
 .bss           0x000000000010ed0d        0x0 /home/wrsadmin/github/syslinux-6.03/bios/com32/lib/libcom32core.a(common.o)
 .bss           0x000000000010ed0d        0x0 /home/wrsadmin/github/syslinux-6.03/bios/com32/lib/libcom32core.a(elf_module.o)
 .bss           0x000000000010ed0d        0x0 /home/wrsadmin/github/syslinux-6.03/bios/com32/lib/libcom32core.a(elfutils.o)
 *fill*         0x000000000010ed0d        0x3 
 .bss           0x000000000010ed10        0x4 /home/wrsadmin/github/syslinux-6.03/bios/com32/lib/libcom32core.a(exec.o)
                0x000000000010ed10                __syslinux_current
 .bss           0x000000000010ed14        0x0 /home/wrsadmin/github/syslinux-6.03/bios/com32/lib/libcom32core.a(elf_module.o)
 .bss           0x000000000010ed14        0x0 libisolinux.a(rawcon.o)
 .bss           0x000000000010ed14        0x0 libisolinux.a(localboot.o)
 .bss           0x000000000010ed14        0x0 libisolinux.a(isolinux-c.o)
 *(.bss.*)
 *(COMMON)
 *fill*         0x000000000010ed14        0xc 
 COMMON         0x000000000010ed20      0x224 libcom32.a(graphics.o)
                0x000000000010ed20                VGAPos
                0x000000000010ed40                VGAFileBuf
                0x000000000010ee40                VGAFileMBuf
                0x000000000010ef40                VGAFilePtr
 COMMON         0x000000000010ef44        0x4 libcom32.a(conio.o)
                0x000000000010ef44                _screensize
                0x000000000010ef46                _cursor
 *fill*         0x000000000010ef48       0x18 
 COMMON         0x000000000010ef60       0x90 libcom32.a(init.o)
                0x000000000010ef60                bios_free_mem
                0x000000000010ef80                __core_malloc_head
 *fill*         0x000000000010eff0       0x10 
 COMMON         0x000000000010f000      0x200 libcom32.a(searchconfig.o)
                0x000000000010f000                ConfigName
                0x000000000010f100                config_cwd
 COMMON         0x000000000010f200      0x600 libcom32.a(fs.o)
                0x000000000010f200                files
 COMMON         0x000000000010f800        0x4 libcom32.a(errno.o)
                0x000000000010f800                errno
 *fill*         0x000000000010f804       0x1c 
 COMMON         0x000000000010f820      0x103 libcom32.a(bios.o)
                0x000000000010f820                KbdMap
                0x000000000010f920                PXERetry
                0x000000000010f922                KbdFlags
 *fill*         0x000000000010f923        0x1 
 COMMON         0x000000000010f924        0x4 libcom32.a(idle.o)
                0x000000000010f924                idle_hook_func
 *fill*         0x000000000010f928       0x18 
 COMMON         0x000000000010f940       0x2c libcom32.a(call16.o)
                0x000000000010f940                zero_regs
 *fill*         0x000000000010f96c       0x14 
 COMMON         0x000000000010f980       0x6c libcom32.a(sysappend.o)
                0x000000000010f980                SysAppends
                0x000000000010f9a0                sysappend_strings
 COMMON         0x000000000010f9ec        0x4 libcom32.a(schedule.o)
                0x000000000010f9ec                sched_hook_func
 *fill*         0x000000000010f9f0       0x10 
 COMMON         0x000000000010fa00       0x2c /home/wrsadmin/github/syslinux-6.03/bios/com32/lib/libcom32core.a(zeroregs.o)
                0x000000000010fa00                __com32_zero_regs
 *fill*         0x000000000010fa2c       0x14 
 COMMON         0x000000000010fa40   0x201600 /home/wrsadmin/github/syslinux-6.03/bios/com32/lib/libcom32core.a(fileinfo.o)
                0x000000000010fa40                __file_info
 COMMON         0x0000000000311040       0x18 /home/wrsadmin/github/syslinux-6.03/bios/com32/lib/libcom32core.a(exec.o)
                0x0000000000311040                __process_exit_jmp
                0x0000000000311058                __bss_end = .
                0x0000000000203dd8                __bss_len = (ABSOLUTE (__bss_end) - ABSOLUTE (__bss_start))
                0x0000000000080f76                __bss_dwords = ((__bss_len + 0x3) >> 0x2)
                0x0000000000311058                __hugebss_vma = .
                0x0000000000311058                __hugebss_lma = .

.savedata       0x0000000000311060        0x0
 .savedata      0x0000000000311060        0x0 isolinux.o

.dynbss         0x0000000000311058        0x0
 .dynbss        0x0000000000311058        0x0 isolinux.o

.hugebss        0x0000000000311058        0x0
                0x0000000000311058                __hugebss_start = .
 *(.hugebss)
 *(.hugebss.*)
                0x0000000000311058                __hugebss_end = .
                0x0000000000000000                __hugebss_len = (ABSOLUTE (__hugebss_end) - ABSOLUTE (__hugebss_start))
                0x0000000000000000                __hugebss_dwords = ((__hugebss_len + 0x3) >> 0x2)
                0x0000000000311058                __stack_vma = .
                0x0000000000311058                __stack_lma = .

.stack          0x0000000000312000    0x10000 load address 0x0000000000311058
                0x0000000000312000                __stack_start = .
 *(.stack)
 .stack         0x0000000000312000    0x10000 isolinux.o
                0x0000000000322000                __stack_end = .
                0x0000000000010000                __stack_len = (ABSOLUTE (__stack_end) - ABSOLUTE (__stack_start))
                0x0000000000004000                __stack_dwords = ((__stack_len + 0x3) >> 0x2)
                0x0000000000322000                _end = .
                0x0000000000330000                . = ALIGN (0x10000)
                0x0000000000330000                free_high_memory = .

/DISCARD/
 *(.eh_frame)
LOAD isolinux.o
START GROUP
LOAD libcom32.a
LOAD /home/wrsadmin/github/syslinux-6.03/bios/com32/lib/libcom32core.a
LOAD libisolinux.a
END GROUP
OUTPUT(isolinux.elf elf32-i386)

.debug_aranges  0x0000000000000000      0xfc8
 .debug_aranges
                0x0000000000000000       0x48 isolinux.o
 .debug_aranges
                0x0000000000000048       0x20 libcom32.a(graphics.o)
 .debug_aranges
                0x0000000000000068       0x20 libcom32.a(writehex.o)
 .debug_aranges
                0x0000000000000088       0x20 libcom32.a(conio.o)
 .debug_aranges
                0x00000000000000a8       0x20 libcom32.a(writestr.o)
 .debug_aranges
                0x00000000000000c8       0x20 libcom32.a(init.o)
 .debug_aranges
                0x00000000000000e8       0x20 libcom32.a(rllpack.o)
 .debug_aranges
                0x0000000000000108       0x20 libcom32.a(iso9660.o)
 .debug_aranges
                0x0000000000000128       0x20 libcom32.a(readdir.o)
 .debug_aranges
                0x0000000000000148       0x20 libcom32.a(mangle.o)
 .debug_aranges
                0x0000000000000168       0x20 libcom32.a(searchconfig.o)
 .debug_aranges
                0x0000000000000188       0x20 libcom32.a(close.o)
 .debug_aranges
                0x00000000000001a8       0x20 libcom32.a(nonextextent.o)
 .debug_aranges
                0x00000000000001c8       0x20 libcom32.a(getfssec.o)
 .debug_aranges
                0x00000000000001e8       0x20 libcom32.a(cache.o)
 .debug_aranges
                0x0000000000000208       0x20 libcom32.a(diskio.o)
 .debug_aranges
                0x0000000000000228       0x20 libcom32.a(diskio_bios.o)
 .debug_aranges
                0x0000000000000248       0x20 libcom32.a(fs.o)
 .debug_aranges
                0x0000000000000268       0x20 libcom32.a(chdir.o)
 .debug_aranges
                0x0000000000000288       0x20 libcom32.a(hello.o)
 .debug_aranges
                0x00000000000002a8       0x18 libcom32.a(errno.o)
 .debug_aranges
                0x00000000000002c0       0x20 libcom32.a(cleanup.o)
 .debug_aranges
                0x00000000000002e0       0x18 libcom32.a(pmapi.o)
 .debug_aranges
                0x00000000000002f8       0x20 libcom32.a(font.o)
 .debug_aranges
                0x0000000000000318       0x20 libcom32.a(load_env32.o)
 .debug_aranges
                0x0000000000000338       0x20 libcom32.a(bios.o)
 .debug_aranges
                0x0000000000000358       0x20 libcom32.a(serirq.o)
 .debug_aranges
                0x0000000000000378       0x20 libcom32.a(init.o)
 .debug_aranges
                0x0000000000000398       0x20 libcom32.a(idle.o)
 .debug_aranges
                0x00000000000003b8       0x20 libcom32.a(call16.o)
 .debug_aranges
                0x00000000000003d8       0x20 libcom32.a(lzo1x_f2.o)
 .debug_aranges
                0x00000000000003f8       0x20 libcom32.a(sysappend.o)
 .debug_aranges
                0x0000000000000418       0x20 libcom32.a(path.o)
 .debug_aranges
                0x0000000000000438       0x20 libcom32.a(malloc.o)
 .debug_aranges
                0x0000000000000458       0x20 libcom32.a(free.o)
 .debug_aranges
                0x0000000000000478       0x20 libcom32.a(kaboom.o)
 .debug_aranges
                0x0000000000000498       0x20 libcom32.a(susp_rr.o)
 .debug_aranges