Archive member included to satisfy reference by file (symbol)

libcom32.a(graphics.o)        ldlinux.o (syslinux_force_text_mode)
libcom32.a(writehex.o)        ldlinux.o (pm_writehex2)
libcom32.a(conio.o)           ldlinux.o (pm_write_serial)
libcom32.a(writestr.o)        ldlinux.o (crlf)
libcom32.a(init.o)            ldlinux.o (mem_init)
libcom32.a(rllpack.o)         ldlinux.o (rllpack)
libcom32.a(ntfs.o)            ldlinux.o (ntfs_fs_ops)
libcom32.a(readdir.o)         ldlinux.o (opendir)
libcom32.a(btrfs.o)           ldlinux.o (btrfs_fs_ops)
libcom32.a(mangle.o)          libcom32.a(ntfs.o) (generic_mangle_name)
libcom32.a(loadconfig.o)      libcom32.a(ntfs.o) (generic_open_config)
libcom32.a(close.o)           libcom32.a(ntfs.o) (generic_close_file)
libcom32.a(chdir.o)           libcom32.a(btrfs.o) (generic_chdir_start)
libcom32.a(fat.o)             ldlinux.o (vfat_fs_ops)
libcom32.a(getfssec.o)        libcom32.a(ntfs.o) (generic_getfssec)
libcom32.a(cache.o)           libcom32.a(ntfs.o) (cache_init)
libcom32.a(diskio.o)          libcom32.a(cache.o) (getoneblk)
libcom32.a(diskio_bios.o)     ldlinux.o (pm_fs_init)
libcom32.a(xfs.o)             ldlinux.o (xfs_fs_ops)
libcom32.a(xfs_dir2.o)        libcom32.a(xfs.o) (xfs_dir2_dirblks_get_cached)
libcom32.a(fs.o)              libcom32.a(ntfs.o) (alloc_inode)
libcom32.a(chdir.o)           ldlinux.o (pm_realpath)
libcom32.a(ufs.o)             ldlinux.o (ufs_fs_ops)
libcom32.a(ext2.o)            ldlinux.o (ext2_fs_ops)
libcom32.a(bmap.o)            libcom32.a(ext2.o) (ext2_bmap)
libcom32.a(hello.o)           ldlinux.o (hello)
libcom32.a(errno.o)           libcom32.a(fs.o) (errno)
libcom32.a(cleanup.o)         ldlinux.o (cleanup_hardware)
libcom32.a(pmapi.o)           ldlinux.o (pm_api_vector)
libcom32.a(font.o)            libcom32.a(graphics.o) (use_font)
libcom32.a(load_env32.o)      ldlinux.o (load_env32)
libcom32.a(bios.o)            libcom32.a(conio.o) (KbdMap)
libcom32.a(serirq.o)          libcom32.a(conio.o) (SerialHead)
libcom32.a(init.o)            ldlinux.o (init)
libcom32.a(idle.o)            libcom32.a(conio.o) (reset_idle)
libcom32.a(call16.o)          libcom32.a(bios.o) (call16)
libcom32.a(lzo1x_f2.o)        ldlinux.o (_lzo1x_decompress_asm_fast_safe)
libcom32.a(codepage.o)        libcom32.a(fat.o) (codepage)
libcom32.a(sysappend.o)       libcom32.a(pmapi.o) (sysappend_strings)
libcom32.a(path.o)            libcom32.a(load_env32.o) (path_add)
libcom32.a(malloc.o)          libcom32.a(bios.o) (bios_malloc)
libcom32.a(free.o)            libcom32.a(bios.o) (bios_free)
libcom32.a(kaboom.o)          libcom32.a(ntfs.o) (_kaboom)
libcom32.a(searchconfig.o)    libcom32.a(loadconfig.o) (search_dirs)
libcom32.a(xfs_dinode.o)      libcom32.a(xfs.o) (xfs_dinode_get_core)
libcom32.a(xfs_readdir.o)     libcom32.a(xfs.o) (xfs_readdir_dir2_local)
libcom32.a(bmap.o)            libcom32.a(ufs.o) (ufs_bmap)
libcom32.a(getcwd.o)          libcom32.a(pmapi.o) (core_getcwd)
libcom32.a(dmi.o)             libcom32.a(bios.o) (dmi_init)
libcom32.a(sem_asm.o)         libcom32.a(malloc.o) (sem_down)
libcom32.a(semaphore.o)       libcom32.a(sem_asm.o) (__sem_down_slow)
libcom32.a(schedule.o)        libcom32.a(semaphore.o) (__schedule)
libcom32.a(root_thread.o)     libcom32.a(semaphore.o) (__current)
libcom32.a(thread_asm.o)      libcom32.a(schedule.o) (__switch_to)
libcom32.a(exit_thread.o)     libcom32.a(thread_asm.o) (__exit_thread)
/home/wrsadmin/github/syslinux-6.03/bios/com32/lib/libcom32core.a(memcpy.o)
                              (--whole-archive)
/home/wrsadmin/github/syslinux-6.03/bios/com32/lib/libcom32core.a(memset.o)
                              (--whole-archive)
/home/wrsadmin/github/syslinux-6.03/bios/com32/lib/libcom32core.a(memcmp.o)
                              (--whole-archive)
/home/wrsadmin/github/syslinux-6.03/bios/com32/lib/libcom32core.a(printf.o)
                              (--whole-archive)
/home/wrsadmin/github/syslinux-6.03/bios/com32/lib/libcom32core.a(strncmp.o)
                              (--whole-archive)
/home/wrsadmin/github/syslinux-6.03/bios/com32/lib/libcom32core.a(vfprintf.o)
                              (--whole-archive)
/home/wrsadmin/github/syslinux-6.03/bios/com32/lib/libcom32core.a(strlen.o)
                              (--whole-archive)
/home/wrsadmin/github/syslinux-6.03/bios/com32/lib/libcom32core.a(vsnprintf.o)
                              (--whole-archive)
/home/wrsadmin/github/syslinux-6.03/bios/com32/lib/libcom32core.a(snprintf.o)
                              (--whole-archive)
/home/wrsadmin/github/syslinux-6.03/bios/com32/lib/libcom32core.a(stpcpy.o)
                              (--whole-archive)
/home/wrsadmin/github/syslinux-6.03/bios/com32/lib/libcom32core.a(strcmp.o)
                              (--whole-archive)
/home/wrsadmin/github/syslinux-6.03/bios/com32/lib/libcom32core.a(strdup.o)
                              (--whole-archive)
/home/wrsadmin/github/syslinux-6.03/bios/com32/lib/libcom32core.a(strcpy.o)
[...]
Memory Configuration

Name             Origin             Length             Attributes
*default*        0x0000000000000000 0xffffffffffffffff

Linker script and memory map

                0x0000000000010000                STACK32_LEN = 0x10000
                0x0000000000000000                . = 0x0
                0x0000000000000000                __module_start = .

.prefix         0x0000000000000000       0x14
 *(.prefix)
 .prefix        0x0000000000000000       0x14 ldlinux.o
                0x0000000000001000                . = 0x1000

.earlybss       0x0000000000001000     0x280c
                0x0000000000001000                __earlybss_start = .
 *(.earlybss)
 .earlybss      0x0000000000001000     0x280c ldlinux.o
                0x0000000000001000                trackbuf
                0x0000000000003000                BIOSName
                0x0000000000003808                RealModeSSSP
                0x000000000000380c                __earlybss_end = .
                0x000000000000280c                __earlybss_len = (ABSOLUTE (__earlybss_end) - ABSOLUTE (__earlybss_start))
                0x0000000000000a03                __earlybss_dwords = ((__earlybss_len + 0x3) >> 0x2)
                0x000000000000380c                . = ALIGN (0x4)

.bss16          0x0000000000003810      0x1a2
                0x0000000000003810                __bss16_start = .
 *(.bss16)
 .bss16         0x0000000000003810      0x19d ldlinux.o
                0x000000000000389c                KernelName
 *fill*         0x00000000000039ad        0x1 
 .bss16         0x00000000000039ae        0x4 libcom32.a(fs.o)
                0x00000000000039ae                SectorShift
                0x00000000000039b0                SectorSize
                0x00000000000039b2                __bss16_end = .
                0x00000000000001a2                __bss16_len = (ABSOLUTE (__bss16_end) - ABSOLUTE (__bss16_start))
                0x0000000000000069                __bss16_dwords = ((__bss16_len + 0x3) >> 0x2)
                0x00000000000039b4                . = ALIGN (0x4)

.config         0x00000000000039b4        0x0 load address 0x0000000000009760
                0x00000000000039b4                __config_start = .
 *(.config)
 .config        0x00000000000039b4        0x0 ldlinux.o
                0x00000000000039b4                __config_end = .
                0x0000000000000000                __config_len = (ABSOLUTE (__config_end) - ABSOLUTE (__config_start))
                0x0000000000000000                __config_dwords = ((__config_len + 0x3) >> 0x2)
                0x0000000000003a00                . = ALIGN (0x80)

.replacestub    0x0000000000003a00        0x0 load address 0x0000000000009760
                0x0000000000003a00                __replacestub_start = .
 *(.replacestub)
 .replacestub   0x0000000000003a00        0x0 ldlinux.o
                0x0000000000003a00                __replacestub_end = .
                0x0000000000000000                __replacestub_len = (ABSOLUTE (__replacestub_end) - ABSOLUTE (__replacestub_start))
                0x0000000000000000                __replacestub_dwords = ((__replacestub_len + 0x3) >> 0x2)
                0x0000000000003a00                . = ALIGN (0x10)
                0x0000000000003a00                __gentextnr_lma = .

.gentextnr      0x0000000000003a00      0x418
                0x0000000000003a00                __gentextnr_start = .
 *(.gentextnr)
 .gentextnr     0x0000000000003a00      0x418 ldlinux.o
                0x0000000000003e18                __gentextnr_end = .
                0x0000000000000418                __gentextnr_len = (ABSOLUTE (__gentextnr_end) - ABSOLUTE (__gentextnr_start))
                0x0000000000000106                __gentextnr_dwords = ((__gentextnr_len + 0x3) >> 0x2)
                0x0000000000006c00                . = STACK_BASE

.stack16        0x0000000000006c00     0x1000
                0x0000000000006c00                __stack16_start = .
                0x0000000000007c00                . = (. + STACK_LEN)
 *fill*         0x0000000000006c00     0x1000 
                0x0000000000007c00                __stack16_end = .
 .stack16       0x0000000000007c00        0x0 ldlinux.o
                0x0000000000001000                __stack16_len = (ABSOLUTE (__stack16_end) - ABSOLUTE (__stack16_start))
                0x0000000000000400                __stack16_dwords = ((__stack16_len + 0x3) >> 0x2)
                0x0000000000007c00                . = 0x7c00

.init           0x0000000000007c00      0xd6e
 FILL mask 0x90909090
                0x0000000000007c00                __init_start = .
 *(.init)
 .init          0x0000000000007c00      0xd6e ldlinux.o
                0x0000000000007c00                _start
                0x0000000000007da9                kaboom
                0x00000000000080e8                getlinsec
                0x000000000000896e                __init_end = .
                0x0000000000000d6e                __init_len = (ABSOLUTE (__init_end) - ABSOLUTE (__init_start))
                0x000000000000035c                __init_dwords = ((__init_len + 0x3) >> 0x2)

.text16         0x000000000000896e      0x5d3
 FILL mask 0x90909090
                0x000000000000896e                __text16_start = .
 *(.text16)
 .text16        0x000000000000896e      0x5d3 ldlinux.o
                0x0000000000008a04                local_boot16
                0x0000000000008c7b                adv_init
                0x0000000000008ddb                adv_write
                0x0000000000008f1f                bios_timer_cleanup
                0x0000000000008f28                timer_irq
                0x0000000000008f3d                BIOS_timer_next
                0x0000000000008f41                __text16_end = .
                0x00000000000005d3                __text16_len = (ABSOLUTE (__text16_end) - ABSOLUTE (__text16_start))
                0x0000000000000175                __text16_dwords = ((__text16_len + 0x3) >> 0x2)
                0x0000000000008f50                . = ALIGN (0x10)

.textnr         0x0000000000008f50      0x360
 FILL mask 0x90909090
                0x0000000000008f50                __textnr_start = .
 *(.textnr)
 .textnr        0x0000000000008f50       0xae ldlinux.o
                0x0000000000008ffd                core_pm_null_hook
 *fill*         0x0000000000008ffe        0x2 90909090
 .textnr        0x0000000000009000      0x2b0 libcom32.a(lzo1x_f2.o)
                0x0000000000009000                _lzo1x_decompress_asm_fast_safe
                0x00000000000092b0                __textnr_end = .
                0x0000000000000360                __textnr_len = (ABSOLUTE (__textnr_end) - ABSOLUTE (__textnr_start))
                0x00000000000000d8                __textnr_dwords = ((__textnr_len + 0x3) >> 0x2)
                0x00000000000092b0                . = ALIGN (0x10)
                0x00000000000092b0                __bcopyxx_start = .

.bcopyxx.text   0x00000000000092b0      0x147
 FILL mask 0x90909090
                0x00000000000092b0                __bcopyxx_text_start = .
 *(.bcopyxx.text)
 .bcopyxx.text  0x00000000000092b0      0x147 ldlinux.o
                0x0000000000009366                do_raw_shuffle_and_boot
                0x00000000000093f7                __bcopyxx_text_end = .
                0x0000000000000147                __bcopyxx_text_len = (ABSOLUTE (__bcopyxx_text_end) - ABSOLUTE (__bcopyxx_text_start))
                0x0000000000000052                __bcopyxx_text_dwords = ((__bcopyxx_text_len + 0x3) >> 0x2)

.bcopyxx.data   0x0000000000009400       0x36
                0x0000000000009400                __bcopyxx_data_start = .
 *(.bcopyxx.text)
                0x0000000000009400                __bcopyxx_data_end = .
 .bcopyxx.data  0x0000000000009400       0x36 ldlinux.o
                0x0000000000000000                __bcopyxx_data_len = (ABSOLUTE (__bcopyxx_data_end) - ABSOLUTE (__bcopyxx_data_start))
                0x0000000000000000                __bcopyxx_data_dwords = ((__bcopyxx_data_len + 0x3) >> 0x2)
                0x0000000000009436                __bcopyxx_end = .
                0x0000000000000186                __bcopyxx_len = (ABSOLUTE (__bcopyxx_end) - ABSOLUTE (__bcopyxx_start))
                0x0000000000000062                __bcopyxx_dwords = ((__bcopyxx_len + 0x3) >> 0x2)
                0x0000000000009438                . = ALIGN (0x4)

.data16         0x0000000000009440      0x320
                0x0000000000009440                __data16_start = .
 *(.data16)
 .data16        0x0000000000009440      0x320 ldlinux.o
                0x0000000000009440                BaseStack
                0x000000000000945c                CurrentDirName
                0x000000000000955c                SubvolName
                0x0000000000009660                syslinux_banner
                0x0000000000009678                __com32
                0x00000000000096ac                core_pm_hook
                0x00000000000096e4                __jiffies
                0x00000000000096e8                __ms_timer
                0x00000000000096ee                copyright_str
                0x0000000000009760                __data16_end = .
                0x0000000000000320                __data16_len = (ABSOLUTE (__data16_end) - ABSOLUTE (__data16_start))
                0x00000000000000c8                __data16_dwords = ((__data16_len + 0x3) >> 0x2)
                0x0000000000009760                . = ALIGN (0x4)
                0x0000000000009760                __config_lma = .
                0x0000000000009760                . = (. + SIZEOF (.config))
                0x0000000000009760                . = ALIGN (0x4)
                0x0000000000009760                __replacestub_lma = .
                0x0000000000009760                . = (. + SIZEOF (.replacestub))
                0x0000000000009760                . = ALIGN (0x10)
                0x0000000000009760                __pm_code_lma = .
                0x0000000000009760                __high_clear_start = .
                0x0000000000009800                . = ALIGN (0x200)

.adv            0x0000000000009800      0x400
                0x0000000000009800                __adv_start = .
 *(.adv)
 .adv           0x0000000000009800      0x400 ldlinux.o
                0x0000000000009c00                __adv_end = .
                0x0000000000000400                __adv_len = (ABSOLUTE (__adv_end) - ABSOLUTE (__adv_start))
                0x0000000000000100                __adv_dwords = ((__adv_len + 0x3) >> 0x2)
                0x0000000000009c00                . = ALIGN (0x4)

.uibss          0x0000000000009c00      0x100
                0x0000000000009c00                __uibss_start = .
 *(.uibss)
 .uibss         0x0000000000009c00      0x100 ldlinux.o
                0x0000000000009d00                __uibss_end = .
                0x0000000000000100                __uibss_len = (ABSOLUTE (__uibss_end) - ABSOLUTE (__uibss_start))
                0x0000000000000040                __uibss_dwords = ((__uibss_len + 0x3) >> 0x2)
                0x0000000000009d00                _end16 = .
                0x0000000000000001                __assert_end16 = ASSERT ((_end16 <= 0x10000), 64K overflow)
                0x0000000000010000                . = ALIGN (0x10000)

.real_mode      0x0000000000010000    0x10000
 *(.real_mode)
 .real_mode     0x0000000000010000    0x10000 ldlinux.o
                0x0000000000010000                core_real_mode
                0x0000000000001000                real_mode_seg = (core_real_mode >> 0x4)
                0x0000000000020000                . = ALIGN (0x10000)

.xfer_buf       0x0000000000020000    0x10000
 *(.xfer_buf)
 .xfer_buf      0x0000000000020000    0x10000 ldlinux.o
                0x0000000000020000                core_xfer_buf
                0x0000000000002000                xfer_buf_seg = (core_xfer_buf >> 0x4)
                0x0000000000030000                . = ALIGN (0x10)

.auxseg         0x0000000000030000        0x0
                0x0000000000030000                __auxseg_start = .
 *(.auxseg)
                0x0000000000030000                __auxseg_end = .
                0x0000000000000000                __auxseg_len = (ABSOLUTE (__auxseg_end) - ABSOLUTE (__auxseg_start))
                0x0000000000000000                __auxseg_dwords = ((__auxseg_len + 0x3) >> 0x2)
                0x0000000000003000                aux_seg = (__auxseg_start >> 0x4)

.lowmem         0x0000000000030000     0x2060
                0x0000000000030000                __lowmem_start = .
 *(.lowmem)
 .lowmem        0x0000000000030000       0x5c libcom32.a(diskio_bios.o)
 *fill*         0x000000000003005c        0x4 
 .lowmem        0x0000000000030060     0x2000 libcom32.a(font.o)
                0x0000000000030060                fontbuf
                0x0000000000032060                __lowmem_end = .
                0x0000000000002060                __lowmem_len = (ABSOLUTE (__lowmem_end) - ABSOLUTE (__lowmem_start))
                0x0000000000000818                __lowmem_dwords = ((__lowmem_len + 0x3) >> 0x2)
                0x0000000000032060                __high_clear_end = .
                0x0000000000028900                __high_clear_len = (ABSOLUTE (__high_clear_end) - ABSOLUTE (__high_clear_start))
                0x000000000000a240                __high_clear_dwords = ((__high_clear_len + 0x3) >> 0x2)
                0x0000000000032060                . = ALIGN (0x10)
                0x0000000000032060                __lowmem_heap = .
                0x0000000000100000                . = 0x100000
                0x0000000000100000                __pm_code_start = .
                0x0000000000100000                __text_vma = .
                0x0000000000009760                __text_lma = __pm_code_lma

.text           0x0000000000100000     0xfb55 load address 0x0000000000009760
 FILL mask 0x90909090
                0x0000000000100000                __text_start = .
 *(.text)
 .text          0x0000000000100000      0x12d ldlinux.o
                0x0000000000100000                core_farcall
                0x0000000000100006                core_intcall
                0x00000000001000a6                core_cfarcall
 .text          0x000000000010012d      0x4ef libcom32.a(graphics.o)
                0x00000000001001a7                syslinux_force_text_mode
                0x0000000000100233                vgadisplayfile
                0x00000000001005a1                vgahidecursor
                0x00000000001005bf                vgashowcursor
                0x00000000001005dd                using_vga
                0x000000000010060e                pm_using_vga
 .text          0x000000000010061c       0x71 libcom32.a(writehex.o)
                0x0000000000100660                writehex2
                0x0000000000100667                writehex4
                0x0000000000100671                writehex8
                0x000000000010067b                pm_writehex2
                0x0000000000100681                pm_writehex4
                0x0000000000100687                pm_writehex8
 .text          0x000000000010068d      0x37b libcom32.a(conio.o)
                0x000000000010068d                loadkeys
                0x00000000001006ce                write_serial
                0x000000000010072a                pm_write_serial
                0x0000000000100730                serialcfg
                0x0000000000100787                pm_serialcfg
                0x0000000000100792                write_serial_str
                0x00000000001007a7                bios_pollchar
                0x0000000000100831                pollchar
                0x0000000000100849                pm_pollchar
                0x0000000000100861                bios_getchar
                0x0000000000100970                bios_shiftflags
                0x00000000001009bf                kbd_shiftflags
                0x00000000001009e0                getchar
                0x00000000001009f8                pm_getchar
 .text          0x0000000000100a08       0x52 libcom32.a(writestr.o)
                0x0000000000100a08                crlf
                0x0000000000100a2a                writestr
                0x0000000000100a4b                pm_writestr
 .text          0x0000000000100a5a       0xf6 libcom32.a(init.o)
                0x0000000000100a5a                scan_highmem_area
                0x0000000000100abf                mem_init
 .text          0x0000000000100b50      0x153 libcom32.a(rllpack.o)
                0x0000000000100b50                rllpack
                0x0000000000100c10                rllunpack
 .text          0x0000000000100ca3     0x1d29 libcom32.a(ntfs.o)
 .text          0x00000000001029cc       0x91 libcom32.a(readdir.o)
                0x00000000001029cc                opendir
                0x0000000000102a15                readdir
                0x0000000000102a48                closedir
 .text          0x0000000000102a5d     0x1069 libcom32.a(btrfs.o)
 .text          0x0000000000103ac6       0x57 libcom32.a(mangle.o)
                0x0000000000103ac6                generic_mangle_name
 .text          0x0000000000103b1d       0x32 libcom32.a(loadconfig.o)
                0x0000000000103b1d                generic_open_config
 .text          0x0000000000103b4f       0x23 libcom32.a(close.o)
                0x0000000000103b4f                generic_close_file
 .text          0x0000000000103b72       0x19 libcom32.a(chdir.o)
                0x0000000000103b72                generic_chdir_start
 .text          0x0000000000103b8b      0xeb1 libcom32.a(fat.o)
 .text          0x0000000000104a3c      0x216 libcom32.a(getfssec.o)
                0x0000000000104a3c                generic_getfssec
 .text          0x0000000000104c52      0x1f4 libcom32.a(cache.o)
                0x0000000000104c52                cache_init
                0x0000000000104ced                cache_lock_block
                0x0000000000104d0e                _get_cache_block
                0x0000000000104d61                get_cache
                0x0000000000104db0                cache_read
 .text          0x0000000000104e46       0x84 libcom32.a(diskio.o)
                0x0000000000104e46                getoneblk
                0x0000000000104e84                device_init
 .text          0x0000000000104eca      0x7f6 libcom32.a(diskio_bios.o)
                0x0000000000105454                bios_disk_init
                0x000000000010569e                pm_fs_init
 .text          0x00000000001056c0      0xbf9 libcom32.a(xfs.o)
 .text          0x00000000001062b9     0x1804 libcom32.a(xfs_dir2.o)
                0x000000000010666b                xfs_dir2_da_hashname
                0x00000000001066e8                xfs_dir2_dirblks_get_cached
                0x00000000001068ba                xfs_dir2_dirblks_flush_cache
                0x000000000010690a                xfs_dir2_local_find_entry
                0x0000000000106a6a                xfs_dir2_block_find_entry
                0x0000000000106ce7                xfs_dir2_leaf_find_entry
                0x00000000001071ad                xfs_dir2_get_right_blk
                0x000000000010752d                xfs_dir2_node_find_entry
 .text          0x0000000000107abd      0x5ed libcom32.a(fs.o)
                0x0000000000107abd                alloc_inode
                0x0000000000107af2                put_inode
                0x0000000000107b29                _close_file
                0x0000000000107b56                open_config
                0x0000000000107bcd                mangle_name
                0x0000000000107be3                pmapi_read_file
                0x0000000000107c3a                searchdir
                0x0000000000107edb                open_file
                0x0000000000107f56                close_file
                0x0000000000107f79                fs_uuid
                0x0000000000107f9f                fs_init
 .text          0x00000000001080aa      0x226 libcom32.a(chdir.o)
                0x000000000010812d                realpath
                0x00000000001081cc                pm_realpath
                0x00000000001081f0                chdir
 .text          0x00000000001082d0      0x75e libcom32.a(ufs.o)
 .text          0x0000000000108a2e      0x5d4 libcom32.a(ext2.o)
 .text          0x0000000000109002      0x38a libcom32.a(bmap.o)
                0x00000000001090f3                ext2_bmap
                0x00000000001092fd                ext2_next_extent
 .text          0x000000000010938c      0x139 libcom32.a(hello.o)
                0x00000000001093c6                myputchar
                0x00000000001093f1                myputs
                0x0000000000109405                hello
                0x0000000000109430                hexdump
                0x0000000000109493                mp1
                0x000000000010949d                mp2
                0x00000000001094a7                mp3
                0x00000000001094b1                mp4
                0x00000000001094bb                mp5
 .text          0x00000000001094c5        0x0 libcom32.a(errno.o)
 .text          0x00000000001094c5       0x15 libcom32.a(cleanup.o)
                0x00000000001094c5                cleanup_hardware
 .text          0x00000000001094da        0x0 libcom32.a(pmapi.o)
 .text          0x00000000001094da      0x253 libcom32.a(font.o)
                0x00000000001094da                bios_adjust_screen
                0x0000000000109532                use_font
                0x000000000010964b                loadfont
                0x00000000001096f0                adjust_screen
                0x000000000010970c                pm_adjust_screen
                0x000000000010970e                pm_userfont
 .text          0x000000000010972d      0x30d libcom32.a(load_env32.o)
                0x0000000000109742                init_module_subsystem
                0x000000000010976f                start_ldlinux
                0x00000000001097c4                load_env32
                0x00000000001098f0                com32_cmdline
                0x0000000000109901                create_args_and_load
                0x0000000000109a09                pm_env32_run
 .text          0x0000000000109a3a      0xda6 libcom32.a(bios.o)
                0x0000000000109df9                bios_adv_init
                0x0000000000109e2c                bios_adv_write
                0x000000000010a30b                bios_init
                0x000000000010a7c9                syslinux_register_bios
 .text          0x000000000010a7e0      0x2ef libcom32.a(serirq.o)
                0x000000000010a8f4                sirq_cleanup_nowipe
                0x000000000010a96b                sirq_cleanup
                0x000000000010a990                sirq_install
 .text          0x000000000010aacf       0x14 libcom32.a(init.o)
                0x000000000010aacf                init
 .text          0x000000000010aae3       0x5f libcom32.a(idle.o)
                0x000000000010aae3                reset_idle
                0x000000000010aafd                __idle
 .text          0x000000000010ab42       0x4a libcom32.a(call16.o)
                0x000000000010ab42                call16
 .text          0x000000000010ab8c        0x0 libcom32.a(lzo1x_f2.o)
 .text          0x000000000010ab8c        0x0 libcom32.a(codepage.o)
 .text          0x000000000010ab8c      0x17d libcom32.a(sysappend.o)
                0x000000000010ab8c                do_sysappend
                0x000000000010abea                sysappend_set_uuid
                0x000000000010ac7c                sysappend_set_fs_uuid
                0x000000000010accd                print_sysappend
 .text          0x000000000010ad09       0x62 libcom32.a(path.o)
                0x000000000010ad09                path_add
 .text          0x000000000010ad6b      0x334 libcom32.a(malloc.o)
                0x000000000010adb9                bios_malloc
                0x000000000010ae79                malloc
                0x000000000010ae85                lmalloc
                0x000000000010aeb2                pmapi_lmalloc
                0x000000000010aec1                bios_realloc
                0x000000000010b05c                realloc
                0x000000000010b075                zalloc
 .text          0x000000000010b09f      0x235 libcom32.a(free.o)
                0x000000000010b182                bios_free
                0x000000000010b18a                free
                0x000000000010b1c8                __inject_free_block
                0x000000000010b265                comboot_cleanup_lowmem
 .text          0x000000000010b2d4       0x22 libcom32.a(kaboom.o)
                0x000000000010b2d4                _kaboom
 .text          0x000000000010b2f6       0xe7 libcom32.a(searchconfig.o)
                0x000000000010b2f6                search_dirs
 .text          0x000000000010b3dd      0x150 libcom32.a(xfs_dinode.o)
                0x000000000010b3dd                xfs_dinode_get_core
 .text          0x000000000010b52d      0x9d6 libcom32.a(xfs_readdir.o)
                0x000000000010b67d                xfs_readdir_dir2_local
                0x000000000010b772                xfs_readdir_dir2_block
                0x000000000010b8ec                xfs_readdir_dir2_leaf
                0x000000000010bb89                xfs_readdir_dir2_node
 .text          0x000000000010bf03      0x3cd libcom32.a(bmap.o)
                0x000000000010c0f1                ufs_bmap
                0x000000000010c22b                ufs_next_extent
 .text          0x000000000010c2d0       0x44 libcom32.a(getcwd.o)
                0x000000000010c2d0                core_getcwd
 .text          0x000000000010c314      0x4a7 libcom32.a(dmi.o)
                0x000000000010c418                dmi_init
 .text          0x000000000010c7bb       0x14 libcom32.a(sem_asm.o)
                0x000000000010c7bb                sem_down
                0x000000000010c7c6                sem_up
 .text          0x000000000010c7cf       0xe7 libcom32.a(semaphore.o)
                0x000000000010c7cf                sem_init
                0x000000000010c7df                __sem_down_slow
                0x000000000010c878                __sem_up_slow
 .text          0x000000000010c8b6       0x93 libcom32.a(schedule.o)
                0x000000000010c8b6                __schedule
                0x000000000010c93c                thread_yield
 .text          0x000000000010c949        0x0 libcom32.a(root_thread.o)
 .text          0x000000000010c949       0x3f libcom32.a(thread_asm.o)
                0x000000000010c949                __switch_to
                0x000000000010c979                __start_thread
 .text          0x000000000010c988       0x41 libcom32.a(exit_thread.o)
                0x000000000010c988                __exit_thread
 .text          0x000000000010c9c9       0x1a /home/wrsadmin/github/syslinux-6.03/bios/com32/lib/libcom32core.a(memcpy.o)
                0x000000000010c9c9                memcpy
 .text          0x000000000010c9e3       0x29 /home/wrsadmin/github/syslinux-6.03/bios/com32/lib/libcom32core.a(memset.o)
                0x000000000010c9e3                memset
 .text          0x000000000010ca0c       0x20 /home/wrsadmin/github/syslinux-6.03/bios/com32/lib/libcom32core.a(memcmp.o)
                0x000000000010ca0c                memcmp
 .text          0x000000000010ca2c       0x20 /home/wrsadmin/github/syslinux-6.03/bios/com32/lib/libcom32core.a(printf.o)
                0x000000000010ca2c                printf
 .text          0x000000000010ca4c       0x2a /home/wrsadmin/github/syslinux-6.03/bios/com32/lib/libcom32core.a(strncmp.o)
                0x000000000010ca4c                strncmp
 .text          0x000000000010ca76       0x4d /home/wrsadmin/github/syslinux-6.03/bios/com32/lib/libcom32core.a(vfprintf.o)
                0x000000000010ca76                vfprintf
 .text          0x000000000010cac3        0xf /home/wrsadmin/github/syslinux-6.03/bios/com32/lib/libcom32core.a(strlen.o)
                0x000000000010cac3                strlen
 .text          0x000000000010cad2      0x9fc /home/wrsadmin/github/syslinux-6.03/bios/com32/lib/libcom32core.a(vsnprintf.o)
                0x000000000010cad2                vsnprintf
 .text          0x000000000010d4ce       0x25 /home/wrsadmin/github/syslinux-6.03/bios/com32/lib/libcom32core.a(snprintf.o)
                0x000000000010d4ce                snprintf
 .text          0x000000000010d4f3        0xe /home/wrsadmin/github/syslinux-6.03/bios/com32/lib/libcom32core.a(stpcpy.o)
                0x000000000010d4f3                stpcpy
 .text          0x000000000010d501       0x20 /home/wrsadmin/github/syslinux-6.03/bios/com32/lib/libcom32core.a(strcmp.o)
                0x000000000010d501                strcmp
 .text          0x000000000010d521       0x38 /home/wrsadmin/github/syslinux-6.03/bios/com32/lib/libcom32core.a(strdup.o)
                0x000000000010d521                strdup
 .text          0x000000000010d559       0x10 /home/wrsadmin/github/syslinux-6.03/bios/com32/lib/libcom32core.a(strcpy.o)
                0x000000000010d559                strcpy
 .text          0x000000000010d569       0x18 /home/wrsadmin/github/syslinux-6.03/bios/com32/lib/libcom32core.a(strncpy.o)
                0x000000000010d569                strncpy
 *fill*         0x000000000010d581        0x3 90909090
 .text          0x000000000010d584       0x2a /home/wrsadmin/github/syslinux-6.03/bios/com32/lib/libcom32core.a(setjmp.o)
                0x000000000010d584                setjmp
                0x000000000010d584                _setjmp
                0x000000000010d59c                longjmp
 .text          0x000000000010d5ae       0x71 /home/wrsadmin/github/syslinux-6.03/bios/com32/lib/libcom32core.a(fopen.o)
                0x000000000010d5ae                fopen
 .text          0x000000000010d61f       0x65 /home/wrsadmin/github/syslinux-6.03/bios/com32/lib/libcom32core.a(fread.o)
                0x000000000010d61f                _fread
 .text          0x000000000010d684       0x24 /home/wrsadmin/github/syslinux-6.03/bios/com32/lib/libcom32core.a(fread2.o)
                0x000000000010d684                fread
 .text          0x000000000010d6a8       0x36 /home/wrsadmin/github/syslinux-6.03/bios/com32/lib/libcom32core.a(puts.o)
                0x000000000010d6a8                puts
 .text          0x000000000010d6de       0x16 /home/wrsadmin/github/syslinux-6.03/bios/com32/lib/libcom32core.a(strtoul.o)
                0x000000000010d6de                strtoul
 .text          0x000000000010d6f4      0x1a2 /home/wrsadmin/github/syslinux-6.03/bios/com32/lib/libcom32core.a(strntoumax.o)
                0x000000000010d6f4                strntoumax
 .text          0x000000000010d896       0x47 /home/wrsadmin/github/syslinux-6.03/bios/com32/lib/libcom32core.a(strcasecmp.o)
                0x000000000010d896                strcasecmp
 .text          0x000000000010d8dd       0x24 /home/wrsadmin/github/syslinux-6.03/bios/com32/lib/libcom32core.a(sprintf.o)
                0x000000000010d8dd                sprintf
 .text          0x000000000010d901       0x2f /home/wrsadmin/github/syslinux-6.03/bios/com32/lib/libcom32core.a(strlcat.o)
                0x000000000010d901                strlcat
 .text          0x000000000010d930       0x11 /home/wrsadmin/github/syslinux-6.03/bios/com32/lib/libcom32core.a(strchr.o)
                0x000000000010d930                strchr
 .text          0x000000000010d941       0x1f /home/wrsadmin/github/syslinux-6.03/bios/com32/lib/libcom32core.a(strlcpy.o)
                0x000000000010d941                strlcpy
 .text          0x000000000010d960       0x5a /home/wrsadmin/github/syslinux-6.03/bios/com32/lib/libcom32core.a(strncasecmp.o)
                0x000000000010d960                strncasecmp
 .text          0x000000000010d9ba        0x0 /home/wrsadmin/github/syslinux-6.03/bios/com32/lib/libcom32core.a(ctypes.o)
 .text          0x000000000010d9ba       0x31 /home/wrsadmin/github/syslinux-6.03/bios/com32/lib/libcom32core.a(fputs.o)
                0x000000000010d9ba                fputs
 .text          0x000000000010d9eb       0x24 /home/wrsadmin/github/syslinux-6.03/bios/com32/lib/libcom32core.a(fwrite2.o)
                0x000000000010d9eb                fwrite
 .text          0x000000000010da0f       0x65 /home/wrsadmin/github/syslinux-6.03/bios/com32/lib/libcom32core.a(fwrite.o)
                0x000000000010da0f                _fwrite
 .text          0x000000000010da74       0x31 /home/wrsadmin/github/syslinux-6.03/bios/com32/lib/libcom32core.a(fgetc.o)
                0x000000000010da74                fgetc
 .text          0x000000000010daa5       0x14 /home/wrsadmin/github/syslinux-6.03/bios/com32/lib/libcom32core.a(fclose.o)
                0x000000000010daa5                fclose
 .text          0x000000000010dab9       0x4a /home/wrsadmin/github/syslinux-6.03/bios/com32/lib/libcom32core.a(lmalloc.o)
                0x000000000010dab9                lzalloc
                0x000000000010daf0                lfree
 .text          0x000000000010db03       0x1a /home/wrsadmin/github/syslinux-6.03/bios/com32/lib/libcom32core.a(err_read.o)
 .text          0x000000000010db1d       0x1a /home/wrsadmin/github/syslinux-6.03/bios/com32/lib/libcom32core.a(err_write.o)
 .text          0x000000000010db37        0x3 /home/wrsadmin/github/syslinux-6.03/bios/com32/lib/libcom32core.a(null_read.o)
 .text          0x000000000010db3a       0x6c /home/wrsadmin/github/syslinux-6.03/bios/com32/lib/libcom32core.a(stdcon_write.o)
 .text          0x000000000010dba6       0xa1 /home/wrsadmin/github/syslinux-6.03/bios/com32/lib/libcom32core.a(memscan.o)
                0x000000000010dba6                syslinux_memscan_add
                0x000000000010dbd2                syslinux_memscan_new
                0x000000000010dc00                syslinux_scan_memory
 .text          0x000000000010dc47       0x16 /home/wrsadmin/github/syslinux-6.03/bios/com32/lib/libcom32core.a(strrchr.o)
                0x000000000010dc47                strrchr
 .text          0x000000000010dc5d       0x26 /home/wrsadmin/github/syslinux-6.03/bios/com32/lib/libcom32core.a(strcat.o)
                0x000000000010dc5d                strcat
 *fill*         0x000000000010dc83        0x1 90909090
 .text          0x000000000010dc84       0x11 /home/wrsadmin/github/syslinux-6.03/bios/com32/lib/libcom32core.a(__ashldi3.o)
                0x000000000010dc84                __ashldi3
 .text          0x000000000010dc95       0x29 /home/wrsadmin/github/syslinux-6.03/bios/com32/lib/libcom32core.a(__udivdi3.o)
                0x000000000010dc95                __udivdi3
 *fill*         0x000000000010dcbe        0x2 90909090
 .text          0x000000000010dcc0        0x8 /home/wrsadmin/github/syslinux-6.03/bios/com32/lib/libcom32core.a(__negdi2.o)
                0x000000000010dcc0                __negdi2
 .text          0x000000000010dcc8       0x11 /home/wrsadmin/github/syslinux-6.03/bios/com32/lib/libcom32core.a(__ashrdi3.o)
                0x000000000010dcc8                __ashrdi3
 *fill*         0x000000000010dcd9        0x3 90909090
 .text          0x000000000010dcdc       0x11 /home/wrsadmin/github/syslinux-6.03/bios/com32/lib/libcom32core.a(__lshrdi3.o)
                0x000000000010dcdc                __lshrdi3
 *fill*         0x000000000010dced        0x3 90909090
 .text          0x000000000010dcf0       0x15 /home/wrsadmin/github/syslinux-6.03/bios/com32/lib/libcom32core.a(__muldi3.o)
                0x000000000010dcf0                __muldi3
 .text          0x000000000010dd05       0xa2 /home/wrsadmin/github/syslinux-6.03/bios/com32/lib/libcom32core.a(__udivmoddi4.o)
                0x000000000010dd05                __udivmoddi4
 .text          0x000000000010dda7       0x34 /home/wrsadmin/github/syslinux-6.03/bios/com32/lib/libcom32core.a(__umoddi3.o)
                0x000000000010dda7                __umoddi3
 .text          0x000000000010dddb       0x7c /home/wrsadmin/github/syslinux-6.03/bios/com32/lib/libcom32core.a(__divdi3.o)
                0x000000000010dddb                __divdi3
 .text          0x000000000010de57       0x92 /home/wrsadmin/github/syslinux-6.03/bios/com32/lib/libcom32core.a(__moddi3.o)
                0x000000000010de57                __moddi3
 .text          0x000000000010dee9       0x1c /home/wrsadmin/github/syslinux-6.03/bios/com32/lib/libcom32core.a(debug.o)
                0x000000000010dee9                syslinux_debug
 .text          0x000000000010df05       0x20 /home/wrsadmin/github/syslinux-6.03/bios/com32/lib/libcom32core.a(intcall.o)
                0x000000000010df05                __intcall
 .text          0x000000000010df25       0x53 /home/wrsadmin/github/syslinux-6.03/bios/com32/lib/libcom32core.a(farcall.o)
                0x000000000010df25                __farcall
 .text          0x000000000010df78       0x28 /home/wrsadmin/github/syslinux-6.03/bios/com32/lib/libcom32core.a(cfarcall.o)
                0x000000000010df78                __cfarcall
 .text          0x000000000010dfa0        0x0 /home/wrsadmin/github/syslinux-6.03/bios/com32/lib/libcom32core.a(zeroregs.o)
 .text          0x000000000010dfa0       0xb7 /home/wrsadmin/github/syslinux-6.03/bios/com32/lib/libcom32core.a(argv.o)
                0x000000000010dfa0                __parse_argv
 .text          0x000000000010e057       0x48 /home/wrsadmin/github/syslinux-6.03/bios/com32/lib/libcom32core.a(sleep.o)
                0x000000000010e057                msleep
                0x000000000010e086                sleep
 .text          0x000000000010e09f        0x0 /home/wrsadmin/github/syslinux-6.03/bios/com32/lib/libcom32core.a(fileinfo.o)
 .text          0x000000000010e09f       0xec /home/wrsadmin/github/syslinux-6.03/bios/com32/lib/libcom32core.a(opendev.o)
                0x000000000010e09f                opendev
 .text          0x000000000010e18b       0x3f /home/wrsadmin/github/syslinux-6.03/bios/com32/lib/libcom32core.a(read.o)
                0x000000000010e18b                read
 .text          0x000000000010e1ca       0x40 /home/wrsadmin/github/syslinux-6.03/bios/com32/lib/libcom32core.a(write.o)
                0x000000000010e1ca                write
 .text          0x000000000010e20a       0x1c /home/wrsadmin/github/syslinux-6.03/bios/com32/lib/libcom32core.a(ftell.o)
                0x000000000010e20a                ftell
 .text          0x000000000010e226       0x88 /home/wrsadmin/github/syslinux-6.03/bios/com32/lib/libcom32core.a(close.o)
                0x000000000010e226                close
 .text          0x000000000010e2ae       0x78 /home/wrsadmin/github/syslinux-6.03/bios/com32/lib/libcom32core.a(open.o)
                0x000000000010e2ae                open
 .text          0x000000000010e326      0x11e /home/wrsadmin/github/syslinux-6.03/bios/com32/lib/libcom32core.a(fileread.o)
                0x000000000010e326                __file_get_block
                0x000000000010e370                __file_read
 .text          0x000000000010e444       0x1e /home/wrsadmin/github/syslinux-6.03/bios/com32/lib/libcom32core.a(fileclose.o)
                0x000000000010e444                __file_close
 .text          0x000000000010e462       0x4e /home/wrsadmin/github/syslinux-6.03/bios/com32/lib/libcom32core.a(openmem.o)
                0x000000000010e462                openmem
 .text          0x000000000010e4b0       0x3a /home/wrsadmin/github/syslinux-6.03/bios/com32/lib/libcom32core.a(isatty.o)
                0x000000000010e4b0                isatty
 .text          0x000000000010e4ea       0x67 /home/wrsadmin/github/syslinux-6.03/bios/com32/lib/libcom32core.a(fstat.o)
                0x000000000010e4ea                fstat
 .text          0x000000000010e551        0x0 /home/wrsadmin/github/syslinux-6.03/bios/com32/lib/libcom32core.a(dprintf.o)
 .text          0x000000000010e551        0x0 /home/wrsadmin/github/syslinux-6.03/bios/com32/lib/libcom32core.a(vdprintf.o)
 .text          0x000000000010e551       0x26 /home/wrsadmin/github/syslinux-6.03/bios/com32/lib/libcom32core.a(idle.o)
                0x000000000010e551                syslinux_reset_idle
                0x000000000010e564                syslinux_idle
 .text          0x000000000010e577       0x68 /home/wrsadmin/github/syslinux-6.03/bios/com32/lib/libcom32core.a(exit.o)
                0x000000000010e577                _exit
                0x000000000010e599                exit
                0x000000000010e5ce                _Exit
 .text          0x000000000010e5df      0x868 /home/wrsadmin/github/syslinux-6.03/bios/com32/lib/libcom32core.a(common.o)
                0x000000000010e5df                findpath
                0x000000000010e684                image_load
                0x000000000010e6b6                image_unload
                0x000000000010e6ed                image_read
                0x000000000010e725                image_skip
                0x000000000010e77a                image_seek
                0x000000000010e79e                modules_init
                0x000000000010e7a1                modules_term
                0x000000000010e7a2                module_alloc
                0x000000000010e819                module_dep_alloc
                0x000000000010e83d                module_find
                0x000000000010e88a                check_header_common
                0x000000000010e8ce                enforce_dependency
                0x000000000010e93c                clear_dependency
                0x000000000010e9a4                module_unloadable
                0x000000000010e9b7                _module_unload
                0x000000000010ea39                module_unload
                0x000000000010ea6d                unload_modules_since
                0x000000000010eaff                module_find_symbol
                0x000000000010ecad                check_symbols
                0x000000000010edb7                global_find_symbol
 .text          0x000000000010ee47      0x415 /home/wrsadmin/github/syslinux-6.03/bios/com32/lib/libcom32core.a(elf_module.o)
                0x000000000010ee47                load_segments
                0x000000000010f083                perform_relocation
                0x000000000010f16f                resolve_symbols
 .text          0x000000000010f25c       0xde /home/wrsadmin/github/syslinux-6.03/bios/com32/lib/libcom32core.a(elfutils.o)
                0x000000000010f25c                elf_hash
                0x000000000010f2a7                elf_gnu_hash
                0x000000000010f2c1                elf_malloc
                0x000000000010f324                elf_free
 .text          0x000000000010f33a      0x16b /home/wrsadmin/github/syslinux-6.03/bios/com32/lib/libcom32core.a(exec.o)
                0x000000000010f33a                get_module_type
                0x000000000010f348                spawn_load
                0x000000000010f492                exec_term
 .text          0x000000000010f4a5      0x470 /home/wrsadmin/github/syslinux-6.03/bios/com32/lib/libcom32core.a(elf_module.o)
                0x000000000010f4a5                undefined_symbol
                0x000000000010f4c1                module_load
 .text          0x000000000010f915       0x93 libldlinux.a(plaincon.o)
                0x000000000010f915                writechr
                0x000000000010f99f                pm_writechr
 .text          0x000000000010f9a8      0x131 libldlinux.a(localboot.o)
                0x000000000010f9a8                local_boot
                0x000000000010fad0                pm_local_boot
 .text          0x000000000010fad9       0x42 libldlinux.a(ldlinux-c.o)
                0x000000000010fad9                get_derivative_info
 *(.text.*)
 .text.__x86.get_pc_thunk.ax
                0x000000000010fb1b        0x4 libcom32.a(graphics.o)
                0x000000000010fb1b                __x86.get_pc_thunk.ax
 .text.__x86.get_pc_thunk.bx
                0x000000000010fb1f        0x4 libcom32.a(graphics.o)
                0x000000000010fb1f                __x86.get_pc_thunk.bx
 .text.__x86.get_pc_thunk.dx
                0x000000000010fb23        0x4 libcom32.a(conio.o)
                0x000000000010fb23                __x86.get_pc_thunk.dx
 .text.unlikely
                0x000000000010fb27       0x1e libcom32.a(ntfs.o)
 .text.__x86.get_pc_thunk.di
                0x000000000010fb45        0x4 libcom32.a(btrfs.o)
                0x000000000010fb45                __x86.get_pc_thunk.di
 .text.__x86.get_pc_thunk.bp
                0x000000000010fb49        0x4 libcom32.a(fat.o)
                0x000000000010fb49                __x86.get_pc_thunk.bp
 .text.__x86.get_pc_thunk.cx
                0x000000000010fb4d        0x4 libcom32.a(fs.o)
                0x000000000010fb4d                __x86.get_pc_thunk.cx
 .text.__x86.get_pc_thunk.si
                0x000000000010fb51        0x4 libcom32.a(fs.o)
                0x000000000010fb51                __x86.get_pc_thunk.si
                0x000000000010fb55                __text_end = .

.plt            0x000000000010fb60        0x0 load address 0x00000000000192c0
 .plt           0x000000000010fb60        0x0 ldlinux.o

.plt.got        0x000000000010fb58        0x0 load address 0x00000000000192b8
 .plt.got       0x000000000010fb58        0x0 ldlinux.o
                0x000000000010fb60                . = ALIGN (0x10)
                0x000000000010fb60                __rodata_vma = .
                0x00000000000192c0                __rodata_lma = ((__rodata_vma + __text_lma) - __text_vma)

.rodata         0x000000000010fb60     0x1755 load address 0x00000000000192c0
                0x000000000010fb60                __rodata_start = .
 *(.rodata)
 .rodata        0x000000000010fb60       0x20 ldlinux.o
                0x000000000010fb7c                __syslinux_shuffler_size
 .rodata        0x000000000010fb80       0x54 libcom32.a(xfs.o)
 .rodata        0x000000000010fbd4       0x6e libcom32.a(xfs_dir2.o)
 *fill*         0x000000000010fc42        0x2 
 .rodata        0x000000000010fc44        0xe libcom32.a(ufs.o)
 *fill*         0x000000000010fc52        0xe 
 .rodata        0x000000000010fc60       0x20 libcom32.a(ext2.o)
 .rodata        0x000000000010fc80      0x620 libcom32.a(codepage.o)
                0x000000000010fc80                codepage
 .rodata        0x00000000001102a0        0x6 libcom32.a(sysappend.o)
 *fill*         0x00000000001102a6        0x2 
 .rodata        0x00000000001102a8       0x14 libcom32.a(xfs_dinode.o)
 .rodata        0x00000000001102bc       0x6b libcom32.a(xfs_readdir.o)
 *fill*         0x0000000000110327        0x1 
 .rodata        0x0000000000110328        0xe libcom32.a(dmi.o)
 *fill*         0x0000000000110336        0x2 
 .rodata        0x0000000000110338       0x7d /home/wrsadmin/github/syslinux-6.03/bios/com32/lib/libcom32core.a(vsnprintf.o)
 *fill*         0x00000000001103b5        0xb 
 .rodata        0x00000000001103c0      0x101 /home/wrsadmin/github/syslinux-6.03/bios/com32/lib/libcom32core.a(ctypes.o)
                0x00000000001103c0                __ctypes
 *fill*         0x00000000001104c1        0x3 
 .rodata        0x00000000001104c4       0x24 /home/wrsadmin/github/syslinux-6.03/bios/com32/lib/libcom32core.a(elf_module.o)
 *(.rodata.*)
 .rodata.str1.1
                0x00000000001104e8        0x2 libcom32.a(conio.o)
 .rodata.str1.1
                0x00000000001104ea      0x248 libcom32.a(ntfs.o)
                                        0x258 (size before relaxing)
 .rodata.str1.1
                0x0000000000110732       0xe3 libcom32.a(btrfs.o)
 .rodata.str1.1
                0x0000000000110815       0x2c libcom32.a(loadconfig.o)
                                         0x36 (size before relaxing)
 .rodata.str1.1
                0x0000000000110841       0x25 libcom32.a(fat.o)
                                         0x62 (size before relaxing)
 .rodata.str1.1
                0x0000000000110866       0x5b libcom32.a(diskio_bios.o)
 .rodata.str1.1
                0x00000000001108c1      0x1ca libcom32.a(xfs.o)
                                        0x1f7 (size before relaxing)
 .rodata.str1.1
                0x0000000000110a8b      0x1e9 libcom32.a(xfs_dir2.o)
                                        0x22a (size before relaxing)
 .rodata.str1.1
                0x0000000000110c74       0x41 libcom32.a(fs.o)
                                         0x46 (size before relaxing)
 .rodata.str1.1
                0x0000000000110cb5        0x2 libcom32.a(chdir.o)
 .rodata.str1.1
                0x0000000000110cb5       0x55 libcom32.a(ufs.o)
                                         0x82 (size before relaxing)
 .rodata.str1.1
                0x0000000000110d0a       0xea libcom32.a(ext2.o)
                                        0x117 (size before relaxing)
 .rodata.str1.1
                0x0000000000110df4       0x3f libcom32.a(bmap.o)
 .rodata.str1.1
                0x0000000000110e33       0x55 libcom32.a(hello.o)
                                         0x5a (size before relaxing)
 .rodata.str1.1
                0x0000000000110e88        0x2 libcom32.a(font.o)
 .rodata.str1.1
                0x0000000000110e88       0x6b libcom32.a(load_env32.o)
                                         0x90 (size before relaxing)
 .rodata.str1.1
                0x0000000000110ef3       0xd2 libcom32.a(bios.o)
 .rodata.str1.1
                0x0000000000110fc5       0xd2 libcom32.a(sysappend.o)
                                          0xc (size before relaxing)
 .rodata.str1.1
                0x0000000000110fc5       0x30 libcom32.a(free.o)
 .rodata.str1.1
                0x0000000000110ff5        0x7 libcom32.a(searchconfig.o)
                                          0xa (size before relaxing)
 .rodata.str1.1
                0x0000000000110ffc       0x35 libcom32.a(xfs_dinode.o)
                                         0x75 (size before relaxing)
 .rodata.str1.1
                0x0000000000111031       0xae libcom32.a(xfs_readdir.o)
                                        0x272 (size before relaxing)
 .rodata.str1.1
                0x00000000001110df       0x9b libcom32.a(dmi.o)
 .rodata.str1.1
                0x000000000011117a        0x5 libcom32.a(root_thread.o)
 .rodata.str1.1
                0x000000000011117f        0x7 /home/wrsadmin/github/syslinux-6.03/bios/com32/lib/libcom32core.a(vsnprintf.o)
 .rodata.str1.1
                0x0000000000111186        0x2 /home/wrsadmin/github/syslinux-6.03/bios/com32/lib/libcom32core.a(puts.o)
 .rodata.str1.1
                0x0000000000111186       0x1a /home/wrsadmin/github/syslinux-6.03/bios/com32/lib/libcom32core.a(debug.o)
 .rodata.str1.1
                0x00000000001111a0       0x1a /home/wrsadmin/github/syslinux-6.03/bios/com32/lib/libcom32core.a(common.o)
                                         0x24 (size before relaxing)
 .rodata.str1.1
                0x00000000001111ba       0x11 /home/wrsadmin/github/syslinux-6.03/bios/com32/lib/libcom32core.a(elf_module.o)
 .rodata.str1.1
                0x00000000001111cb       0xcf /home/wrsadmin/github/syslinux-6.03/bios/com32/lib/libcom32core.a(elf_module.o)
 .rodata.str1.1
                0x000000000011129a       0x1b libldlinux.a(localboot.o)
                0x00000000001112b5                __rodata_end = .

.gnu.version_d  0x00000000001112b8        0x0 load address 0x000000000001aa18
 .gnu.version_d
                0x00000000001112b8        0x0 ldlinux.o

.gnu.version    0x00000000001112b6        0x0 load address 0x000000000001aa16
 .gnu.version   0x00000000001112b6        0x0 ldlinux.o

.gnu.version_r  0x00000000001112b8        0x0 load address 0x000000000001aa18
 .gnu.version_r
                0x00000000001112b8        0x0 ldlinux.o
                0x00000000001112b8                . = ALIGN (0x4)
                0x00000000001112b8                __ctors_vma = .
                0x000000000001aa18                __ctors_lma = ((__ctors_vma + __text_lma) - __text_vma)

.ctors          0x00000000001112b8        0x0 load address 0x000000000001aa18
                0x00000000001112b8                __ctors_start = .
 *(SORT(.ctors.*))
 *(.ctors)
                0x00000000001112b8                __ctors_end = .
                0x00000000001112b8                __dtors_vma = .
                0x000000000001aa18                __dtors_lma = ((__dtors_vma + __text_lma) - __text_vma)

.dtors          0x00000000001112b8        0x0 load address 0x000000000001aa18
                0x00000000001112b8                __dtors_start = .
 *(SORT(.dtors.*))
 *(.dtors)
                0x00000000001112b8                __dtors_end = .
                0x00000000001112b8                . = ALIGN (0x4)
                0x00000000001112b8                __dynsym_vma = .
                0x000000000001aa18                __dynsym_lma = ((__dynsym_vma + __text_lma) - __text_vma)

.dynsym         0x00000000001112b8     0x1850 load address 0x000000000001aa18
                0x00000000001112b8                __dynsym_start = .
 *(.dynsym)
 .dynsym        0x00000000001112b8     0x1850 ldlinux.o
                0x0000000000112b08                __dynsym_end = .
                0x0000000000001850                __dynsym_len = (__dynsym_end - __dynsym_start)
                0x0000000000112b08                . = ALIGN (0x4)
                0x0000000000112b08                __dynstr_vma = .
                0x000000000001c268                __dynstr_lma = ((__dynstr_vma + __text_lma) - __text_vma)

.dynstr         0x0000000000112b08     0x121b load address 0x000000000001c268
                0x0000000000112b08                __dynstr_start = .
 *(.dynstr)
 .dynstr        0x0000000000112b08     0x121b ldlinux.o
                0x0000000000113d23                __dynstr_end = .
                0x000000000000121b                __dynstr_len = (__dynstr_end - __dynstr_start)
                0x0000000000113d24                . = ALIGN (0x4)
                0x0000000000113d24                __gnu_hash_vma = .
                0x000000000001d484                __gnu_hash_lma = ((__gnu_hash_vma + __text_lma) - __text_vma)

.gnu.hash       0x0000000000113d24      0xafc load address 0x000000000001d484
                0x0000000000113d24                __gnu_hash_start = .
 *(.gnu.hash)
 .gnu.hash      0x0000000000113d24      0xafc ldlinux.o
                0x0000000000114820                __gnu_hash_end = .

.rel.dyn        0x0000000000114820      0x808 load address 0x000000000001df80
 .rel.plt       0x0000000000114820        0x0 ldlinux.o
 .rel.got       0x0000000000114820       0x30 ldlinux.o
 .rel.bss       0x0000000000114850        0x0 ldlinux.o
 .rel.data.rel.ro
                0x0000000000114850      0x2b8 ldlinux.o
 .rel.text16    0x0000000000114b08       0x98 ldlinux.o
 .rel.textnr    0x0000000000114ba0       0x88 ldlinux.o
 .rel.bcopyxx.text
                0x0000000000114c28       0x28 ldlinux.o
 .rel.bcopyxx.data
                0x0000000000114c50        0x8 ldlinux.o
 .rel.data16    0x0000000000114c58       0x38 ldlinux.o
 .rel.rodata    0x0000000000114c90       0x38 ldlinux.o
 .rel.text      0x0000000000114cc8       0x90 ldlinux.o
 .rel.data      0x0000000000114d58        0x8 ldlinux.o
 .rel.prefix    0x0000000000114d60       0x18 ldlinux.o
 .rel.data.rel.local
                0x0000000000114d78      0x130 ldlinux.o
 .rel.data.rel  0x0000000000114ea8       0xf0 ldlinux.o
 .rel.data.rel.ro.local
                0x0000000000114f98       0x90 ldlinux.o
                0x0000000000115028                . = ALIGN (0x4)
                0x0000000000115028                __dynlink_vma = .
                0x000000000001e788                __dynlink_lma = ((__dynlink_vma + __text_lma) - __text_vma)

.dynlink        0x0000000000115028        0x0 load address 0x000000000001e788
                0x0000000000115028                __dynlink_start = .
 *(.dynlink)
                0x0000000000115028                __dynlink_end = .
                0x0000000000115028                . = ALIGN (0x4)
                0x0000000000115028                __got_vma = .
                0x000000000001e788                __got_lma = ((__got_vma + __text_lma) - __text_vma)

.got            0x0000000000115028       0x24 load address 0x000000000001e788
                0x0000000000115028                __got_start = .
 *(.got.plt)
 .got.plt       0x0000000000115028        0xc ldlinux.o
                0x0000000000115028                _GLOBAL_OFFSET_TABLE_
 *(.got)
 .got           0x0000000000115034       0x18 ldlinux.o
                0x000000000011504c                __got_end = .
                0x000000000011504c                . = ALIGN (0x4)
                0x000000000011504c                __dynamic_vma = .
                0x000000000001e7ac                __dynamic_lma = ((__dynamic_vma + __text_lma) - __text_vma)

.dynamic        0x000000000011504c       0x98 load address 0x000000000001e7ac
                0x000000000011504c                __dynamic_start = .
 *(.dynamic)
 .dynamic       0x000000000011504c       0x98 ldlinux.o
                0x000000000011504c                _DYNAMIC
                0x00000000001150e4                __dynamic_end = .
                0x00000000001150f0                . = ALIGN (0x10)
                0x00000000001150f0                __data_vma = .
                0x000000000001e850                __data_lma = ((__data_vma + __text_lma) - __text_vma)

.data           0x0000000000115100      0x888 load address 0x000000000001e850
                0x0000000000115100                __data_start = .
 *(.data)
 .data          0x0000000000115100        0x8 ldlinux.o
                0x0000000000115100                __syslinux_adv_ptr
                0x0000000000115104                __syslinux_adv_size
 .data          0x0000000000115108       0x14 libcom32.a(graphics.o)
                0x000000000011511a                VGAFontSize
 .data          0x000000000011511c        0x0 libcom32.a(writehex.o)
 .data          0x000000000011511c        0x6 libcom32.a(conio.o)
                0x000000000011511c                ScrollAttribute
                0x000000000011511d                DisplayMask
                0x000000000011511e                DisplayCon
                0x0000000000115120                BaudDivisor
 .data          0x0000000000115122        0x0 libcom32.a(writestr.o)
 .data          0x0000000000115122        0x0 libcom32.a(init.o)
 .data          0x0000000000115122        0x0 libcom32.a(rllpack.o)
 .data          0x0000000000115122        0x0 libcom32.a(ntfs.o)
 .data          0x0000000000115122        0x0 libcom32.a(readdir.o)
 .data          0x0000000000115122        0x0 libcom32.a(btrfs.o)
 .data          0x0000000000115122        0x0 libcom32.a(mangle.o)
 .data          0x0000000000115122        0x0 libcom32.a(loadconfig.o)
 .data          0x0000000000115122        0x0 libcom32.a(close.o)
 .data          0x0000000000115122        0x0 libcom32.a(chdir.o)
 .data          0x0000000000115122        0x0 libcom32.a(fat.o)
 .data          0x0000000000115122        0x0 libcom32.a(getfssec.o)
 .data          0x0000000000115122        0x0 libcom32.a(cache.o)
 .data          0x0000000000115122        0x0 libcom32.a(diskio.o)
 .data          0x0000000000115122        0x0 libcom32.a(diskio_bios.o)
 .data          0x0000000000115122        0x0 libcom32.a(xfs.o)
 .data          0x0000000000115122        0x0 libcom32.a(xfs_dir2.o)
 .data          0x0000000000115122        0x2 libcom32.a(fs.o)
 .data          0x0000000000115124        0x0 libcom32.a(chdir.o)
 .data          0x0000000000115124        0x0 libcom32.a(ufs.o)
 .data          0x0000000000115124        0x0 libcom32.a(ext2.o)
 .data          0x0000000000115124        0x0 libcom32.a(bmap.o)
 .data          0x0000000000115124        0xe libcom32.a(hello.o)
 .data          0x0000000000115132        0x0 libcom32.a(errno.o)
 .data          0x0000000000115132        0x0 libcom32.a(cleanup.o)
 .data          0x0000000000115132        0x0 libcom32.a(pmapi.o)
 .data          0x0000000000115132        0x4 libcom32.a(font.o)
                0x0000000000115132                GXPixRows
                0x0000000000115134                GXPixCols
 .data          0x0000000000115136        0x0 libcom32.a(load_env32.o)
 .data          0x0000000000115136        0x0 libcom32.a(bios.o)
 .data          0x0000000000115136        0x0 libcom32.a(serirq.o)
 .data          0x0000000000115136        0x0 libcom32.a(init.o)
 .data          0x0000000000115136        0x0 libcom32.a(idle.o)
 .data          0x0000000000115136        0x0 libcom32.a(call16.o)
 .data          0x0000000000115136        0x0 libcom32.a(lzo1x_f2.o)
 .data          0x0000000000115136        0x0 libcom32.a(codepage.o)
 *fill*         0x0000000000115136        0xa 
 .data          0x0000000000115140       0x6d libcom32.a(sysappend.o)
 .data          0x00000000001151ad        0x0 libcom32.a(path.o)
 .data          0x00000000001151ad        0x0 libcom32.a(malloc.o)
 .data          0x00000000001151ad        0x0 libcom32.a(free.o)
 .data          0x00000000001151ad        0x0 libcom32.a(kaboom.o)
 .data          0x00000000001151ad        0x0 libcom32.a(searchconfig.o)
 .data          0x00000000001151ad        0x0 libcom32.a(xfs_dinode.o)
 .data          0x00000000001151ad        0x0 libcom32.a(xfs_readdir.o)
 .data          0x00000000001151ad        0x0 libcom32.a(bmap.o)
 .data          0x00000000001151ad        0x0 libcom32.a(getcwd.o)
 *fill*         0x00000000001151ad        0x3 
 .data          0x00000000001151b0       0x18 libcom32.a(dmi.o)
 .data          0x00000000001151c8        0x0 libcom32.a(sem_asm.o)
 .data          0x00000000001151c8        0x0 libcom32.a(semaphore.o)
 .data          0x00000000001151c8        0x0 libcom32.a(schedule.o)
 .data          0x00000000001151c8        0x0 libcom32.a(root_thread.o)
 .data          0x00000000001151c8        0x0 libcom32.a(thread_asm.o)
 .data          0x00000000001151c8        0x0 libcom32.a(exit_thread.o)
 .data          0x00000000001151c8        0x0 /home/wrsadmin/github/syslinux-6.03/bios/com32/lib/libcom32core.a(memcpy.o)
 .data          0x00000000001151c8        0x0 /home/wrsadmin/github/syslinux-6.03/bios/com32/lib/libcom32core.a(memset.o)
 .data          0x00000000001151c8        0x0 /home/wrsadmin/github/syslinux-6.03/bios/com32/lib/libcom32core.a(memcmp.o)
 .data          0x00000000001151c8        0x0 /home/wrsadmin/github/syslinux-6.03/bios/com32/lib/libcom32core.a(printf.o)
 .data          0x00000000001151c8        0x0 /home/wrsadmin/github/syslinux-6.03/bios/com32/lib/libcom32core.a(strncmp.o)
 .data          0x00000000001151c8        0x0 /home/wrsadmin/github/syslinux-6.03/bios/com32/lib/libcom32core.a(vfprintf.o)
 .data          0x00000000001151c8        0x0 /home/wrsadmin/github/syslinux-6.03/bios/com32/lib/libcom32core.a(strlen.o)
 .data          0x00000000001151c8        0x0 /home/wrsadmin/github/syslinux-6.03/bios/com32/lib/libcom32core.a(vsnprintf.o)
 .data          0x00000000001151c8        0x0 /home/wrsadmin/github/syslinux-6.03/bios/com32/lib/libcom32core.a(snprintf.o)
 .data          0x00000000001151c8        0x0 /home/wrsadmin/github/syslinux-6.03/bios/com32/lib/libcom32core.a(stpcpy.o)
 .data          0x00000000001151c8        0x0 /home/wrsadmin/github/syslinux-6.03/bios/com32/lib/libcom32core.a(strcmp.o)
 .data          0x00000000001151c8        0x0 /home/wrsadmin/github/syslinux-6.03/bios/com32/lib/libcom32core.a(strdup.o)
 .data          0x00000000001151c8        0x0 /home/wrsadmin/github/syslinux-6.03/bios/com32/lib/libcom32core.a(strcpy.o)
 .data          0x00000000001151c8        0x0 /home/wrsadmin/github/syslinux-6.03/bios/com32/lib/libcom32core.a(strncpy.o)
 .data          0x00000000001151c8        0x0 /home/wrsadmin/github/syslinux-6.03/bios/com32/lib/libcom32core.a(setjmp.o)
 .data          0x00000000001151c8        0x0 /home/wrsadmin/github/syslinux-6.03/bios/com32/lib/libcom32core.a(fopen.o)
 .data          0x00000000001151c8        0x0 /home/wrsadmin/github/syslinux-6.03/bios/com32/lib/libcom32core.a(fread.o)
 .data          0x00000000001151c8        0x0 /home/wrsadmin/github/syslinux-6.03/bios/com32/lib/libcom32core.a(fread2.o)
 .data          0x00000000001151c8        0x0 /home/wrsadmin/github/syslinux-6.03/bios/com32/lib/libcom32core.a(puts.o)
 .data          0x00000000001151c8        0x0 /home/wrsadmin/github/syslinux-6.03/bios/com32/lib/libcom32core.a(strtoul.o)
 .data          0x00000000001151c8        0x0 /home/wrsadmin/github/syslinux-6.03/bios/com32/lib/libcom32core.a(strntoumax.o)
 .data          0x00000000001151c8        0x0 /home/wrsadmin/github/syslinux-6.03/bios/com32/lib/libcom32core.a(strcasecmp.o)
 .data          0x00000000001151c8        0x0 /home/wrsadmin/github/syslinux-6.03/bios/com32/lib/libcom32core.a(sprintf.o)
 .data          0x00000000001151c8        0x0 /home/wrsadmin/github/syslinux-6.03/bios/com32/lib/libcom32core.a(strlcat.o)
 .data          0x00000000001151c8        0x0 /home/wrsadmin/github/syslinux-6.03/bios/com32/lib/libcom32core.a(strchr.o)
 .data          0x00000000001151c8        0x0 /home/wrsadmin/github/syslinux-6.03/bios/com32/lib/libcom32core.a(strlcpy.o)
 .data          0x00000000001151c8        0x0 /home/wrsadmin/github/syslinux-6.03/bios/com32/lib/libcom32core.a(strncasecmp.o)
 .data          0x00000000001151c8        0x0 /home/wrsadmin/github/syslinux-6.03/bios/com32/lib/libcom32core.a(ctypes.o)
 .data          0x00000000001151c8        0x0 /home/wrsadmin/github/syslinux-6.03/bios/com32/lib/libcom32core.a(fputs.o)
 .data          0x00000000001151c8        0x0 /home/wrsadmin/github/syslinux-6.03/bios/com32/lib/libcom32core.a(fwrite2.o)
 .data          0x00000000001151c8        0x0 /home/wrsadmin/github/syslinux-6.03/bios/com32/lib/libcom32core.a(fwrite.o)
 .data          0x00000000001151c8        0x0 /home/wrsadmin/github/syslinux-6.03/bios/com32/lib/libcom32core.a(fgetc.o)
 .data          0x00000000001151c8        0x0 /home/wrsadmin/github/syslinux-6.03/bios/com32/lib/libcom32core.a(fclose.o)
 .data          0x00000000001151c8        0x0 /home/wrsadmin/github/syslinux-6.03/bios/com32/lib/libcom32core.a(lmalloc.o)
 .data          0x00000000001151c8        0x0 /home/wrsadmin/github/syslinux-6.03/bios/com32/lib/libcom32core.a(err_read.o)
 .data          0x00000000001151c8        0x0 /home/wrsadmin/github/syslinux-6.03/bios/com32/lib/libcom32core.a(err_write.o)
 .data          0x00000000001151c8        0x0 /home/wrsadmin/github/syslinux-6.03/bios/com32/lib/libcom32core.a(null_read.o)
 .data          0x00000000001151c8        0x0 /home/wrsadmin/github/syslinux-6.03/bios/com32/lib/libcom32core.a(stdcon_write.o)
 .data          0x00000000001151c8        0x0 /home/wrsadmin/github/syslinux-6.03/bios/com32/lib/libcom32core.a(memscan.o)
 .data          0x00000000001151c8        0x0 /home/wrsadmin/github/syslinux-6.03/bios/com32/lib/libcom32core.a(strrchr.o)
 .data          0x00000000001151c8        0x0 /home/wrsadmin/github/syslinux-6.03/bios/com32/lib/libcom32core.a(strcat.o)
 .data          0x00000000001151c8        0x0 /home/wrsadmin/github/syslinux-6.03/bios/com32/lib/libcom32core.a(__ashldi3.o)
 .data          0x00000000001151c8        0x0 /home/wrsadmin/github/syslinux-6.03/bios/com32/lib/libcom32core.a(__udivdi3.o)
 .data          0x00000000001151c8        0x0 /home/wrsadmin/github/syslinux-6.03/bios/com32/lib/libcom32core.a(__negdi2.o)
 .data          0x00000000001151c8        0x0 /home/wrsadmin/github/syslinux-6.03/bios/com32/lib/libcom32core.a(__ashrdi3.o)
 .data          0x00000000001151c8        0x0 /home/wrsadmin/github/syslinux-6.03/bios/com32/lib/libcom32core.a(__lshrdi3.o)
 .data          0x00000000001151c8        0x0 /home/wrsadmin/github/syslinux-6.03/bios/com32/lib/libcom32core.a(__muldi3.o)
 .data          0x00000000001151c8        0x0 /home/wrsadmin/github/syslinux-6.03/bios/com32/lib/libcom32core.a(__udivmoddi4.o)
 .data          0x00000000001151c8        0x0 /home/wrsadmin/github/syslinux-6.03/bios/com32/lib/libcom32core.a(__umoddi3.o)
 .data          0x00000000001151c8        0x0 /home/wrsadmin/github/syslinux-6.03/bios/com32/lib/libcom32core.a(__divdi3.o)
 .data          0x00000000001151c8        0x0 /home/wrsadmin/github/syslinux-6.03/bios/com32/lib/libcom32core.a(__moddi3.o)
 .data          0x00000000001151c8        0x0 /home/wrsadmin/github/syslinux-6.03/bios/com32/lib/libcom32core.a(debug.o)
 .data          0x00000000001151c8        0x0 /home/wrsadmin/github/syslinux-6.03/bios/com32/lib/libcom32core.a(intcall.o)
 .data          0x00000000001151c8        0x0 /home/wrsadmin/github/syslinux-6.03/bios/com32/lib/libcom32core.a(farcall.o)
 .data          0x00000000001151c8        0x0 /home/wrsadmin/github/syslinux-6.03/bios/com32/lib/libcom32core.a(cfarcall.o)
 .data          0x00000000001151c8        0x0 /home/wrsadmin/github/syslinux-6.03/bios/com32/lib/libcom32core.a(zeroregs.o)
 .data          0x00000000001151c8        0x0 /home/wrsadmin/github/syslinux-6.03/bios/com32/lib/libcom32core.a(argv.o)
 .data          0x00000000001151c8        0x0 /home/wrsadmin/github/syslinux-6.03/bios/com32/lib/libcom32core.a(sleep.o)
 .data          0x00000000001151c8        0x0 /home/wrsadmin/github/syslinux-6.03/bios/com32/lib/libcom32core.a(fileinfo.o)
 .data          0x00000000001151c8        0x0 /home/wrsadmin/github/syslinux-6.03/bios/com32/lib/libcom32core.a(opendev.o)
 .data          0x00000000001151c8        0x0 /home/wrsadmin/github/syslinux-6.03/bios/com32/lib/libcom32core.a(read.o)
 .data          0x00000000001151c8        0x0 /home/wrsadmin/github/syslinux-6.03/bios/com32/lib/libcom32core.a(write.o)
 .data          0x00000000001151c8        0x0 /home/wrsadmin/github/syslinux-6.03/bios/com32/lib/libcom32core.a(ftell.o)
 .data          0x00000000001151c8        0x0 /home/wrsadmin/github/syslinux-6.03/bios/com32/lib/libcom32core.a(close.o)
 .data          0x00000000001151c8        0x0 /home/wrsadmin/github/syslinux-6.03/bios/com32/lib/libcom32core.a(open.o)
 .data          0x00000000001151c8        0x0 /home/wrsadmin/github/syslinux-6.03/bios/com32/lib/libcom32core.a(fileread.o)
 .data          0x00000000001151c8        0x0 /home/wrsadmin/github/syslinux-6.03/bios/com32/lib/libcom32core.a(fileclose.o)
 .data          0x00000000001151c8        0x0 /home/wrsadmin/github/syslinux-6.03/bios/com32/lib/libcom32core.a(openmem.o)
 .data          0x00000000001151c8        0x0 /home/wrsadmin/github/syslinux-6.03/bios/com32/lib/libcom32core.a(isatty.o)
 .data          0x00000000001151c8        0x0 /home/wrsadmin/github/syslinux-6.03/bios/com32/lib/libcom32core.a(fstat.o)
 .data          0x00000000001151c8        0x0 /home/wrsadmin/github/syslinux-6.03/bios/com32/lib/libcom32core.a(dprintf.o)
 .data          0x00000000001151c8        0x0 /home/wrsadmin/github/syslinux-6.03/bios/com32/lib/libcom32core.a(vdprintf.o)
 .data          0x00000000001151c8        0x0 /home/wrsadmin/github/syslinux-6.03/bios/com32/lib/libcom32core.a(idle.o)
 .data          0x00000000001151c8        0x0 /home/wrsadmin/github/syslinux-6.03/bios/com32/lib/libcom32core.a(exit.o)
 .data          0x00000000001151c8        0x0 /home/wrsadmin/github/syslinux-6.03/bios/com32/lib/libcom32core.a(common.o)
 .data          0x00000000001151c8        0x0 /home/wrsadmin/github/syslinux-6.03/bios/com32/lib/libcom32core.a(elf_module.o)
 .data          0x00000000001151c8        0x0 /home/wrsadmin/github/syslinux-6.03/bios/com32/lib/libcom32core.a(elfutils.o)
 .data          0x00000000001151c8        0x0 /home/wrsadmin/github/syslinux-6.03/bios/com32/lib/libcom32core.a(exec.o)
 .data          0x00000000001151c8        0x0 /home/wrsadmin/github/syslinux-6.03/bios/com32/lib/libcom32core.a(elf_module.o)
 .data          0x00000000001151c8        0x0 libldlinux.a(plaincon.o)
 .data          0x00000000001151c8        0x0 libldlinux.a(localboot.o)
 .data          0x00000000001151c8        0x0 libldlinux.a(ldlinux-c.o)
 *(.data.*)
 .data.rel.ro   0x00000000001151c8        0x0 ldlinux.o
 *fill*         0x00000000001151c8       0x18 
 .data.rel.ro   0x00000000001151e0       0x48 libcom32.a(ntfs.o)
                0x00000000001151e0                ntfs_fs_ops
 *fill*         0x0000000000115228       0x18 
 .data.rel.ro   0x0000000000115240       0x48 libcom32.a(btrfs.o)
                0x0000000000115240                btrfs_fs_ops
 .data.rel.local
                0x0000000000115288       0x20 libcom32.a(loadconfig.o)
 *fill*         0x00000000001152a8       0x18 
 .data.rel.ro   0x00000000001152c0       0x48 libcom32.a(fat.o)
                0x00000000001152c0                vfat_fs_ops
 *fill*         0x0000000000115308       0x18 
 .data.rel.ro   0x0000000000115320       0x48 libcom32.a(xfs.o)
                0x0000000000115320                xfs_fs_ops
 *fill*         0x0000000000115368       0x18 
 .data.rel.ro   0x0000000000115380       0x48 libcom32.a(ufs.o)
                0x0000000000115380                ufs_fs_ops
 *fill*         0x00000000001153c8       0x18 
 .data.rel.ro   0x00000000001153e0       0x48 libcom32.a(ext2.o)
                0x00000000001153e0                ext2_fs_ops
 *fill*         0x0000000000115428       0x18 
 .data.rel.ro   0x0000000000115440       0x44 libcom32.a(pmapi.o)
                0x0000000000115440                pm_api_vector
 .data.rel.local
                0x0000000000115484       0x20 libcom32.a(load_env32.o)
 *fill*         0x00000000001154a4       0x1c 
 .data.rel      0x00000000001154c0      0x278 libcom32.a(load_env32.o)
                0x00000000001154c0                core_module
 *fill*         0x0000000000115738        0x8 
 .data.rel      0x0000000000115740       0x44 libcom32.a(bios.o)
                0x0000000000115740                bios_fw
                0x000000000011576c                bios_mem_ops
                0x0000000000115778                bios_input_ops
 *fill*         0x0000000000115784       0x1c 
 .data.rel.local
                0x00000000001157a0       0x44 libcom32.a(bios.o)
                0x00000000001157ac                bios_vesa_ops
                0x00000000001157b8                bios_adv_ops
                0x00000000001157c0                bios_output_ops
 .data.rel.local
                0x00000000001157e4        0x8 libcom32.a(serirq.o)
                0x00000000001157e4                SerialTail
                0x00000000001157e8                SerialHead
 .data.rel.local
                0x00000000001157ec        0x8 libcom32.a(path.o)
                0x00000000001157ec                PATH
 .data.rel.local
                0x00000000001157f4        0xc libcom32.a(malloc.o)
                0x00000000001157f4                __malloc_semaphore
 .data.rel.ro.local
                0x0000000000115800       0xa8 libcom32.a(dmi.o)
 *fill*         0x00000000001158a8       0x18 
 .data.rel.local
                0x00000000001158c0       0x48 libcom32.a(root_thread.o)
                0x00000000001158c0                __current
                0x00000000001158e0                __root_thread
 .data.rel.ro.local
                0x0000000000115908       0x14 /home/wrsadmin/github/syslinux-6.03/bios/com32/lib/libcom32core.a(err_read.o)
                0x0000000000115908                dev_error_r
 .data.rel.ro.local
                0x000000000011591c       0x18 /home/wrsadmin/github/syslinux-6.03/bios/com32/lib/libcom32core.a(err_write.o)
                0x000000000011591c                dev_error_w
 .data.rel.ro.local
                0x0000000000115934       0x14 /home/wrsadmin/github/syslinux-6.03/bios/com32/lib/libcom32core.a(null_read.o)
                0x0000000000115934                dev_null_r
 .data.rel.ro.local
                0x0000000000115948       0x18 /home/wrsadmin/github/syslinux-6.03/bios/com32/lib/libcom32core.a(stdcon_write.o)
                0x0000000000115948                dev_stdcon_w
 .data.rel.local
                0x0000000000115960        0x8 /home/wrsadmin/github/syslinux-6.03/bios/com32/lib/libcom32core.a(memscan.o)
 .data.rel      0x0000000000115968        0x4 /home/wrsadmin/github/syslinux-6.03/bios/com32/lib/libcom32core.a(argv.o)
                0x0000000000115968                __mem_end
 .data.rel.ro   0x000000000011596c       0x14 /home/wrsadmin/github/syslinux-6.03/bios/com32/lib/libcom32core.a(open.o)
                0x000000000011596c                __file_dev
 .data.rel      0x0000000000115980        0x8 /home/wrsadmin/github/syslinux-6.03/bios/com32/lib/libcom32core.a(common.o)
                0x0000000000115980                modules_head
                0x0000000000115988                __data_end = .
                0x0000000000115988                __pm_code_end = .
                0x0000000000015988                __pm_code_len = (ABSOLUTE (__pm_code_end) - ABSOLUTE (__pm_code_start))
                0x0000000000005662                __pm_code_dwords = ((__pm_code_len + 0x3) >> 0x2)
                0x0000000000115a00                . = ALIGN (0x80)
                0x0000000000115a00                __bss_vma = .
                0x0000000000115a00                __bss_lma = .

.bss            0x0000000000115a00   0x205018
                0x0000000000115a00                __bss_start = .
 *(.bss)
 .bss           0x0000000000115a00      0x470 libcom32.a(graphics.o)
                0x0000000000115a00                UsingVGA
 .bss           0x0000000000115e70        0x0 libcom32.a(writehex.o)
 .bss           0x0000000000115e70        0x6 libcom32.a(conio.o)
                0x0000000000115e70                FlowOutput
                0x0000000000115e71                FlowIgnore
                0x0000000000115e72                FlowInput
                0x0000000000115e74                SerialPort
 .bss           0x0000000000115e76        0x0 libcom32.a(writestr.o)
 .bss           0x0000000000115e76        0x0 libcom32.a(init.o)
 .bss           0x0000000000115e76        0x0 libcom32.a(rllpack.o)
 *fill*         0x0000000000115e76        0x2 
 .bss           0x0000000000115e78        0x8 libcom32.a(ntfs.o)
 .bss           0x0000000000115e80      0x10c libcom32.a(readdir.o)
 *fill*         0x0000000000115f8c       0x14 
 .bss           0x0000000000115fa0      0x400 libcom32.a(btrfs.o)
 .bss           0x00000000001163a0        0x0 libcom32.a(mangle.o)
 .bss           0x00000000001163a0        0x0 libcom32.a(loadconfig.o)
 .bss           0x00000000001163a0        0x0 libcom32.a(close.o)
 .bss           0x00000000001163a0        0x0 libcom32.a(chdir.o)
 .bss           0x00000000001163a0      0x400 libcom32.a(fat.o)
 .bss           0x00000000001167a0        0x0 libcom32.a(getfssec.o)
 .bss           0x00000000001167a0        0x0 libcom32.a(cache.o)
 .bss           0x00000000001167a0       0x18 libcom32.a(diskio.o)
 *fill*         0x00000000001167b8        0x8 
 .bss           0x00000000001167c0       0x50 libcom32.a(diskio_bios.o)
 .bss           0x0000000000116810        0x0 libcom32.a(xfs.o)
 *fill*         0x0000000000116810       0x10 
 .bss           0x0000000000116820      0xa20 libcom32.a(xfs_dir2.o)
 .bss           0x0000000000117240      0x144 libcom32.a(fs.o)
                0x0000000000117240                this_fs
 .bss           0x0000000000117384        0x0 libcom32.a(chdir.o)
 .bss           0x0000000000117384        0x4 libcom32.a(ufs.o)
 .bss           0x0000000000117388        0x0 libcom32.a(ext2.o)
 .bss           0x0000000000117388        0x0 libcom32.a(bmap.o)
 .bss           0x0000000000117388        0x0 libcom32.a(hello.o)
 .bss           0x0000000000117388        0x0 libcom32.a(errno.o)
 .bss           0x0000000000117388        0x0 libcom32.a(cleanup.o)
 .bss           0x0000000000117388        0x0 libcom32.a(pmapi.o)
 .bss           0x0000000000117388        0x1 libcom32.a(font.o)
                0x0000000000117388                UserFont
 *fill*         0x0000000000117389        0x3 
 .bss           0x000000000011738c        0x4 libcom32.a(load_env32.o)
 *fill*         0x0000000000117390       0x10 
 .bss           0x00000000001173a0      0x28e libcom32.a(bios.o)
                0x00000000001173a0                firmware
 *fill*         0x000000000011762e       0x12 
 .bss           0x0000000000117640     0x1060 libcom32.a(serirq.o)
 .bss           0x00000000001186a0        0x0 libcom32.a(init.o)
 .bss           0x00000000001186a0        0x8 libcom32.a(idle.o)
                0x00000000001186a0                NoHalt
 .bss           0x00000000001186a8        0x0 libcom32.a(call16.o)
 .bss           0x00000000001186a8        0x0 libcom32.a(lzo1x_f2.o)
 .bss           0x00000000001186a8        0x0 libcom32.a(codepage.o)
 .bss           0x00000000001186a8        0x0 libcom32.a(sysappend.o)
 .bss           0x00000000001186a8        0x0 libcom32.a(path.o)
 .bss           0x00000000001186a8        0x0 libcom32.a(malloc.o)
 .bss           0x00000000001186a8        0x0 libcom32.a(free.o)
 .bss           0x00000000001186a8        0x0 libcom32.a(kaboom.o)
 .bss           0x00000000001186a8        0x0 libcom32.a(searchconfig.o)
 .bss           0x00000000001186a8        0x0 libcom32.a(xfs_dinode.o)
 .bss           0x00000000001186a8        0x0 libcom32.a(xfs_readdir.o)
 .bss           0x00000000001186a8        0xc libcom32.a(bmap.o)
 .bss           0x00000000001186b4        0x0 libcom32.a(getcwd.o)
 .bss           0x00000000001186b4        0x4 libcom32.a(dmi.o)
 .bss           0x00000000001186b8        0x0 libcom32.a(sem_asm.o)
 .bss           0x00000000001186b8        0x0 libcom32.a(semaphore.o)
 .bss           0x00000000001186b8        0x1 libcom32.a(schedule.o)
 .bss           0x00000000001186b9        0x0 libcom32.a(root_thread.o)
 .bss           0x00000000001186b9        0x0 libcom32.a(thread_asm.o)
 .bss           0x00000000001186b9        0x0 libcom32.a(exit_thread.o)
 .bss           0x00000000001186b9        0x0 /home/wrsadmin/github/syslinux-6.03/bios/com32/lib/libcom32core.a(memcpy.o)
 .bss           0x00000000001186b9        0x0 /home/wrsadmin/github/syslinux-6.03/bios/com32/lib/libcom32core.a(memset.o)
 .bss           0x00000000001186b9        0x0 /home/wrsadmin/github/syslinux-6.03/bios/com32/lib/libcom32core.a(memcmp.o)
 .bss           0x00000000001186b9        0x0 /home/wrsadmin/github/syslinux-6.03/bios/com32/lib/libcom32core.a(printf.o)
 .bss           0x00000000001186b9        0x0 /home/wrsadmin/github/syslinux-6.03/bios/com32/lib/libcom32core.a(strncmp.o)
 .bss           0x00000000001186b9        0x0 /home/wrsadmin/github/syslinux-6.03/bios/com32/lib/libcom32core.a(vfprintf.o)
 .bss           0x00000000001186b9        0x0 /home/wrsadmin/github/syslinux-6.03/bios/com32/lib/libcom32core.a(strlen.o)
 .bss           0x00000000001186b9        0x0 /home/wrsadmin/github/syslinux-6.03/bios/com32/lib/libcom32core.a(vsnprintf.o)
 .bss           0x00000000001186b9        0x0 /home/wrsadmin/github/syslinux-6.03/bios/com32/lib/libcom32core.a(snprintf.o)
 .bss           0x00000000001186b9        0x0 /home/wrsadmin/github/syslinux-6.03/bios/com32/lib/libcom32core.a(stpcpy.o)
 .bss           0x00000000001186b9        0x0 /home/wrsadmin/github/syslinux-6.03/bios/com32/lib/libcom32core.a(strcmp.o)
 .bss           0x00000000001186b9        0x0 /home/wrsadmin/github/syslinux-6.03/bios/com32/lib/libcom32core.a(strdup.o)
 .bss           0x00000000001186b9        0x0 /home/wrsadmin/github/syslinux-6.03/bios/com32/lib/libcom32core.a(strcpy.o)
 .bss           0x00000000001186b9        0x0 /home/wrsadmin/github/syslinux-6.03/bios/com32/lib/libcom32core.a(strncpy.o)
 .bss           0x00000000001186b9        0x0 /home/wrsadmin/github/syslinux-6.03/bios/com32/lib/libcom32core.a(setjmp.o)
 .bss           0x00000000001186b9        0x0 /home/wrsadmin/github/syslinux-6.03/bios/com32/lib/libcom32core.a(fopen.o)
 .bss           0x00000000001186b9        0x0 /home/wrsadmin/github/syslinux-6.03/bios/com32/lib/libcom32core.a(fread.o)
 .bss           0x00000000001186b9        0x0 /home/wrsadmin/github/syslinux-6.03/bios/com32/lib/libcom32core.a(fread2.o)
 .bss           0x00000000001186b9        0x0 /home/wrsadmin/github/syslinux-6.03/bios/com32/lib/libcom32core.a(puts.o)
 .bss           0x00000000001186b9        0x0 /home/wrsadmin/github/syslinux-6.03/bios/com32/lib/libcom32core.a(strtoul.o)
 .bss           0x00000000001186b9        0x0 /home/wrsadmin/github/syslinux-6.03/bios/com32/lib/libcom32core.a(strntoumax.o)
 .bss           0x00000000001186b9        0x0 /home/wrsadmin/github/syslinux-6.03/bios/com32/lib/libcom32core.a(strcasecmp.o)
 .bss           0x00000000001186b9        0x0 /home/wrsadmin/github/syslinux-6.03/bios/com32/lib/libcom32core.a(sprintf.o)
 .bss           0x00000000001186b9        0x0 /home/wrsadmin/github/syslinux-6.03/bios/com32/lib/libcom32core.a(strlcat.o)
 .bss           0x00000000001186b9        0x0 /home/wrsadmin/github/syslinux-6.03/bios/com32/lib/libcom32core.a(strchr.o)
 .bss           0x00000000001186b9        0x0 /home/wrsadmin/github/syslinux-6.03/bios/com32/lib/libcom32core.a(strlcpy.o)
 .bss           0x00000000001186b9        0x0 /home/wrsadmin/github/syslinux-6.03/bios/com32/lib/libcom32core.a(strncasecmp.o)
 .bss           0x00000000001186b9        0x0 /home/wrsadmin/github/syslinux-6.03/bios/com32/lib/libcom32core.a(ctypes.o)
 .bss           0x00000000001186b9        0x0 /home/wrsadmin/github/syslinux-6.03/bios/com32/lib/libcom32core.a(fputs.o)
 .bss           0x00000000001186b9        0x0 /home/wrsadmin/github/syslinux-6.03/bios/com32/lib/libcom32core.a(fwrite2.o)
 .bss           0x00000000001186b9        0x0 /home/wrsadmin/github/syslinux-6.03/bios/com32/lib/libcom32core.a(fwrite.o)
 .bss           0x00000000001186b9        0x0 /home/wrsadmin/github/syslinux-6.03/bios/com32/lib/libcom32core.a(fgetc.o)
 .bss           0x00000000001186b9        0x0 /home/wrsadmin/github/syslinux-6.03/bios/com32/lib/libcom32core.a(fclose.o)
 .bss           0x00000000001186b9        0x0 /home/wrsadmin/github/syslinux-6.03/bios/com32/lib/libcom32core.a(lmalloc.o)
 .bss           0x00000000001186b9        0x0 /home/wrsadmin/github/syslinux-6.03/bios/com32/lib/libcom32core.a(err_read.o)
 .bss           0x00000000001186b9        0x0 /home/wrsadmin/github/syslinux-6.03/bios/com32/lib/libcom32core.a(err_write.o)
 .bss           0x00000000001186b9        0x0 /home/wrsadmin/github/syslinux-6.03/bios/com32/lib/libcom32core.a(null_read.o)
 .bss           0x00000000001186b9        0x0 /home/wrsadmin/github/syslinux-6.03/bios/com32/lib/libcom32core.a(stdcon_write.o)
 .bss           0x00000000001186b9        0x0 /home/wrsadmin/github/syslinux-6.03/bios/com32/lib/libcom32core.a(memscan.o)
 .bss           0x00000000001186b9        0x0 /home/wrsadmin/github/syslinux-6.03/bios/com32/lib/libcom32core.a(strrchr.o)
 .bss           0x00000000001186b9        0x0 /home/wrsadmin/github/syslinux-6.03/bios/com32/lib/libcom32core.a(strcat.o)
 .bss           0x00000000001186b9        0x0 /home/wrsadmin/github/syslinux-6.03/bios/com32/lib/libcom32core.a(__ashldi3.o)
 .bss           0x00000000001186b9        0x0 /home/wrsadmin/github/syslinux-6.03/bios/com32/lib/libcom32core.a(__udivdi3.o)
 .bss           0x00000000001186b9        0x0 /home/wrsadmin/github/syslinux-6.03/bios/com32/lib/libcom32core.a(__negdi2.o)
 .bss           0x00000000001186b9        0x0 /home/wrsadmin/github/syslinux-6.03/bios/com32/lib/libcom32core.a(__ashrdi3.o)
 .bss           0x00000000001186b9        0x0 /home/wrsadmin/github/syslinux-6.03/bios/com32/lib/libcom32core.a(__lshrdi3.o)
 .bss           0x00000000001186b9        0x0 /home/wrsadmin/github/syslinux-6.03/bios/com32/lib/libcom32core.a(__muldi3.o)
 .bss           0x00000000001186b9        0x0 /home/wrsadmin/github/syslinux-6.03/bios/com32/lib/libcom32core.a(__udivmoddi4.o)
 .bss           0x00000000001186b9        0x0 /home/wrsadmin/github/syslinux-6.03/bios/com32/lib/libcom32core.a(__umoddi3.o)
 .bss           0x00000000001186b9        0x0 /home/wrsadmin/github/syslinux-6.03/bios/com32/lib/libcom32core.a(__divdi3.o)
 .bss           0x00000000001186b9        0x0 /home/wrsadmin/github/syslinux-6.03/bios/com32/lib/libcom32core.a(__moddi3.o)
 .bss           0x00000000001186b9        0x0 /home/wrsadmin/github/syslinux-6.03/bios/com32/lib/libcom32core.a(debug.o)
 .bss           0x00000000001186b9        0x0 /home/wrsadmin/github/syslinux-6.03/bios/com32/lib/libcom32core.a(intcall.o)
 .bss           0x00000000001186b9        0x0 /home/wrsadmin/github/syslinux-6.03/bios/com32/lib/libcom32core.a(farcall.o)
 .bss           0x00000000001186b9        0x0 /home/wrsadmin/github/syslinux-6.03/bios/com32/lib/libcom32core.a(cfarcall.o)
 .bss           0x00000000001186b9        0x0 /home/wrsadmin/github/syslinux-6.03/bios/com32/lib/libcom32core.a(zeroregs.o)
 .bss           0x00000000001186b9        0x0 /home/wrsadmin/github/syslinux-6.03/bios/com32/lib/libcom32core.a(argv.o)
 .bss           0x00000000001186b9        0x0 /home/wrsadmin/github/syslinux-6.03/bios/com32/lib/libcom32core.a(sleep.o)
 .bss           0x00000000001186b9        0x0 /home/wrsadmin/github/syslinux-6.03/bios/com32/lib/libcom32core.a(fileinfo.o)
 .bss           0x00000000001186b9        0x0 /home/wrsadmin/github/syslinux-6.03/bios/com32/lib/libcom32core.a(opendev.o)
 .bss           0x00000000001186b9        0x0 /home/wrsadmin/github/syslinux-6.03/bios/com32/lib/libcom32core.a(read.o)
 .bss           0x00000000001186b9        0x0 /home/wrsadmin/github/syslinux-6.03/bios/com32/lib/libcom32core.a(write.o)
 .bss           0x00000000001186b9        0x0 /home/wrsadmin/github/syslinux-6.03/bios/com32/lib/libcom32core.a(ftell.o)
 .bss           0x00000000001186b9        0x0 /home/wrsadmin/github/syslinux-6.03/bios/com32/lib/libcom32core.a(close.o)
 .bss           0x00000000001186b9        0x0 /home/wrsadmin/github/syslinux-6.03/bios/com32/lib/libcom32core.a(open.o)
 .bss           0x00000000001186b9        0x0 /home/wrsadmin/github/syslinux-6.03/bios/com32/lib/libcom32core.a(fileread.o)
 .bss           0x00000000001186b9        0x0 /home/wrsadmin/github/syslinux-6.03/bios/com32/lib/libcom32core.a(fileclose.o)
 .bss           0x00000000001186b9        0x0 /home/wrsadmin/github/syslinux-6.03/bios/com32/lib/libcom32core.a(openmem.o)
 .bss           0x00000000001186b9        0x0 /home/wrsadmin/github/syslinux-6.03/bios/com32/lib/libcom32core.a(isatty.o)
 .bss           0x00000000001186b9        0x0 /home/wrsadmin/github/syslinux-6.03/bios/com32/lib/libcom32core.a(fstat.o)
 .bss           0x00000000001186b9        0x0 /home/wrsadmin/github/syslinux-6.03/bios/com32/lib/libcom32core.a(dprintf.o)
 .bss           0x00000000001186b9        0x0 /home/wrsadmin/github/syslinux-6.03/bios/com32/lib/libcom32core.a(vdprintf.o)
 .bss           0x00000000001186b9        0x0 /home/wrsadmin/github/syslinux-6.03/bios/com32/lib/libcom32core.a(idle.o)
 .bss           0x00000000001186b9        0x0 /home/wrsadmin/github/syslinux-6.03/bios/com32/lib/libcom32core.a(exit.o)
 .bss           0x00000000001186b9        0x0 /home/wrsadmin/github/syslinux-6.03/bios/com32/lib/libcom32core.a(common.o)
 .bss           0x00000000001186b9        0x0 /home/wrsadmin/github/syslinux-6.03/bios/com32/lib/libcom32core.a(elf_module.o)
 .bss           0x00000000001186b9        0x0 /home/wrsadmin/github/syslinux-6.03/bios/com32/lib/libcom32core.a(elfutils.o)
 *fill*         0x00000000001186b9        0x3 
 .bss           0x00000000001186bc        0x4 /home/wrsadmin/github/syslinux-6.03/bios/com32/lib/libcom32core.a(exec.o)
                0x00000000001186bc                __syslinux_current
 .bss           0x00000000001186c0        0x0 /home/wrsadmin/github/syslinux-6.03/bios/com32/lib/libcom32core.a(elf_module.o)
 .bss           0x00000000001186c0        0x0 libldlinux.a(plaincon.o)
 .bss           0x00000000001186c0        0x0 libldlinux.a(localboot.o)
 .bss           0x00000000001186c0        0x0 libldlinux.a(ldlinux-c.o)
 *(.bss.*)
 *(COMMON)
 COMMON         0x00000000001186c0      0x224 libcom32.a(graphics.o)
                0x00000000001186c0                VGAPos
                0x00000000001186e0                VGAFileBuf
                0x00000000001187e0                VGAFileMBuf
                0x00000000001188e0                VGAFilePtr
 COMMON         0x00000000001188e4        0x4 libcom32.a(conio.o)
                0x00000000001188e4                _screensize
                0x00000000001188e6                _cursor
 *fill*         0x00000000001188e8       0x18 
 COMMON         0x0000000000118900       0x90 libcom32.a(init.o)
                0x0000000000118900                bios_free_mem
                0x0000000000118920                __core_malloc_head
 COMMON         0x0000000000118990        0x8 libcom32.a(ntfs.o)
                0x0000000000118990                NTFS_RECORD
 *fill*         0x0000000000118998        0x8 
 COMMON         0x00000000001189a0      0x600 libcom32.a(fs.o)
                0x00000000001189a0                files
 COMMON         0x0000000000118fa0        0x4 libcom32.a(errno.o)
                0x0000000000118fa0                errno
 *fill*         0x0000000000118fa4       0x1c 
 COMMON         0x0000000000118fc0      0x103 libcom32.a(bios.o)
                0x0000000000118fc0                KbdMap
                0x00000000001190c0                PXERetry
                0x00000000001190c2                KbdFlags
 *fill*         0x00000000001190c3        0x1 
 COMMON         0x00000000001190c4        0x4 libcom32.a(idle.o)
                0x00000000001190c4                idle_hook_func
 *fill*         0x00000000001190c8       0x18 
 COMMON         0x00000000001190e0       0x2c libcom32.a(call16.o)
                0x00000000001190e0                zero_regs
 *fill*         0x000000000011910c       0x14 
 COMMON         0x0000000000119120       0x6c libcom32.a(sysappend.o)
                0x0000000000119120                SysAppends
                0x0000000000119140                sysappend_strings
 *fill*         0x000000000011918c       0x14 
 COMMON         0x00000000001191a0      0x200 libcom32.a(searchconfig.o)
                0x00000000001191a0                ConfigName
                0x00000000001192a0                config_cwd
 COMMON         0x00000000001193a0        0x4 libcom32.a(schedule.o)
                0x00000000001193a0                sched_hook_func
 *fill*         0x00000000001193a4       0x1c 