Archive member included to satisfy reference by file (symbol)

libcom32.a(graphics.o)        lpxelinux.o (syslinux_force_text_mode)
libcom32.a(writehex.o)        lpxelinux.o (pm_writehex2)
libcom32.a(conio.o)           lpxelinux.o (pm_write_serial)
libcom32.a(writestr.o)        lpxelinux.o (crlf)
libcom32.a(init.o)            lpxelinux.o (mem_init)
libcom32.a(rllpack.o)         lpxelinux.o (rllpack)
libcom32.a(readdir.o)         lpxelinux.o (opendir)
libcom32.a(diskio_bios.o)     lpxelinux.o (pm_fs_init)
libcom32.a(fs.o)              libcom32.a(readdir.o) (_close_file)
libcom32.a(chdir.o)           lpxelinux.o (pm_realpath)
libcom32.a(hello.o)           lpxelinux.o (hello)
libcom32.a(errno.o)           libcom32.a(fs.o) (errno)
libcom32.a(cleanup.o)         lpxelinux.o (cleanup_hardware)
libcom32.a(pmapi.o)           lpxelinux.o (pm_api_vector)
libcom32.a(font.o)            libcom32.a(graphics.o) (use_font)
libcom32.a(load_env32.o)      lpxelinux.o (load_env32)
libcom32.a(bios.o)            libcom32.a(conio.o) (KbdMap)
libcom32.a(serirq.o)          libcom32.a(conio.o) (SerialHead)
libcom32.a(init.o)            lpxelinux.o (init)
libcom32.a(idle.o)            lpxelinux.o (reset_idle)
libcom32.a(call16.o)          libcom32.a(bios.o) (call16)
libcom32.a(lzo1x_f2.o)        lpxelinux.o (_lzo1x_decompress_asm_fast_safe)
libcom32.a(sysappend.o)       libcom32.a(pmapi.o) (sysappend_strings)
libcom32.a(path.o)            libcom32.a(load_env32.o) (path_add)
libcom32.a(malloc.o)          libcom32.a(bios.o) (bios_malloc)
libcom32.a(free.o)            libcom32.a(bios.o) (bios_free)
libcom32.a(kaboom.o)          libcom32.a(bios.o) (_kaboom)
libcom32.a(searchconfig.o)    libcom32.a(load_env32.o) (search_dirs)
libcom32.a(cache.o)           libcom32.a(fs.o) (cache_init)
libcom32.a(diskio.o)          libcom32.a(cache.o) (getoneblk)
libcom32.a(getcwd.o)          libcom32.a(pmapi.o) (core_getcwd)
libcom32.a(dmi.o)             libcom32.a(bios.o) (dmi_init)
libcom32.a(sem_asm.o)         libcom32.a(malloc.o) (sem_down)
libcom32.a(semaphore.o)       libcom32.a(sem_asm.o) (__sem_down_slow)
libcom32.a(schedule.o)        libcom32.a(semaphore.o) (__schedule)
libcom32.a(root_thread.o)     libcom32.a(semaphore.o) (__current)
libcom32.a(thread_asm.o)      libcom32.a(schedule.o) (__switch_to)
libcom32.a(exit_thread.o)     libcom32.a(thread_asm.o) (__exit_thread)
/home/wrsadmin/github/syslinux-6.03/bios/com32/lib/libcom32core.a(memcpy.o)
                              (--whole-archive)
/home/wrsadmin/github/syslinux-6.03/bios/com32/lib/libcom32core.a(memset.o)
                              (--whole-archive)
/home/wrsadmin/github/syslinux-6.03/bios/com32/lib/libcom32core.a(memcmp.o)
                              (--whole-archive)
/home/wrsadmin/github/syslinux-6.03/bios/com32/lib/libcom32core.a(printf.o)
                              (--whole-archive)
/home/wrsadmin/github/syslinux-6.03/bios/com32/lib/libcom32core.a(strncmp.o)
                              (--whole-archive)
/home/wrsadmin/github/syslinux-6.03/bios/com32/lib/libcom32core.a(vfprintf.o)
                              (--whole-archive)
/home/wrsadmin/github/syslinux-6.03/bios/com32/lib/libcom32core.a(strlen.o)
                              (--whole-archive)
/home/wrsadmin/github/syslinux-6.03/bios/com32/lib/libcom32core.a(vsnprintf.o)
                              (--whole-archive)
/home/wrsadmin/github/syslinux-6.03/bios/com32/lib/libcom32core.a(snprintf.o)
                              (--whole-archive)
/home/wrsadmin/github/syslinux-6.03/bios/com32/lib/libcom32core.a(stpcpy.o)
                              (--whole-archive)
/home/wrsadmin/github/syslinux-6.03/bios/com32/lib/libcom32core.a(strcmp.o)
                              (--whole-archive)
/home/wrsadmin/github/syslinux-6.03/bios/com32/lib/libcom32core.a(strdup.o)
                              (--whole-archive)
/home/wrsadmin/github/syslinux-6.03/bios/com32/lib/libcom32core.a(strcpy.o)
                              (--whole-archive)
/home/wrsadmin/github/syslinux-6.03/bios/com32/lib/libcom32core.a(strncpy.o)
                              (--whole-archive)
/home/wrsadmin/github/syslinux-6.03/bios/com32/lib/libcom32core.a(setjmp.o)
                              (--whole-archive)
/home/wrsadmin/github/syslinux-6.03/bios/com32/lib/libcom32core.a(fopen.o)
                              (--whole-archive)
/home/wrsadmin/github/syslinux-6.03/bios/com32/lib/libcom32core.a(fread.o)
                              (--whole-archive)
/home/wrsadmin/github/syslinux-6.03/bios/com32/lib/libcom32core.a(fread2.o)
                              (--whole-archive)
/home/wrsadmin/github/syslinux-6.03/bios/com32/lib/libcom32core.a(puts.o)
                              (--whole-archive)
/home/wrsadmin/github/syslinux-6.03/bios/com32/lib/libcom32core.a(strtoul.o)
                              (--whole-archive)
/home/wrsadmin/github/syslinux-6.03/bios/com32/lib/libcom32core.a(strntoumax.o)
                              (--whole-archive)
[...]
Memory Configuration

Name             Origin             Length             Attributes
*default*        0x0000000000000000 0xffffffffffffffff

Linker script and memory map

                0x0000000000010000                STACK32_LEN = 0x10000
                0x0000000000000000                . = 0x0
                0x0000000000000000                __module_start = .

.prefix         0x0000000000000000       0x14
 *(.prefix)
 .prefix        0x0000000000000000       0x14 lpxelinux.o
                0x0000000000001000                . = 0x1000

.earlybss       0x0000000000001000     0x280c
                0x0000000000001000                __earlybss_start = .
 *(.earlybss)
 .earlybss      0x0000000000001000     0x280c lpxelinux.o
                0x0000000000001000                trackbuf
                0x0000000000003000                InitStack
                0x0000000000003808                RealModeSSSP
                0x000000000000380c                __earlybss_end = .
                0x000000000000280c                __earlybss_len = (ABSOLUTE (__earlybss_end) - ABSOLUTE (__earlybss_start))
                0x0000000000000a03                __earlybss_dwords = ((__earlybss_len + 0x3) >> 0x2)
                0x000000000000380c                . = ALIGN (0x4)

.bss16          0x0000000000003810      0x25e
                0x0000000000003810                __bss16_start = .
 *(.bss16)
 .bss16         0x0000000000003810      0x259 lpxelinux.o
                0x0000000000003814                RebootTime
                0x000000000000381a                DHCPMagic
                0x000000000000381b                BIOSName
                0x0000000000003834                KernelName
                0x0000000000003934                CurrentDirName
                0x0000000000003a4c                pxe_irq_count
                0x0000000000003a50                pxe_irq_vector
                0x0000000000003a51                pxe_irq_pending
                0x0000000000003a52                pxe_need_poll
                0x0000000000003a65                OrigFDCTabPtr
 *fill*         0x0000000000003a69        0x1 
 .bss16         0x0000000000003a6a        0x4 libcom32.a(fs.o)
                0x0000000000003a6a                SectorShift
                0x0000000000003a6c                SectorSize
                0x0000000000003a6e                __bss16_end = .
                0x000000000000025e                __bss16_len = (ABSOLUTE (__bss16_end) - ABSOLUTE (__bss16_start))
                0x0000000000000098                __bss16_dwords = ((__bss16_len + 0x3) >> 0x2)
                0x0000000000003a70                . = ALIGN (0x4)

.config         0x0000000000003a70        0x0 load address 0x0000000000008a58
                0x0000000000003a70                __config_start = .
 *(.config)
 .config        0x0000000000003a70        0x0 lpxelinux.o
                0x0000000000003a70                __config_end = .
                0x0000000000000000                __config_len = (ABSOLUTE (__config_end) - ABSOLUTE (__config_start))
                0x0000000000000000                __config_dwords = ((__config_len + 0x3) >> 0x2)
                0x0000000000003a80                . = ALIGN (0x80)

.replacestub    0x0000000000003a80        0x0 load address 0x0000000000008a58
                0x0000000000003a80                __replacestub_start = .
 *(.replacestub)
 .replacestub   0x0000000000003a80        0x0 lpxelinux.o
                0x0000000000003a80                __replacestub_end = .
                0x0000000000000000                __replacestub_len = (ABSOLUTE (__replacestub_end) - ABSOLUTE (__replacestub_start))
                0x0000000000000000                __replacestub_dwords = ((__replacestub_len + 0x3) >> 0x2)
                0x0000000000003a80                . = ALIGN (0x10)
                0x0000000000003a80                __gentextnr_lma = .

.gentextnr      0x0000000000003a80      0x418
                0x0000000000003a80                __gentextnr_start = .
 *(.gentextnr)
 .gentextnr     0x0000000000003a80      0x418 lpxelinux.o
                0x0000000000003e98                __gentextnr_end = .
                0x0000000000000418                __gentextnr_len = (ABSOLUTE (__gentextnr_end) - ABSOLUTE (__gentextnr_start))
                0x0000000000000106                __gentextnr_dwords = ((__gentextnr_len + 0x3) >> 0x2)
                0x0000000000006000                . = STACK_BASE

.stack16        0x0000000000006000     0x1000
                0x0000000000006000                __stack16_start = .
                0x0000000000007000                . = (. + STACK_LEN)
 *fill*         0x0000000000006000     0x1000 
                0x0000000000007000                __stack16_end = .
 .stack16       0x0000000000007000        0x0 lpxelinux.o
                0x0000000000001000                __stack16_len = (ABSOLUTE (__stack16_end) - ABSOLUTE (__stack16_start))
                0x0000000000000400                __stack16_dwords = ((__stack16_len + 0x3) >> 0x2)
                0x0000000000007c00                . = 0x7c00

.init           0x0000000000007c00        0x0
 FILL mask 0x90909090
                0x0000000000007c00                __init_start = .
 *(.init)
 .init          0x0000000000007c00        0x0 lpxelinux.o
                0x0000000000007c00                __init_end = .
                0x0000000000000000                __init_len = (ABSOLUTE (__init_end) - ABSOLUTE (__init_start))
                0x0000000000000000                __init_dwords = ((__init_len + 0x3) >> 0x2)

.text16         0x0000000000007c00      0x7cd
 FILL mask 0x90909090
                0x0000000000007c00                __text16_start = .
 *(.text16)
 .text16        0x0000000000007c00      0x7cd lpxelinux.o
                0x0000000000007c00                _start
                0x0000000000007c18                bdhcp_len
                0x0000000000007c20                adhcp_len
                0x0000000000007cae                local_boot16
                0x0000000000007cd4                kaboom
                0x0000000000007d53                pxenv
                0x0000000000007d88                PXEEntry
                0x0000000000007dc0                pxe_int1a
                0x0000000000007dd9                gpxe_unload
                0x0000000000007e40                pxe_isr
                0x0000000000007eab                pxe_irq_chain
                0x0000000000007eda                pxe_poll
                0x0000000000008144                adv_init
                0x0000000000008277                adv_write
                0x00000000000083ab                bios_timer_cleanup
                0x00000000000083b4                timer_irq
                0x00000000000083c9                BIOS_timer_next
                0x00000000000083cd                __text16_end = .
                0x00000000000007cd                __text16_len = (ABSOLUTE (__text16_end) - ABSOLUTE (__text16_start))
                0x00000000000001f4                __text16_dwords = ((__text16_len + 0x3) >> 0x2)
                0x00000000000083d0                . = ALIGN (0x10)

.textnr         0x00000000000083d0      0x3c0
 FILL mask 0x90909090
                0x00000000000083d0                __textnr_start = .
 *(.textnr)
 .textnr        0x00000000000083d0      0x10c lpxelinux.o
                0x00000000000084db                core_pm_null_hook
 *fill*         0x00000000000084dc        0x4 90909090
 .textnr        0x00000000000084e0      0x2b0 libcom32.a(lzo1x_f2.o)
                0x00000000000084e0                _lzo1x_decompress_asm_fast_safe
                0x0000000000008790                __textnr_end = .
                0x00000000000003c0                __textnr_len = (ABSOLUTE (__textnr_end) - ABSOLUTE (__textnr_start))
                0x00000000000000f0                __textnr_dwords = ((__textnr_len + 0x3) >> 0x2)
                0x0000000000008790                . = ALIGN (0x10)
                0x0000000000008790                __bcopyxx_start = .

.bcopyxx.text   0x0000000000008790      0x147
 FILL mask 0x90909090
                0x0000000000008790                __bcopyxx_text_start = .
 *(.bcopyxx.text)
 .bcopyxx.text  0x0000000000008790      0x147 lpxelinux.o
                0x0000000000008846                do_raw_shuffle_and_boot
                0x00000000000088d7                __bcopyxx_text_end = .
                0x0000000000000147                __bcopyxx_text_len = (ABSOLUTE (__bcopyxx_text_end) - ABSOLUTE (__bcopyxx_text_start))
                0x0000000000000052                __bcopyxx_text_dwords = ((__bcopyxx_text_len + 0x3) >> 0x2)

.bcopyxx.data   0x00000000000088e0       0x36
                0x00000000000088e0                __bcopyxx_data_start = .
 *(.bcopyxx.text)
                0x00000000000088e0                __bcopyxx_data_end = .
 .bcopyxx.data  0x00000000000088e0       0x36 lpxelinux.o
                0x0000000000000000                __bcopyxx_data_len = (ABSOLUTE (__bcopyxx_data_end) - ABSOLUTE (__bcopyxx_data_start))
                0x0000000000000000                __bcopyxx_data_dwords = ((__bcopyxx_data_len + 0x3) >> 0x2)
                0x0000000000008916                __bcopyxx_end = .
                0x0000000000000186                __bcopyxx_len = (ABSOLUTE (__bcopyxx_end) - ABSOLUTE (__bcopyxx_start))
                0x0000000000000062                __bcopyxx_dwords = ((__bcopyxx_len + 0x3) >> 0x2)
                0x0000000000008918                . = ALIGN (0x4)

.data16         0x0000000000008920      0x136
                0x0000000000008920                __data16_start = .
 *(.data16)
 .data16        0x0000000000008920      0x136 lpxelinux.o
                0x0000000000008920                BaseStack
                0x0000000000008930                __com32
                0x0000000000008970                core_pm_hook
                0x00000000000089ac                __jiffies
                0x00000000000089b0                __ms_timer
                0x00000000000089b6                copyright_str
                0x0000000000008a3e                syslinux_banner
                0x0000000000008a55                KeepPXE
                0x0000000000008a56                __data16_end = .
                0x0000000000000136                __data16_len = (ABSOLUTE (__data16_end) - ABSOLUTE (__data16_start))
                0x000000000000004e                __data16_dwords = ((__data16_len + 0x3) >> 0x2)
                0x0000000000008a58                . = ALIGN (0x4)
                0x0000000000008a58                __config_lma = .
                0x0000000000008a58                . = (. + SIZEOF (.config))
                0x0000000000008a58                . = ALIGN (0x4)
                0x0000000000008a58                __replacestub_lma = .
                0x0000000000008a58                . = (. + SIZEOF (.replacestub))
                0x0000000000008a60                . = ALIGN (0x10)
                0x0000000000008a60                __pm_code_lma = .
                0x0000000000008a60                __high_clear_start = .
                0x0000000000008c00                . = ALIGN (0x200)

.adv            0x0000000000008c00      0x400
                0x0000000000008c00                __adv_start = .
 *(.adv)
 .adv           0x0000000000008c00      0x400 lpxelinux.o
                0x0000000000009000                __adv_end = .
                0x0000000000000400                __adv_len = (ABSOLUTE (__adv_end) - ABSOLUTE (__adv_start))
                0x0000000000000100                __adv_dwords = ((__adv_len + 0x3) >> 0x2)
                0x0000000000009000                . = ALIGN (0x4)

.uibss          0x0000000000009000      0x100
                0x0000000000009000                __uibss_start = .
 *(.uibss)
 .uibss         0x0000000000009000      0x100 lpxelinux.o
                0x0000000000009100                __uibss_end = .
                0x0000000000000100                __uibss_len = (ABSOLUTE (__uibss_end) - ABSOLUTE (__uibss_start))
                0x0000000000000040                __uibss_dwords = ((__uibss_len + 0x3) >> 0x2)
                0x0000000000009100                _end16 = .
                0x0000000000000001                __assert_end16 = ASSERT ((_end16 <= 0x10000), 64K overflow)
                0x0000000000010000                . = ALIGN (0x10000)

.real_mode      0x0000000000010000    0x10000
 *(.real_mode)
 .real_mode     0x0000000000010000    0x10000 lpxelinux.o
                0x0000000000010000                core_real_mode
                0x0000000000001000                real_mode_seg = (core_real_mode >> 0x4)
                0x0000000000020000                . = ALIGN (0x10000)

.xfer_buf       0x0000000000020000    0x10000
 *(.xfer_buf)
 .xfer_buf      0x0000000000020000    0x10000 lpxelinux.o
                0x0000000000020000                core_xfer_buf
                0x0000000000002000                xfer_buf_seg = (core_xfer_buf >> 0x4)
                0x0000000000030000                . = ALIGN (0x10)

.auxseg         0x0000000000030000        0x0
                0x0000000000030000                __auxseg_start = .
 *(.auxseg)
                0x0000000000030000                __auxseg_end = .
                0x0000000000000000                __auxseg_len = (ABSOLUTE (__auxseg_end) - ABSOLUTE (__auxseg_start))
                0x0000000000000000                __auxseg_dwords = ((__auxseg_len + 0x3) >> 0x2)
                0x0000000000003000                aux_seg = (__auxseg_start >> 0x4)

.lowmem         0x0000000000030000     0x2a4c
                0x0000000000030000                __lowmem_start = .
 *(.lowmem)
 .lowmem        0x0000000000030000       0x5c libcom32.a(diskio_bios.o)
 *fill*         0x000000000003005c        0x4 
 .lowmem        0x0000000000030060     0x2000 libcom32.a(font.o)
                0x0000000000030060                fontbuf
 .lowmem        0x0000000000032060       0x72 liblpxelinux.a(pxe.o)
                0x0000000000032060                pxe_undi_iface
                0x00000000000320a0                pxe_undi_info
 *fill*         0x00000000000320d2        0x2 
 .lowmem        0x00000000000320d4       0x2c liblpxelinux.a(bios.o)
 .lowmem        0x0000000000032100      0x928 liblpxelinux.a(undiif.o)
 .lowmem        0x0000000000032a28       0x24 liblpxelinux.a(isr.o)
                0x0000000000032a4c                __lowmem_end = .
                0x0000000000002a4c                __lowmem_len = (ABSOLUTE (__lowmem_end) - ABSOLUTE (__lowmem_start))
                0x0000000000000a93                __lowmem_dwords = ((__lowmem_len + 0x3) >> 0x2)
                0x0000000000032a4c                __high_clear_end = .
                0x0000000000029fec                __high_clear_len = (ABSOLUTE (__high_clear_end) - ABSOLUTE (__high_clear_start))
                0x000000000000a7fb                __high_clear_dwords = ((__high_clear_len + 0x3) >> 0x2)
                0x0000000000032a50                . = ALIGN (0x10)
                0x0000000000032a50                __lowmem_heap = .
                0x0000000000100000                . = 0x100000
                0x0000000000100000                __pm_code_start = .
                0x0000000000100000                __text_vma = .
                0x0000000000008a60                __text_lma = __pm_code_lma

.text           0x0000000000100000    0x15348 load address 0x0000000000008a60
 FILL mask 0x90909090
                0x0000000000100000                __text_start = .
 *(.text)
 .text          0x0000000000100000      0x12d lpxelinux.o
                0x0000000000100000                core_farcall
                0x0000000000100006                core_intcall
                0x00000000001000a6                core_cfarcall
 .text          0x000000000010012d      0x4ef libcom32.a(graphics.o)
                0x00000000001001a7                syslinux_force_text_mode
                0x0000000000100233                vgadisplayfile
                0x00000000001005a1                vgahidecursor
                0x00000000001005bf                vgashowcursor
                0x00000000001005dd                using_vga
                0x000000000010060e                pm_using_vga
 .text          0x000000000010061c       0x71 libcom32.a(writehex.o)
                0x0000000000100660                writehex2
                0x0000000000100667                writehex4
                0x0000000000100671                writehex8
                0x000000000010067b                pm_writehex2
                0x0000000000100681                pm_writehex4
                0x0000000000100687                pm_writehex8
 .text          0x000000000010068d      0x37b libcom32.a(conio.o)
                0x000000000010068d                loadkeys
                0x00000000001006ce                write_serial
                0x000000000010072a                pm_write_serial
                0x0000000000100730                serialcfg
                0x0000000000100787                pm_serialcfg
                0x0000000000100792                write_serial_str
                0x00000000001007a7                bios_pollchar
                0x0000000000100831                pollchar
                0x0000000000100849                pm_pollchar
                0x0000000000100861                bios_getchar
                0x0000000000100970                bios_shiftflags
                0x00000000001009bf                kbd_shiftflags
                0x00000000001009e0                getchar
                0x00000000001009f8                pm_getchar
 .text          0x0000000000100a08       0x52 libcom32.a(writestr.o)
                0x0000000000100a08                crlf
                0x0000000000100a2a                writestr
                0x0000000000100a4b                pm_writestr
 .text          0x0000000000100a5a       0xf6 libcom32.a(init.o)
                0x0000000000100a5a                scan_highmem_area
                0x0000000000100abf                mem_init
 .text          0x0000000000100b50      0x153 libcom32.a(rllpack.o)
                0x0000000000100b50                rllpack
                0x0000000000100c10                rllunpack
 .text          0x0000000000100ca3       0x91 libcom32.a(readdir.o)
                0x0000000000100ca3                opendir
                0x0000000000100cec                readdir
                0x0000000000100d1f                closedir
 .text          0x0000000000100d34      0x7f6 libcom32.a(diskio_bios.o)
                0x00000000001012be                bios_disk_init
                0x0000000000101508                pm_fs_init
 .text          0x000000000010152a      0x5ed libcom32.a(fs.o)
                0x000000000010152a                alloc_inode
                0x000000000010155f                put_inode
                0x0000000000101596                _close_file
                0x00000000001015c3                open_config
                0x000000000010163a                mangle_name
                0x0000000000101650                pmapi_read_file
                0x00000000001016a7                searchdir
                0x0000000000101948                open_file
                0x00000000001019c3                close_file
                0x00000000001019e6                fs_uuid
                0x0000000000101a0c                fs_init
 .text          0x0000000000101b17      0x226 libcom32.a(chdir.o)
                0x0000000000101b9a                realpath
                0x0000000000101c39                pm_realpath
                0x0000000000101c5d                chdir
 .text          0x0000000000101d3d      0x139 libcom32.a(hello.o)
                0x0000000000101d77                myputchar
                0x0000000000101da2                myputs
                0x0000000000101db6                hello
                0x0000000000101de1                hexdump
                0x0000000000101e44                mp1
                0x0000000000101e4e                mp2
                0x0000000000101e58                mp3
                0x0000000000101e62                mp4
                0x0000000000101e6c                mp5
 .text          0x0000000000101e76        0x0 libcom32.a(errno.o)
 .text          0x0000000000101e76       0x15 libcom32.a(cleanup.o)
                0x0000000000101e76                cleanup_hardware
 .text          0x0000000000101e8b        0x0 libcom32.a(pmapi.o)
 .text          0x0000000000101e8b      0x253 libcom32.a(font.o)
                0x0000000000101e8b                bios_adjust_screen
                0x0000000000101ee3                use_font
                0x0000000000101ffc                loadfont
                0x00000000001020a1                adjust_screen
                0x00000000001020bd                pm_adjust_screen
                0x00000000001020bf                pm_userfont
 .text          0x00000000001020de      0x30d libcom32.a(load_env32.o)
                0x00000000001020f3                init_module_subsystem
                0x0000000000102120                start_ldlinux
                0x0000000000102175                load_env32
                0x00000000001022a1                com32_cmdline
                0x00000000001022b2                create_args_and_load
                0x00000000001023ba                pm_env32_run
 .text          0x00000000001023eb      0xda6 libcom32.a(bios.o)
                0x00000000001027aa                bios_adv_init
                0x00000000001027dd                bios_adv_write
                0x0000000000102cbc                bios_init
                0x000000000010317a                syslinux_register_bios
 .text          0x0000000000103191      0x2ef libcom32.a(serirq.o)
                0x00000000001032a5                sirq_cleanup_nowipe
                0x000000000010331c                sirq_cleanup
                0x0000000000103341                sirq_install
 .text          0x0000000000103480       0x14 libcom32.a(init.o)
                0x0000000000103480                init
 .text          0x0000000000103494       0x5f libcom32.a(idle.o)
                0x0000000000103494                reset_idle
                0x00000000001034ae                __idle
 .text          0x00000000001034f3       0x4a libcom32.a(call16.o)
                0x00000000001034f3                call16
 .text          0x000000000010353d        0x0 libcom32.a(lzo1x_f2.o)
 .text          0x000000000010353d      0x17d libcom32.a(sysappend.o)
                0x000000000010353d                do_sysappend
                0x000000000010359b                sysappend_set_uuid
                0x000000000010362d                sysappend_set_fs_uuid
                0x000000000010367e                print_sysappend
 .text          0x00000000001036ba       0x62 libcom32.a(path.o)
                0x00000000001036ba                path_add
 .text          0x000000000010371c      0x334 libcom32.a(malloc.o)
                0x000000000010376a                bios_malloc
                0x000000000010382a                malloc
                0x0000000000103836                lmalloc
                0x0000000000103863                pmapi_lmalloc
                0x0000000000103872                bios_realloc
                0x0000000000103a0d                realloc
                0x0000000000103a26                zalloc
 .text          0x0000000000103a50      0x235 libcom32.a(free.o)
                0x0000000000103b33                bios_free
                0x0000000000103b3b                free
                0x0000000000103b79                __inject_free_block
                0x0000000000103c16                comboot_cleanup_lowmem
 .text          0x0000000000103c85       0x22 libcom32.a(kaboom.o)
                0x0000000000103c85                _kaboom
 .text          0x0000000000103ca7       0xe7 libcom32.a(searchconfig.o)
                0x0000000000103ca7                search_dirs
 .text          0x0000000000103d8e      0x1f4 libcom32.a(cache.o)
                0x0000000000103d8e                cache_init
                0x0000000000103e29                cache_lock_block
                0x0000000000103e4a                _get_cache_block
                0x0000000000103e9d                get_cache
                0x0000000000103eec                cache_read
 .text          0x0000000000103f82       0x84 libcom32.a(diskio.o)
                0x0000000000103f82                getoneblk
                0x0000000000103fc0                device_init
 .text          0x0000000000104006       0x44 libcom32.a(getcwd.o)
                0x0000000000104006                core_getcwd
 .text          0x000000000010404a      0x4a7 libcom32.a(dmi.o)
                0x000000000010414e                dmi_init
 .text          0x00000000001044f1       0x14 libcom32.a(sem_asm.o)
                0x00000000001044f1                sem_down
                0x00000000001044fc                sem_up
 .text          0x0000000000104505       0xe7 libcom32.a(semaphore.o)
                0x0000000000104505                sem_init
                0x0000000000104515                __sem_down_slow
                0x00000000001045ae                __sem_up_slow
 .text          0x00000000001045ec       0x93 libcom32.a(schedule.o)
                0x00000000001045ec                __schedule
                0x0000000000104672                thread_yield
 .text          0x000000000010467f        0x0 libcom32.a(root_thread.o)
 .text          0x000000000010467f       0x3f libcom32.a(thread_asm.o)
                0x000000000010467f                __switch_to
                0x00000000001046af                __start_thread
 .text          0x00000000001046be       0x41 libcom32.a(exit_thread.o)
                0x00000000001046be                __exit_thread
 .text          0x00000000001046ff       0x1a /home/wrsadmin/github/syslinux-6.03/bios/com32/lib/libcom32core.a(memcpy.o)
                0x00000000001046ff                memcpy
 .text          0x0000000000104719       0x29 /home/wrsadmin/github/syslinux-6.03/bios/com32/lib/libcom32core.a(memset.o)
                0x0000000000104719                memset
 .text          0x0000000000104742       0x20 /home/wrsadmin/github/syslinux-6.03/bios/com32/lib/libcom32core.a(memcmp.o)
                0x0000000000104742                memcmp
 .text          0x0000000000104762       0x20 /home/wrsadmin/github/syslinux-6.03/bios/com32/lib/libcom32core.a(printf.o)
                0x0000000000104762                printf
 .text          0x0000000000104782       0x2a /home/wrsadmin/github/syslinux-6.03/bios/com32/lib/libcom32core.a(strncmp.o)
                0x0000000000104782                strncmp
 .text          0x00000000001047ac       0x4d /home/wrsadmin/github/syslinux-6.03/bios/com32/lib/libcom32core.a(vfprintf.o)
                0x00000000001047ac                vfprintf
 .text          0x00000000001047f9        0xf /home/wrsadmin/github/syslinux-6.03/bios/com32/lib/libcom32core.a(strlen.o)
                0x00000000001047f9                strlen
 .text          0x0000000000104808      0x9fc /home/wrsadmin/github/syslinux-6.03/bios/com32/lib/libcom32core.a(vsnprintf.o)
                0x0000000000104808                vsnprintf
 .text          0x0000000000105204       0x25 /home/wrsadmin/github/syslinux-6.03/bios/com32/lib/libcom32core.a(snprintf.o)
                0x0000000000105204                snprintf
 .text          0x0000000000105229        0xe /home/wrsadmin/github/syslinux-6.03/bios/com32/lib/libcom32core.a(stpcpy.o)
                0x0000000000105229                stpcpy
 .text          0x0000000000105237       0x20 /home/wrsadmin/github/syslinux-6.03/bios/com32/lib/libcom32core.a(strcmp.o)
                0x0000000000105237                strcmp
 .text          0x0000000000105257       0x38 /home/wrsadmin/github/syslinux-6.03/bios/com32/lib/libcom32core.a(strdup.o)
                0x0000000000105257                strdup
 .text          0x000000000010528f       0x10 /home/wrsadmin/github/syslinux-6.03/bios/com32/lib/libcom32core.a(strcpy.o)
                0x000000000010528f                strcpy
 .text          0x000000000010529f       0x18 /home/wrsadmin/github/syslinux-6.03/bios/com32/lib/libcom32core.a(strncpy.o)
                0x000000000010529f                strncpy
 *fill*         0x00000000001052b7        0x1 90909090
 .text          0x00000000001052b8       0x2a /home/wrsadmin/github/syslinux-6.03/bios/com32/lib/libcom32core.a(setjmp.o)
                0x00000000001052b8                setjmp
                0x00000000001052b8                _setjmp
                0x00000000001052d0                longjmp
 .text          0x00000000001052e2       0x71 /home/wrsadmin/github/syslinux-6.03/bios/com32/lib/libcom32core.a(fopen.o)
                0x00000000001052e2                fopen
 .text          0x0000000000105353       0x65 /home/wrsadmin/github/syslinux-6.03/bios/com32/lib/libcom32core.a(fread.o)
                0x0000000000105353                _fread
 .text          0x00000000001053b8       0x24 /home/wrsadmin/github/syslinux-6.03/bios/com32/lib/libcom32core.a(fread2.o)
                0x00000000001053b8                fread
 .text          0x00000000001053dc       0x36 /home/wrsadmin/github/syslinux-6.03/bios/com32/lib/libcom32core.a(puts.o)
                0x00000000001053dc                puts
 .text          0x0000000000105412       0x16 /home/wrsadmin/github/syslinux-6.03/bios/com32/lib/libcom32core.a(strtoul.o)
                0x0000000000105412                strtoul
 .text          0x0000000000105428      0x1a2 /home/wrsadmin/github/syslinux-6.03/bios/com32/lib/libcom32core.a(strntoumax.o)
                0x0000000000105428                strntoumax
 .text          0x00000000001055ca       0x47 /home/wrsadmin/github/syslinux-6.03/bios/com32/lib/libcom32core.a(strcasecmp.o)
                0x00000000001055ca                strcasecmp
 .text          0x0000000000105611       0x24 /home/wrsadmin/github/syslinux-6.03/bios/com32/lib/libcom32core.a(sprintf.o)
                0x0000000000105611                sprintf
 .text          0x0000000000105635       0x2f /home/wrsadmin/github/syslinux-6.03/bios/com32/lib/libcom32core.a(strlcat.o)
                0x0000000000105635                strlcat
 .text          0x0000000000105664       0x11 /home/wrsadmin/github/syslinux-6.03/bios/com32/lib/libcom32core.a(strchr.o)
                0x0000000000105664                strchr
 .text          0x0000000000105675       0x1f /home/wrsadmin/github/syslinux-6.03/bios/com32/lib/libcom32core.a(strlcpy.o)
                0x0000000000105675                strlcpy
 .text          0x0000000000105694       0x5a /home/wrsadmin/github/syslinux-6.03/bios/com32/lib/libcom32core.a(strncasecmp.o)
                0x0000000000105694                strncasecmp
 .text          0x00000000001056ee        0x0 /home/wrsadmin/github/syslinux-6.03/bios/com32/lib/libcom32core.a(ctypes.o)
 .text          0x00000000001056ee       0x31 /home/wrsadmin/github/syslinux-6.03/bios/com32/lib/libcom32core.a(fputs.o)
                0x00000000001056ee                fputs
 .text          0x000000000010571f       0x24 /home/wrsadmin/github/syslinux-6.03/bios/com32/lib/libcom32core.a(fwrite2.o)
                0x000000000010571f                fwrite
 .text          0x0000000000105743       0x65 /home/wrsadmin/github/syslinux-6.03/bios/com32/lib/libcom32core.a(fwrite.o)
                0x0000000000105743                _fwrite
 .text          0x00000000001057a8       0x31 /home/wrsadmin/github/syslinux-6.03/bios/com32/lib/libcom32core.a(fgetc.o)
                0x00000000001057a8                fgetc
 .text          0x00000000001057d9       0x14 /home/wrsadmin/github/syslinux-6.03/bios/com32/lib/libcom32core.a(fclose.o)
                0x00000000001057d9                fclose
 .text          0x00000000001057ed       0x4a /home/wrsadmin/github/syslinux-6.03/bios/com32/lib/libcom32core.a(lmalloc.o)
                0x00000000001057ed                lzalloc
                0x0000000000105824                lfree
 .text          0x0000000000105837       0x1a /home/wrsadmin/github/syslinux-6.03/bios/com32/lib/libcom32core.a(err_read.o)
 .text          0x0000000000105851       0x1a /home/wrsadmin/github/syslinux-6.03/bios/com32/lib/libcom32core.a(err_write.o)
 .text          0x000000000010586b        0x3 /home/wrsadmin/github/syslinux-6.03/bios/com32/lib/libcom32core.a(null_read.o)
 .text          0x000000000010586e       0x6c /home/wrsadmin/github/syslinux-6.03/bios/com32/lib/libcom32core.a(stdcon_write.o)
 .text          0x00000000001058da       0xa1 /home/wrsadmin/github/syslinux-6.03/bios/com32/lib/libcom32core.a(memscan.o)
                0x00000000001058da                syslinux_memscan_add
                0x0000000000105906                syslinux_memscan_new
                0x0000000000105934                syslinux_scan_memory
 .text          0x000000000010597b       0x16 /home/wrsadmin/github/syslinux-6.03/bios/com32/lib/libcom32core.a(strrchr.o)
                0x000000000010597b                strrchr
 .text          0x0000000000105991       0x26 /home/wrsadmin/github/syslinux-6.03/bios/com32/lib/libcom32core.a(strcat.o)
                0x0000000000105991                strcat
 *fill*         0x00000000001059b7        0x1 90909090
 .text          0x00000000001059b8       0x11 /home/wrsadmin/github/syslinux-6.03/bios/com32/lib/libcom32core.a(__ashldi3.o)
                0x00000000001059b8                __ashldi3
 .text          0x00000000001059c9       0x29 /home/wrsadmin/github/syslinux-6.03/bios/com32/lib/libcom32core.a(__udivdi3.o)
                0x00000000001059c9                __udivdi3
 *fill*         0x00000000001059f2        0x2 90909090
 .text          0x00000000001059f4        0x8 /home/wrsadmin/github/syslinux-6.03/bios/com32/lib/libcom32core.a(__negdi2.o)
                0x00000000001059f4                __negdi2
 .text          0x00000000001059fc       0x11 /home/wrsadmin/github/syslinux-6.03/bios/com32/lib/libcom32core.a(__ashrdi3.o)
                0x00000000001059fc                __ashrdi3
 *fill*         0x0000000000105a0d        0x3 90909090
 .text          0x0000000000105a10       0x11 /home/wrsadmin/github/syslinux-6.03/bios/com32/lib/libcom32core.a(__lshrdi3.o)
                0x0000000000105a10                __lshrdi3
 *fill*         0x0000000000105a21        0x3 90909090
 .text          0x0000000000105a24       0x15 /home/wrsadmin/github/syslinux-6.03/bios/com32/lib/libcom32core.a(__muldi3.o)
                0x0000000000105a24                __muldi3
 .text          0x0000000000105a39       0xa2 /home/wrsadmin/github/syslinux-6.03/bios/com32/lib/libcom32core.a(__udivmoddi4.o)
                0x0000000000105a39                __udivmoddi4
 .text          0x0000000000105adb       0x34 /home/wrsadmin/github/syslinux-6.03/bios/com32/lib/libcom32core.a(__umoddi3.o)
                0x0000000000105adb                __umoddi3
 .text          0x0000000000105b0f       0x7c /home/wrsadmin/github/syslinux-6.03/bios/com32/lib/libcom32core.a(__divdi3.o)
                0x0000000000105b0f                __divdi3
 .text          0x0000000000105b8b       0x92 /home/wrsadmin/github/syslinux-6.03/bios/com32/lib/libcom32core.a(__moddi3.o)
                0x0000000000105b8b                __moddi3
 .text          0x0000000000105c1d       0x1c /home/wrsadmin/github/syslinux-6.03/bios/com32/lib/libcom32core.a(debug.o)
                0x0000000000105c1d                syslinux_debug
 .text          0x0000000000105c39       0x20 /home/wrsadmin/github/syslinux-6.03/bios/com32/lib/libcom32core.a(intcall.o)
                0x0000000000105c39                __intcall
 .text          0x0000000000105c59       0x53 /home/wrsadmin/github/syslinux-6.03/bios/com32/lib/libcom32core.a(farcall.o)
                0x0000000000105c59                __farcall
 .text          0x0000000000105cac       0x28 /home/wrsadmin/github/syslinux-6.03/bios/com32/lib/libcom32core.a(cfarcall.o)
                0x0000000000105cac                __cfarcall
 .text          0x0000000000105cd4        0x0 /home/wrsadmin/github/syslinux-6.03/bios/com32/lib/libcom32core.a(zeroregs.o)
 .text          0x0000000000105cd4       0xb7 /home/wrsadmin/github/syslinux-6.03/bios/com32/lib/libcom32core.a(argv.o)
                0x0000000000105cd4                __parse_argv
 .text          0x0000000000105d8b       0x48 /home/wrsadmin/github/syslinux-6.03/bios/com32/lib/libcom32core.a(sleep.o)
                0x0000000000105d8b                msleep
                0x0000000000105dba                sleep
 .text          0x0000000000105dd3        0x0 /home/wrsadmin/github/syslinux-6.03/bios/com32/lib/libcom32core.a(fileinfo.o)
 .text          0x0000000000105dd3       0xec /home/wrsadmin/github/syslinux-6.03/bios/com32/lib/libcom32core.a(opendev.o)
                0x0000000000105dd3                opendev
 .text          0x0000000000105ebf       0x3f /home/wrsadmin/github/syslinux-6.03/bios/com32/lib/libcom32core.a(read.o)
                0x0000000000105ebf                read
 .text          0x0000000000105efe       0x40 /home/wrsadmin/github/syslinux-6.03/bios/com32/lib/libcom32core.a(write.o)
                0x0000000000105efe                write
 .text          0x0000000000105f3e       0x1c /home/wrsadmin/github/syslinux-6.03/bios/com32/lib/libcom32core.a(ftell.o)
                0x0000000000105f3e                ftell
 .text          0x0000000000105f5a       0x88 /home/wrsadmin/github/syslinux-6.03/bios/com32/lib/libcom32core.a(close.o)
                0x0000000000105f5a                close
 .text          0x0000000000105fe2       0x78 /home/wrsadmin/github/syslinux-6.03/bios/com32/lib/libcom32core.a(open.o)
                0x0000000000105fe2                open
 .text          0x000000000010605a      0x11e /home/wrsadmin/github/syslinux-6.03/bios/com32/lib/libcom32core.a(fileread.o)
                0x000000000010605a                __file_get_block
                0x00000000001060a4                __file_read
 .text          0x0000000000106178       0x1e /home/wrsadmin/github/syslinux-6.03/bios/com32/lib/libcom32core.a(fileclose.o)
                0x0000000000106178                __file_close
 .text          0x0000000000106196       0x4e /home/wrsadmin/github/syslinux-6.03/bios/com32/lib/libcom32core.a(openmem.o)
                0x0000000000106196                openmem
 .text          0x00000000001061e4       0x3a /home/wrsadmin/github/syslinux-6.03/bios/com32/lib/libcom32core.a(isatty.o)
                0x00000000001061e4                isatty
 .text          0x000000000010621e       0x67 /home/wrsadmin/github/syslinux-6.03/bios/com32/lib/libcom32core.a(fstat.o)
                0x000000000010621e                fstat
 .text          0x0000000000106285        0x0 /home/wrsadmin/github/syslinux-6.03/bios/com32/lib/libcom32core.a(dprintf.o)
 .text          0x0000000000106285        0x0 /home/wrsadmin/github/syslinux-6.03/bios/com32/lib/libcom32core.a(vdprintf.o)
 .text          0x0000000000106285       0x26 /home/wrsadmin/github/syslinux-6.03/bios/com32/lib/libcom32core.a(idle.o)
                0x0000000000106285                syslinux_reset_idle
                0x0000000000106298                syslinux_idle
 .text          0x00000000001062ab       0x68 /home/wrsadmin/github/syslinux-6.03/bios/com32/lib/libcom32core.a(exit.o)
                0x00000000001062ab                _exit
                0x00000000001062cd                exit
                0x0000000000106302                _Exit
 .text          0x0000000000106313      0x868 /home/wrsadmin/github/syslinux-6.03/bios/com32/lib/libcom32core.a(common.o)
                0x0000000000106313                findpath
                0x00000000001063b8                image_load
                0x00000000001063ea                image_unload
                0x0000000000106421                image_read
                0x0000000000106459                image_skip
                0x00000000001064ae                image_seek
                0x00000000001064d2                modules_init
                0x00000000001064d5                modules_term
                0x00000000001064d6                module_alloc
                0x000000000010654d                module_dep_alloc
                0x0000000000106571                module_find
                0x00000000001065be                check_header_common
                0x0000000000106602                enforce_dependency
                0x0000000000106670                clear_dependency
                0x00000000001066d8                module_unloadable
                0x00000000001066eb                _module_unload
                0x000000000010676d                module_unload
                0x00000000001067a1                unload_modules_since
                0x0000000000106833                module_find_symbol
                0x00000000001069e1                check_symbols
                0x0000000000106aeb                global_find_symbol
 .text          0x0000000000106b7b      0x415 /home/wrsadmin/github/syslinux-6.03/bios/com32/lib/libcom32core.a(elf_module.o)
                0x0000000000106b7b                load_segments
                0x0000000000106db7                perform_relocation
                0x0000000000106ea3                resolve_symbols
 .text          0x0000000000106f90       0xde /home/wrsadmin/github/syslinux-6.03/bios/com32/lib/libcom32core.a(elfutils.o)
                0x0000000000106f90                elf_hash
                0x0000000000106fdb                elf_gnu_hash
                0x0000000000106ff5                elf_malloc
                0x0000000000107058                elf_free
 .text          0x000000000010706e      0x16b /home/wrsadmin/github/syslinux-6.03/bios/com32/lib/libcom32core.a(exec.o)
                0x000000000010706e                get_module_type
                0x000000000010707c                spawn_load
                0x00000000001071c6                exec_term
 .text          0x00000000001071d9      0x470 /home/wrsadmin/github/syslinux-6.03/bios/com32/lib/libcom32core.a(elf_module.o)
                0x00000000001071d9                undefined_symbol
                0x00000000001071f5                module_load
 .text          0x0000000000107649      0x197 liblpxelinux.a(rawcon.o)
                0x0000000000107649                writechr
                0x00000000001077d7                pm_writechr
 .text          0x00000000001077e0       0x5b liblpxelinux.a(pxeboot.o)
                0x00000000001077e0                local_boot
 .text          0x000000000010783b       0x6c liblpxelinux.a(pxelinux-c.o)
                0x000000000010783b                get_derivative_info
 .text          0x00000000001078a7      0x3c5 liblpxelinux.a(dhcp_option.o)
                0x0000000000107b1e                parse_dhcp_options
                0x0000000000107bad                parse_dhcp
 .text          0x0000000000107c6c      0x82b liblpxelinux.a(pxe.o)
                0x00000000001081b4                free_socket
                0x00000000001083cc                ip_ok
                0x00000000001083f0                pxe_call
                0x0000000000108461                pxe_getc
 .text          0x0000000000108497      0x551 liblpxelinux.a(tftp.o)
                0x000000000010867f                tftp_open
 .text          0x00000000001089e8      0x29c liblpxelinux.a(urlparse.o)
                0x00000000001089e8                url_type
                0x0000000000108a2a                parse_url
                0x0000000000108b54                url_escape_unsafe
                0x0000000000108bcd                url_unescape
 .text          0x0000000000108c84      0x6d5 liblpxelinux.a(bios.o)
                0x0000000000108e22                pxe_init
                0x00000000001090fc                gpxe_init
                0x0000000000109156                unload_pxe
                0x0000000000109260                net_parse_dhcp
 .text          0x0000000000109359      0x2aa liblpxelinux.a(timers.o)
                0x0000000000109359                sys_timeout
                0x00000000001093da                tcp_timer_needed
                0x0000000000109466                sys_timeouts_init
                0x000000000010951a                sys_untimeout
                0x0000000000109576                sys_timeouts_mbox_fetch
 .text          0x0000000000109603      0x265 liblpxelinux.a(netif.o)
                0x0000000000109603                netif_init
                0x0000000000109604                netif_find
                0x0000000000109654                netif_set_ipaddr
                0x00000000001096b7                netif_set_addr
                0x00000000001096e1                netif_add
                0x000000000010976f                netif_set_gw
                0x000000000010977b                netif_set_netmask
                0x0000000000109787                netif_set_default
                0x000000000010979b                netif_set_up
                0x00000000001097c9                netif_set_down
                0x00000000001097d8                netif_remove
                0x000000000010982b                netif_set_link_up
                0x0000000000109859                netif_set_link_down
 .text          0x0000000000109868        0x0 liblpxelinux.a(inet.o)
 .text          0x0000000000109868      0x305 liblpxelinux.a(icmp.o)
                0x0000000000109931                icmp_input
                0x0000000000109b53                icmp_dest_unreach
                0x0000000000109b60                icmp_time_exceeded
 .text          0x0000000000109b6d        0x0 liblpxelinux.a(autoip.o)
 .text          0x0000000000109b6d      0x7e4 liblpxelinux.a(ip_frag.o)
                0x0000000000109d3c                ip_reass_tmr
                0x0000000000109d73                ip_reass
                0x000000000010a10a                ip_frag
 .text          0x000000000010a351      0x2af liblpxelinux.a(ip_addr.o)
                0x000000000010a351                ip4_addr_isbroadcast
                0x000000000010a384                ip4_addr_netmask_valid
                0x000000000010a3b0                ipaddr_aton
                0x000000000010a533                ipaddr_addr
                0x000000000010a549                ipaddr_ntoa_r
                0x000000000010a5e5                ipaddr_ntoa
 .text          0x000000000010a600        0x0 liblpxelinux.a(igmp.o)
 .text          0x000000000010a600      0x4d5 liblpxelinux.a(ip.o)
                0x000000000010a600                ip_route
                0x000000000010a67d                ip_input
                0x000000000010a8d5                ip_output_if
                0x000000000010aa58                ip_output
 .text          0x000000000010aad5      0x273 liblpxelinux.a(inet_chksum.o)
                0x000000000010ab41                inet_chksum_pseudo
                0x000000000010abee                inet_chksum_pseudo_partial
                0x000000000010ace7                inet_chksum
                0x000000000010acf2                inet_chksum_pbuf
 .text          0x000000000010ad48      0x6fe liblpxelinux.a(dns.o)
                0x000000000010b1bf                dns_init
                0x000000000010b22f                dns_setserver
                0x000000000010b258                dns_getserver
                0x000000000010b27b                dns_tmr
                0x000000000010b2a0                dns_gethostbyname
 .text          0x000000000010b446       0x37 liblpxelinux.a(sys.o)
                0x000000000010b446                sys_msleep
 .text          0x000000000010b47d      0x147 liblpxelinux.a(memp.o)
                0x000000000010b47d                memp_init
                0x000000000010b51f                memp_malloc
                0x000000000010b58d                memp_free
 .text          0x000000000010b5c4        0x0 liblpxelinux.a(def.o)
 .text          0x000000000010b5c4      0x5d5 liblpxelinux.a(udp.o)
                0x000000000010b5c4                udp_input
                0x000000000010b80e                udp_bind
                0x000000000010b8d5                udp_sendto_if
                0x000000000010ba37                udp_sendto
                0x000000000010ba8d                udp_send
                0x000000000010ba9e                udp_connect
                0x000000000010bb03                udp_disconnect
                0x000000000010bb15                udp_recv
                0x000000000010bb1e                udp_remove
                0x000000000010bb67                udp_new
 .text          0x000000000010bb99      0xf07 liblpxelinux.a(tcp.o)
                0x000000000010bbed                tcp_bind
                0x000000000010bc81                tcp_listen_with_backlog
                0x000000000010bd68                tcp_update_rcv_ann_wnd
                0x000000000010bdcd                tcp_recved
                0x000000000010be1e                tcp_seg_free
                0x000000000010be4c                tcp_segs_free
                0x000000000010be61                tcp_setprio
                0x000000000010be65                tcp_seg_copy
                0x000000000010be9f                tcp_arg
                0x000000000010bea3                tcp_recv
                0x000000000010beaa                tcp_sent
                0x000000000010beb1                tcp_err
                0x000000000010beb8                tcp_accept
                0x000000000010bebc                tcp_poll
                0x000000000010bec8                tcp_pcb_purge
                0x000000000010bf3f                tcp_slowtmr
                0x000000000010c298                tcp_pcb_remove
                0x000000000010c4df                tcp_close
                0x000000000010c4f3                tcp_recv_null
                0x000000000010c52b                tcp_fasttmr
                0x000000000010c5a9                tcp_tmr
                0x000000000010c5da                tcp_shutdown
                0x000000000010c645                tcp_abandon
                0x000000000010c744                tcp_abort
                0x000000000010c74e                tcp_next_iss
                0x000000000010c76e                tcp_alloc
                0x000000000010c8f2                tcp_new
                0x000000000010c8fc                tcp_eff_send_mss
                0x000000000010c931                tcp_connect
                0x000000000010ca8d                tcp_debug_state_str
 .text          0x000000000010caa0        0x6 liblpxelinux.a(stats.o)
                0x000000000010caa0                stats_init
                0x000000000010caa1                stats_display_proto
                0x000000000010caa2                stats_display_mem
                0x000000000010caa3                stats_display_memp
                0x000000000010caa4                stats_display_sys
                0x000000000010caa5                stats_display
 .text          0x000000000010caa6      0x4cf liblpxelinux.a(mem.o)
                0x000000000010caa6                lwip_mem_init
                0x000000000010cb22                mem_free
                0x000000000010cc20                mem_trim
                0x000000000010cd50                mem_malloc
                0x000000000010cf37                mem_calloc
 .text          0x000000000010cf75        0x0 liblpxelinux.a(dhcp.o)
 .text          0x000000000010cf75      0x239 liblpxelinux.a(raw.o)
                0x000000000010cf75                raw_input
                0x000000000010d026                raw_bind
                0x000000000010d033                raw_connect
                0x000000000010d041                raw_recv
                0x000000000010d04a                raw_sendto
                0x000000000010d117                raw_send
                0x000000000010d11f                raw_remove
                0x000000000010d167                raw_new
 .text          0x000000000010d1ae     0x15cd liblpxelinux.a(tcp_in.o)
                0x000000000010dd00                tcp_input
 .text          0x000000000010e77b        0x0 liblpxelinux.a(mib_structs.o)
 .text          0x000000000010e77b        0x0 liblpxelinux.a(asn1_enc.o)
 .text          0x000000000010e77b        0x0 liblpxelinux.a(asn1_dec.o)
 .text          0x000000000010e77b        0x0 liblpxelinux.a(mib2.o)
 .text          0x000000000010e77b        0x0 liblpxelinux.a(msg_in.o)
 .text          0x000000000010e77b        0x0 liblpxelinux.a(msg_out.o)
 .text          0x000000000010e77b      0x8ba liblpxelinux.a(pbuf.o)
                0x000000000010e806                pbuf_alloced_custom
                0x000000000010e894                pbuf_header
                0x000000000010e90e                pbuf_free
                0x000000000010e994                pbuf_alloc
                0x000000000010eb44                pbuf_realloc
                0x000000000010ebd1                pbuf_clen
                0x000000000010ebdf                pbuf_ref
                0x000000000010ebed                pbuf_cat
                0x000000000010ec2d                pbuf_chain
                0x000000000010ec3a                pbuf_dechain
                0x000000000010eca6                pbuf_copy
                0x000000000010edb1                pbuf_copy_partial
                0x000000000010ee3d                pbuf_take
                0x000000000010eec8                pbuf_coalesce
                0x000000000010ef11                pbuf_get_at
                0x000000000010ef31                pbuf_memcmp
                0x000000000010ef94                pbuf_memfind
                0x000000000010efec                pbuf_strstr
 .text          0x000000000010f035     0x1072 liblpxelinux.a(tcp_out.o)
                0x000000000010f293                tcp_write
                0x000000000010f852                tcp_enqueue_flags
                0x000000000010f97a                tcp_send_fin
                0x000000000010f9ab                tcp_send_empty_ack
                0x000000000010fa53                tcp_output
                0x000000000010fd75                tcp_rst
                0x000000000010fe5e                tcp_rexmit_rto
                0x000000000010fe91                tcp_rexmit
                0x000000000010fee4                tcp_rexmit_fast
                0x000000000010ff3c                tcp_keepalive
                0x000000000010ffb6                tcp_zero_window_probe
 .text          0x00000000001100a7       0x31 liblpxelinux.a(init.o)
                0x00000000001100a7                lwip_init
 .text          0x00000000001100d8     0x11af liblpxelinux.a(api_msg.o)
                0x000000000011090b                do_newconn
                0x00000000001109bf                netconn_alloc
                0x0000000000110a8d                netconn_free
                0x0000000000110c6d                do_delconn
                0x0000000000110d5c                do_bind
                0x0000000000110dc9                do_connect
                0x0000000000110e8e                do_disconnect
                0x0000000000110ec9                do_listen
                0x0000000000110fb8                do_send
                0x0000000000111049                do_recv
                0x000000000011109d                do_write
                0x0000000000111116                do_getaddr
                0x00000000001111c4                do_close
                0x0000000000111249                do_gethostbyname
 .text          0x0000000000111287      0x213 liblpxelinux.a(netbuf.o)
                0x0000000000111287                netbuf_new
                0x00000000001112bd                netbuf_delete
                0x00000000001112f7                netbuf_alloc
                0x0000000000111343                netbuf_free
                0x0000000000111376                netbuf_ref
                0x00000000001113d7                netbuf_chain
                0x0000000000111414                netbuf_data
                0x0000000000111451                netbuf_next
                0x000000000011147e                netbuf_first
 .text          0x000000000011149a        0x0 liblpxelinux.a(sockets.o)
 .text          0x000000000011149a      0x6e7 liblpxelinux.a(api_lib.o)
                0x00000000001115f5                netconn_new_with_proto_and_callback
                0x000000000011168d                netconn_delete
                0x00000000001116c6                netconn_getaddr
                0x000000000011172b                netconn_bind
                0x000000000011177d                netconn_connect
                0x00000000001117cf                netconn_disconnect
                0x0000000000111818                netconn_listen_with_backlog
                0x0000000000111861                netconn_accept
                0x00000000001118f9                netconn_recv_tcp_pbuf
                0x0000000000111919                netconn_recv
                0x00000000001119d1                netconn_recved
                0x0000000000111a0c                netconn_send
                0x0000000000111a59                netconn_sendto
                0x0000000000111a7b                netconn_write
                0x0000000000111ae3                netconn_close
                0x0000000000111aed                netconn_shutdown
                0x0000000000111b05                netconn_gethostbyname
 .text          0x0000000000111b81        0x0 liblpxelinux.a(err.o)
 .text          0x0000000000111b81      0x16e liblpxelinux.a(netifapi.o)
                0x0000000000111b9a                do_netifapi_netif_add
                0x0000000000111bd7                do_netifapi_netif_common
                0x0000000000111bf7                do_netifapi_netif_set_addr
                0x0000000000111c25                netifapi_netif_add
                0x0000000000111c7b                netifapi_netif_set_addr
                0x0000000000111cb9                netifapi_netif_common
 .text          0x0000000000111cef      0x3a3 liblpxelinux.a(tcpip.o)
                0x0000000000111daa                tcpip_input
                0x0000000000111e13                tcpip_callback_with_block
                0x0000000000111e8f                tcpip_timeout
                0x0000000000111eea                tcpip_untimeout
                0x0000000000111f3e                tcpip_apimsg
                0x0000000000111f91                tcpip_netifapi
                0x0000000000111ffe                tcpip_init
                0x000000000011205a                pbuf_free_callback
                0x0000000000112076                mem_free_callback
 .text          0x0000000000112092        0x0 liblpxelinux.a(netdb.o)
 .text          0x0000000000112092      0x1ed liblpxelinux.a(sys_arch.o)
                0x0000000000112092                sys_init
                0x0000000000112093                sys_sem_new
                0x00000000001120d1                sys_sem_set_invalid
                0x00000000001120e3                sys_sem_free
                0x0000000000112110                sys_sem_valid
                0x0000000000112129                sys_arch_sem_wait
                0x0000000000112150                sys_mbox_new
                0x000000000011218d                sys_mbox_post
                0x00000000001121a8                sys_mbox_trypost
                0x00000000001121c8                sys_arch_mbox_fetch
                0x00000000001121e6                sys_arch_mbox_tryfetch
                0x0000000000112207                sys_mbox_set_invalid
                0x0000000000112219                sys_mbox_free
                0x0000000000112246                sys_mbox_valid
                0x0000000000112260                sys_thread_new
 .text          0x000000000011227f      0xabd liblpxelinux.a(undiif.o)
                0x000000000011293e                undiarp_tmr
                0x0000000000112995                undiif_input
                0x0000000000112cd2                undiif_start
 .text          0x0000000000112d3c        0x0 liblpxelinux.a(ethernetif.o)
 .text          0x0000000000112d3c        0x0 liblpxelinux.a(slipif.o)
 .text          0x0000000000112d3c        0x0 liblpxelinux.a(ppp_oe.o)
 .text          0x0000000000112d3c        0x0 liblpxelinux.a(pap.o)
 .text          0x0000000000112d3c        0x0 liblpxelinux.a(ppp.o)
 .text          0x0000000000112d3c        0x0 liblpxelinux.a(chap.o)
 .text          0x0000000000112d3c        0x0 liblpxelinux.a(md5.o)
 .text          0x0000000000112d3c        0x0 liblpxelinux.a(magic.o)
 .text          0x0000000000112d3c        0x0 liblpxelinux.a(lcp.o)
 .text          0x0000000000112d3c        0x0 liblpxelinux.a(randm.o)
 .text          0x0000000000112d3c        0x0 liblpxelinux.a(ipcp.o)
 .text          0x0000000000112d3c        0x0 liblpxelinux.a(fsm.o)
 .text          0x0000000000112d3c        0x0 liblpxelinux.a(auth.o)
 .text          0x0000000000112d3c        0x0 liblpxelinux.a(vj.o)
 .text          0x0000000000112d3c        0x0 liblpxelinux.a(chpms.o)
 .text          0x0000000000112d3c      0x8e6 liblpxelinux.a(etharp.o)
                0x0000000000112f35                etharp_tmr
                0x0000000000112f89                etharp_find_addr
                0x0000000000112fe4                etharp_request
                0x00000000001130eb                etharp_query
                0x0000000000113293                etharp_output
                0x0000000000113394                ethernet_input
 .text          0x0000000000113622      0x4dc liblpxelinux.a(core.o)
                0x0000000000113622                core_udp_open
                0x0000000000113673                core_udp_close
                0x0000000000113696                core_udp_connect
                0x00000000001136b5                core_udp_disconnect
                0x00000000001136ca                core_udp_recv
                0x0000000000113751                core_udp_send
                0x00000000001137d9                core_udp_sendto
                0x0000000000113883                net_core_init
                0x0000000000113901                probe_undi
                0x0000000000113961                core_tcp_open
                0x000000000011398d                core_tcp_connect
                0x00000000001139c9                core_tcp_write
                0x0000000000113a04                core_tcp_close_file
                0x0000000000113a3c                core_tcp_is_connected
                0x0000000000113a43                core_tcp_fill_buffer
 .text          0x0000000000113afe      0x107 liblpxelinux.a(dnsresolv.o)
                0x0000000000113bda                dns_resolv
                0x0000000000113beb                pm_pxe_dns_resolv
 .text          0x0000000000113c05      0x4dd liblpxelinux.a(ftp.o)
                0x0000000000113ea5                ftp_open
 .text          0x00000000001140e2      0x208 liblpxelinux.a(ftp_readdir.o)
                0x00000000001140e2                ftp_readdir
 .text          0x00000000001142ea        0x0 liblpxelinux.a(gpxeurl.o)
 .text          0x00000000001142ea      0x5dc liblpxelinux.a(http.o)
                0x000000000011448e                http_bake_cookies
                0x0000000000114521                http_open
 .text          0x00000000001148c6      0x320 liblpxelinux.a(http_readdir.o)
                0x00000000001148c6                http_readdir
 .text          0x0000000000114be6       0x18 liblpxelinux.a(idle.o)
                0x0000000000114be6                pxe_idle_init
                0x0000000000114be7                pxe_idle_cleanup
 .text          0x0000000000114bfe      0x3df liblpxelinux.a(isr.o)
                0x0000000000114d23                pxe_init_isr
                0x0000000000114d78                pxe_start_isr
                0x0000000000114f16                reset_pxe
 .text          0x0000000000114fdd        0x0 liblpxelinux.a(tcp.o)
 .text          0x0000000000114fdd       0x4b libcom32.a(idle_thread.o)
                0x0000000000114ffa                start_idle_thread
 .text          0x0000000000115028       0xf3 libcom32.a(start_thread.o)
                0x0000000000115028                start_thread
 .text          0x000000000011511b      0x137 libcom32.a(mbox.o)
                0x000000000011511b                mbox_init
                0x000000000011516e                mbox_post
                0x00000000001151d7                mbox_fetch
 .text          0x0000000000115252       0x67 libcom32.a(kill_thread.o)
                0x0000000000115252                kill_thread
 .text          0x00000000001152b9       0x73 libcom32.a(timeout.o)
                0x00000000001152b9                __thread_process_timeouts
 *(.text.*)
 .text.__x86.get_pc_thunk.ax
                0x000000000011532c        0x4 libcom32.a(graphics.o)
                0x000000000011532c                __x86.get_pc_thunk.ax
 .text.__x86.get_pc_thunk.bx
                0x0000000000115330        0x4 libcom32.a(graphics.o)
                0x0000000000115330                __x86.get_pc_thunk.bx
 .text.__x86.get_pc_thunk.dx
                0x0000000000115334        0x4 libcom32.a(conio.o)
                0x0000000000115334                __x86.get_pc_thunk.dx
 .text.__x86.get_pc_thunk.bp
                0x0000000000115338        0x4 libcom32.a(diskio_bios.o)
                0x0000000000115338                __x86.get_pc_thunk.bp
 .text.__x86.get_pc_thunk.cx
                0x000000000011533c        0x4 libcom32.a(fs.o)
                0x000000000011533c                __x86.get_pc_thunk.cx
 .text.__x86.get_pc_thunk.si
                0x0000000000115340        0x4 libcom32.a(fs.o)
                0x0000000000115340                __x86.get_pc_thunk.si
 .text.__x86.get_pc_thunk.di
                0x0000000000115344        0x4 libcom32.a(fs.o)
                0x0000000000115344                __x86.get_pc_thunk.di
                0x0000000000115348                __text_end = .

.plt            0x0000000000115350        0x0 load address 0x000000000001ddb0
 .plt           0x0000000000115350        0x0 lpxelinux.o

.plt.got        0x0000000000115348        0x0 load address 0x000000000001dda8
 .plt.got       0x0000000000115348        0x0 lpxelinux.o
                0x0000000000115350                . = ALIGN (0x10)
                0x0000000000115350                __rodata_vma = .
                0x000000000001ddb0                __rodata_lma = ((__rodata_vma + __text_lma) - __text_vma)

.rodata         0x0000000000115360      0xeab load address 0x000000000001ddb0
                0x0000000000115360                __rodata_start = .
 *(.rodata)
 .rodata        0x0000000000115360        0xc lpxelinux.o
                0x0000000000115368                __syslinux_shuffler_size
 .rodata        0x000000000011536c        0x6 libcom32.a(sysappend.o)
 *fill*         0x0000000000115372        0x2 
 .rodata        0x0000000000115374        0xe libcom32.a(dmi.o)
 *fill*         0x0000000000115382        0x2 
 .rodata        0x0000000000115384       0x7d /home/wrsadmin/github/syslinux-6.03/bios/com32/lib/libcom32core.a(vsnprintf.o)
 *fill*         0x0000000000115401       0x1f 
 .rodata        0x0000000000115420      0x101 /home/wrsadmin/github/syslinux-6.03/bios/com32/lib/libcom32core.a(ctypes.o)
                0x0000000000115420                __ctypes
 *fill*         0x0000000000115521        0x3 
 .rodata        0x0000000000115524       0x24 /home/wrsadmin/github/syslinux-6.03/bios/com32/lib/libcom32core.a(elf_module.o)
 *fill*         0x0000000000115548       0x18 
 .rodata        0x0000000000115560       0x40 liblpxelinux.a(tftp.o)
                0x0000000000115580                TimeoutTable
 .rodata        0x00000000001155a0       0x11 liblpxelinux.a(urlparse.o)
 *fill*         0x00000000001155b1        0x3 
 .rodata        0x00000000001155b4        0x8 liblpxelinux.a(bios.o)
 .rodata        0x00000000001155bc       0x1c liblpxelinux.a(ip_addr.o)
                0x00000000001155d0                ip_addr_broadcast
                0x00000000001155d4                ip_addr_any
 .rodata        0x00000000001155d8       0x38 liblpxelinux.a(memp.o)
 .rodata        0x0000000000115610       0x35 liblpxelinux.a(tcp.o)
                0x0000000000115630                tcp_persist_backoff
                0x0000000000115638                tcp_backoff
 *fill*         0x0000000000115645        0x3 
 .rodata        0x0000000000115648       0x20 liblpxelinux.a(tcp_in.o)
 .rodata        0x0000000000115668       0x18 liblpxelinux.a(tcpip.o)
 .rodata        0x0000000000115680        0xe liblpxelinux.a(etharp.o)
                0x0000000000115680                ethzero
                0x0000000000115688                ethbroadcast
 *fill*         0x000000000011568e       0x12 
 .rodata        0x00000000001156a0       0x47 liblpxelinux.a(ftp_readdir.o)
 *fill*         0x00000000001156e7        0x1 
 .rodata        0x00000000001156e8       0x30 liblpxelinux.a(http.o)
 *fill*         0x0000000000115718        0x8 
 .rodata        0x0000000000115720       0x94 liblpxelinux.a(http_readdir.o)
 *(.rodata.*)
 .rodata.str1.1
                0x00000000001157b4        0x0 libcom32.a(conio.o)
                                          0x2 (size before relaxing)
 .rodata.str1.1
                0x00000000001157b4       0x5b libcom32.a(diskio_bios.o)
 .rodata.str1.1
                0x000000000011580f       0x41 libcom32.a(fs.o)
                                         0x46 (size before relaxing)
 .rodata.str1.1
                0x0000000000115850       0x41 libcom32.a(chdir.o)
                                          0x2 (size before relaxing)
 .rodata.str1.1
                0x0000000000115850       0x58 libcom32.a(hello.o)
                                         0x5a (size before relaxing)
 .rodata.str1.1
                0x00000000001158a8        0x2 libcom32.a(font.o)
 .rodata.str1.1
                0x00000000001158a8       0x7a libcom32.a(load_env32.o)
                                         0x90 (size before relaxing)
 .rodata.str1.1
                0x0000000000115922       0xd2 libcom32.a(bios.o)
 .rodata.str1.1
                0x00000000001159f4       0xd2 libcom32.a(sysappend.o)
                                          0xc (size before relaxing)
 .rodata.str1.1
                0x00000000001159f4       0x30 libcom32.a(free.o)
 .rodata.str1.1
                0x0000000000115a24        0x7 libcom32.a(searchconfig.o)
                                          0xa (size before relaxing)
 .rodata.str1.1
                0x0000000000115a2b       0x98 libcom32.a(dmi.o)
                                         0x9b (size before relaxing)
 .rodata.str1.1
                0x0000000000115ac3        0x5 libcom32.a(root_thread.o)
 .rodata.str1.1
                0x0000000000115ac8        0x7 /home/wrsadmin/github/syslinux-6.03/bios/com32/lib/libcom32core.a(vsnprintf.o)
 .rodata.str1.1
                0x0000000000115acf        0x2 /home/wrsadmin/github/syslinux-6.03/bios/com32/lib/libcom32core.a(puts.o)
 .rodata.str1.1
                0x0000000000115acf       0x1a /home/wrsadmin/github/syslinux-6.03/bios/com32/lib/libcom32core.a(debug.o)
 .rodata.str1.1
                0x0000000000115ae9       0x1a /home/wrsadmin/github/syslinux-6.03/bios/com32/lib/libcom32core.a(common.o)
                                         0x24 (size before relaxing)
 .rodata.str1.1
                0x0000000000115b03       0x11 /home/wrsadmin/github/syslinux-6.03/bios/com32/lib/libcom32core.a(elf_module.o)
 .rodata.str1.1
                0x0000000000115b14       0xcf /home/wrsadmin/github/syslinux-6.03/bios/com32/lib/libcom32core.a(elf_module.o)
 .rodata.str1.1
                0x0000000000115be3       0x1b liblpxelinux.a(pxeboot.o)
 .rodata.str1.1
                0x0000000000115bfe       0xe6 liblpxelinux.a(pxe.o)
                                         0xec (size before relaxing)
 .rodata.str1.1
                0x0000000000115ce4       0x4f liblpxelinux.a(tftp.o)
 .rodata.str1.1
                0x0000000000115d33        0x5 liblpxelinux.a(urlparse.o)
                                          0x6 (size before relaxing)
 .rodata.str1.1
                0x0000000000115d38      0x197 liblpxelinux.a(bios.o)
                                        0x199 (size before relaxing)
 .rodata.str1.1
                0x0000000000115ecf        0xf liblpxelinux.a(dns.o)
 .rodata.str1.1
                0x0000000000115ede       0x68 liblpxelinux.a(tcp.o)
 .rodata.str1.1
                0x0000000000115f46        0xd liblpxelinux.a(tcpip.o)
 .rodata.str1.1
                0x0000000000115f53       0x62 liblpxelinux.a(undiif.o)
 .rodata.str1.1
                0x0000000000115fb5      0x121 liblpxelinux.a(core.o)
                                        0x12a (size before relaxing)
 .rodata.str1.1
                0x00000000001160d6        0x6 liblpxelinux.a(dnsresolv.o)
 .rodata.str1.1
                0x00000000001160dc       0x40 liblpxelinux.a(ftp.o)
 .rodata.str1.1
                0x000000000011611c        0xe liblpxelinux.a(ftp_readdir.o)
 .rodata.str1.1
                0x000000000011612a       0x7a liblpxelinux.a(http.o)
                                         0x7b (size before relaxing)
 .rodata.str1.1
                0x00000000001161a4       0x62 liblpxelinux.a(isr.o)
 .rodata.str1.1
                0x0000000000116206        0x5 libcom32.a(idle_thread.o)
                0x000000000011620b                __rodata_end = .

.gnu.version_d  0x000000000011620c        0x0 load address 0x000000000001ec5c
 .gnu.version_d
                0x000000000011620c        0x0 lpxelinux.o

.gnu.version    0x000000000011620c        0x0 load address 0x000000000001ec5c
 .gnu.version   0x000000000011620c        0x0 lpxelinux.o

.gnu.version_r  0x000000000011620c        0x0 load address 0x000000000001ec5c
 .gnu.version_r
                0x000000000011620c        0x0 lpxelinux.o
                0x000000000011620c                . = ALIGN (0x4)
                0x000000000011620c                __ctors_vma = .
                0x000000000001ec6c                __ctors_lma = ((__ctors_vma + __text_lma) - __text_vma)

.ctors          0x000000000011620c        0x0 load address 0x000000000001ec6c
                0x000000000011620c                __ctors_start = .
 *(SORT(.ctors.*))
 *(.ctors)
                0x000000000011620c                __ctors_end = .
                0x000000000011620c                __dtors_vma = .
                0x000000000001ec6c                __dtors_lma = ((__dtors_vma + __text_lma) - __text_vma)

.dtors          0x000000000011620c        0x0 load address 0x000000000001ec6c
                0x000000000011620c                __dtors_start = .
 *(SORT(.dtors.*))
 *(.dtors)
                0x000000000011620c                __dtors_end = .
                0x000000000011620c                . = ALIGN (0x4)
                0x000000000011620c                __dynsym_vma = .
                0x000000000001ec6c                __dynsym_lma = ((__dynsym_vma + __text_lma) - __text_vma)

.dynsym         0x000000000011620c     0x19b0 load address 0x000000000001ec6c
                0x000000000011620c                __dynsym_start = .
 *(.dynsym)
 .dynsym        0x000000000011620c     0x19b0 lpxelinux.o
                0x0000000000117bbc                __dynsym_end = .
                0x00000000000019b0                __dynsym_len = (__dynsym_end - __dynsym_start)
                0x0000000000117bbc                . = ALIGN (0x4)
                0x0000000000117bbc                __dynstr_vma = .
                0x000000000002061c                __dynstr_lma = ((__dynstr_vma + __text_lma) - __text_vma)

.dynstr         0x0000000000117bbc     0x1306 load address 0x000000000002061c
                0x0000000000117bbc                __dynstr_start = .
 *(.dynstr)
 .dynstr        0x0000000000117bbc     0x1306 lpxelinux.o
                0x0000000000118ec2                __dynstr_end = .
                0x0000000000001306                __dynstr_len = (__dynstr_end - __dynstr_start)
                0x0000000000118ec4                . = ALIGN (0x4)
                0x0000000000118ec4                __gnu_hash_vma = .
                0x0000000000021924                __gnu_hash_lma = ((__gnu_hash_vma + __text_lma) - __text_vma)

.gnu.hash       0x0000000000118ec4      0xc50 load address 0x0000000000021924
                0x0000000000118ec4                __gnu_hash_start = .
 *(.gnu.hash)
 .gnu.hash      0x0000000000118ec4      0xc50 lpxelinux.o
                0x0000000000119b14                __gnu_hash_end = .

.rel.dyn        0x0000000000119b14      0x808 load address 0x0000000000022574
 .rel.plt       0x0000000000119b14        0x0 lpxelinux.o
 .rel.got       0x0000000000119b14       0x40 lpxelinux.o
 .rel.bss       0x0000000000119b54        0x0 lpxelinux.o
 .rel.data.rel.ro
                0x0000000000119b54      0x118 lpxelinux.o
 .rel.text16    0x0000000000119c6c       0xc8 lpxelinux.o
 .rel.textnr    0x0000000000119d34       0xd8 lpxelinux.o
 .rel.bcopyxx.text
                0x0000000000119e0c       0x28 lpxelinux.o
 .rel.bcopyxx.data
                0x0000000000119e34        0x8 lpxelinux.o
 .rel.data16    0x0000000000119e3c       0x38 lpxelinux.o
 .rel.rodata    0x0000000000119e74       0x10 lpxelinux.o
 .rel.text      0x0000000000119e84       0x90 lpxelinux.o
 .rel.data      0x0000000000119f14        0x8 lpxelinux.o
 .rel.prefix    0x0000000000119f1c       0x18 lpxelinux.o
 .rel.data.rel.local
                0x0000000000119f34      0x140 lpxelinux.o
 .rel.data.rel  0x000000000011a074       0xf0 lpxelinux.o
 .rel.data.rel.ro.local
                0x000000000011a164      0x1b8 lpxelinux.o
                0x000000000011a31c                . = ALIGN (0x4)
                0x000000000011a31c                __dynlink_vma = .
                0x0000000000022d7c                __dynlink_lma = ((__dynlink_vma + __text_lma) - __text_vma)

.dynlink        0x000000000011a31c        0x0 load address 0x0000000000022d7c
                0x000000000011a31c                __dynlink_start = .
 *(.dynlink)
                0x000000000011a31c                __dynlink_end = .
                0x000000000011a31c                . = ALIGN (0x4)
                0x000000000011a31c                __got_vma = .
                0x0000000000022d7c                __got_lma = ((__got_vma + __text_lma) - __text_vma)

.got            0x000000000011a31c       0x2c load address 0x0000000000022d7c
                0x000000000011a31c                __got_start = .
 *(.got.plt)
 .got.plt       0x000000000011a31c        0xc lpxelinux.o
                0x000000000011a31c                _GLOBAL_OFFSET_TABLE_
 *(.got)
 .got           0x000000000011a328       0x20 lpxelinux.o
                0x000000000011a348                __got_end = .
                0x000000000011a348                . = ALIGN (0x4)
                0x000000000011a348                __dynamic_vma = .
                0x0000000000022da8                __dynamic_lma = ((__dynamic_vma + __text_lma) - __text_vma)

.dynamic        0x000000000011a348       0x98 load address 0x0000000000022da8
                0x000000000011a348                __dynamic_start = .
 *(.dynamic)
 .dynamic       0x000000000011a348       0x98 lpxelinux.o
                0x000000000011a348                _DYNAMIC
                0x000000000011a3e0                __dynamic_end = .
                0x000000000011a3e0                . = ALIGN (0x10)
                0x000000000011a3e0                __data_vma = .
                0x0000000000022e40                __data_lma = ((__data_vma + __text_lma) - __text_vma)

.data           0x000000000011a3e0      0x7f0 load address 0x0000000000022e40
                0x000000000011a3e0                __data_start = .
 *(.data)
 .data          0x000000000011a3e0        0x8 lpxelinux.o
                0x000000000011a3e0                __syslinux_adv_ptr
                0x000000000011a3e4                __syslinux_adv_size
 .data          0x000000000011a3e8       0x14 libcom32.a(graphics.o)
                0x000000000011a3fa                VGAFontSize
 .data          0x000000000011a3fc        0x0 libcom32.a(writehex.o)
 .data          0x000000000011a3fc        0x6 libcom32.a(conio.o)
                0x000000000011a3fc                ScrollAttribute
                0x000000000011a3fd                DisplayMask
                0x000000000011a3fe                DisplayCon
                0x000000000011a400                BaudDivisor
 .data          0x000000000011a402        0x0 libcom32.a(writestr.o)
 .data          0x000000000011a402        0x0 libcom32.a(init.o)
 .data          0x000000000011a402        0x0 libcom32.a(rllpack.o)
 .data          0x000000000011a402        0x0 libcom32.a(readdir.o)
 .data          0x000000000011a402        0x0 libcom32.a(diskio_bios.o)
 .data          0x000000000011a402        0x2 libcom32.a(fs.o)
 .data          0x000000000011a404        0x0 libcom32.a(chdir.o)
 .data          0x000000000011a404        0xe libcom32.a(hello.o)
 .data          0x000000000011a412        0x0 libcom32.a(errno.o)
 .data          0x000000000011a412        0x0 libcom32.a(cleanup.o)
 .data          0x000000000011a412        0x0 libcom32.a(pmapi.o)
 .data          0x000000000011a412        0x4 libcom32.a(font.o)
                0x000000000011a412                GXPixRows
                0x000000000011a414                GXPixCols
 .data          0x000000000011a416        0x0 libcom32.a(load_env32.o)
 .data          0x000000000011a416        0x0 libcom32.a(bios.o)
 .data          0x000000000011a416        0x0 libcom32.a(serirq.o)
 .data          0x000000000011a416        0x0 libcom32.a(init.o)
 .data          0x000000000011a416        0x0 libcom32.a(idle.o)
 .data          0x000000000011a416        0x0 libcom32.a(call16.o)
 .data          0x000000000011a416        0x0 libcom32.a(lzo1x_f2.o)
 *fill*         0x000000000011a416        0xa 
 .data          0x000000000011a420       0x6d libcom32.a(sysappend.o)
 .data          0x000000000011a48d        0x0 libcom32.a(path.o)
 .data          0x000000000011a48d        0x0 libcom32.a(malloc.o)
 .data          0x000000000011a48d        0x0 libcom32.a(free.o)
 .data          0x000000000011a48d        0x0 libcom32.a(kaboom.o)
 .data          0x000000000011a48d        0x0 libcom32.a(searchconfig.o)
 .data          0x000000000011a48d        0x0 libcom32.a(cache.o)
 .data          0x000000000011a48d        0x0 libcom32.a(diskio.o)
 .data          0x000000000011a48d        0x0 libcom32.a(getcwd.o)
 *fill*         0x000000000011a48d        0x3 
 .data          0x000000000011a490       0x18 libcom32.a(dmi.o)
 .data          0x000000000011a4a8        0x0 libcom32.a(sem_asm.o)
 .data          0x000000000011a4a8        0x0 libcom32.a(semaphore.o)
 .data          0x000000000011a4a8        0x0 libcom32.a(schedule.o)
 .data          0x000000000011a4a8        0x0 libcom32.a(root_thread.o)
 .data          0x000000000011a4a8        0x0 libcom32.a(thread_asm.o)
 .data          0x000000000011a4a8        0x0 libcom32.a(exit_thread.o)
 .data          0x000000000011a4a8        0x0 /home/wrsadmin/github/syslinux-6.03/bios/com32/lib/libcom32core.a(memcpy.o)
 .data          0x000000000011a4a8        0x0 /home/wrsadmin/github/syslinux-6.03/bios/com32/lib/libcom32core.a(memset.o)
 .data          0x000000000011a4a8        0x0 /home/wrsadmin/github/syslinux-6.03/bios/com32/lib/libcom32core.a(memcmp.o)
 .data          0x000000000011a4a8        0x0 /home/wrsadmin/github/syslinux-6.03/bios/com32/lib/libcom32core.a(printf.o)
 .data          0x000000000011a4a8        0x0 /home/wrsadmin/github/syslinux-6.03/bios/com32/lib/libcom32core.a(strncmp.o)
 .data          0x000000000011a4a8        0x0 /home/wrsadmin/github/syslinux-6.03/bios/com32/lib/libcom32core.a(vfprintf.o)
 .data          0x000000000011a4a8        0x0 /home/wrsadmin/github/syslinux-6.03/bios/com32/lib/libcom32core.a(strlen.o)
 .data          0x000000000011a4a8        0x0 /home/wrsadmin/github/syslinux-6.03/bios/com32/lib/libcom32core.a(vsnprintf.o)
 .data          0x000000000011a4a8        0x0 /home/wrsadmin/github/syslinux-6.03/bios/com32/lib/libcom32core.a(snprintf.o)
 .data          0x000000000011a4a8        0x0 /home/wrsadmin/github/syslinux-6.03/bios/com32/lib/libcom32core.a(stpcpy.o)
 .data          0x000000000011a4a8        0x0 /home/wrsadmin/github/syslinux-6.03/bios/com32/lib/libcom32core.a(strcmp.o)
 .data          0x000000000011a4a8        0x0 /home/wrsadmin/github/syslinux-6.03/bios/com32/lib/libcom32core.a(strdup.o)
 .data          0x000000000011a4a8        0x0 /home/wrsadmin/github/syslinux-6.03/bios/com32/lib/libcom32core.a(strcpy.o)
 .data          0x000000000011a4a8        0x0 /home/wrsadmin/github/syslinux-6.03/bios/com32/lib/libcom32core.a(strncpy.o)
 .data          0x000000000011a4a8        0x0 /home/wrsadmin/github/syslinux-6.03/bios/com32/lib/libcom32core.a(setjmp.o)
 .data          0x000000000011a4a8        0x0 /home/wrsadmin/github/syslinux-6.03/bios/com32/lib/libcom32core.a(fopen.o)
 .data          0x000000000011a4a8        0x0 /home/wrsadmin/github/syslinux-6.03/bios/com32/lib/libcom32core.a(fread.o)
 .data          0x000000000011a4a8        0x0 /home/wrsadmin/github/syslinux-6.03/bios/com32/lib/libcom32core.a(fread2.o)
 .data          0x000000000011a4a8        0x0 /home/wrsadmin/github/syslinux-6.03/bios/com32/lib/libcom32core.a(puts.o)
 .data          0x000000000011a4a8        0x0 /home/wrsadmin/github/syslinux-6.03/bios/com32/lib/libcom32core.a(strtoul.o)
 .data          0x000000000011a4a8        0x0 /home/wrsadmin/github/syslinux-6.03/bios/com32/lib/libcom32core.a(strntoumax.o)
 .data          0x000000000011a4a8        0x0 /home/wrsadmin/github/syslinux-6.03/bios/com32/lib/libcom32core.a(strcasecmp.o)
 .data          0x000000000011a4a8        0x0 /home/wrsadmin/github/syslinux-6.03/bios/com32/lib/libcom32core.a(sprintf.o)
 .data          0x000000000011a4a8        0x0 /home/wrsadmin/github/syslinux-6.03/bios/com32/lib/libcom32core.a(strlcat.o)
 .data          0x000000000011a4a8        0x0 /home/wrsadmin/github/syslinux-6.03/bios/com32/lib/libcom32core.a(strchr.o)
 .data          0x000000000011a4a8        0x0 /home/wrsadmin/github/syslinux-6.03/bios/com32/lib/libcom32core.a(strlcpy.o)
 .data          0x000000000011a4a8        0x0 /home/wrsadmin/github/syslinux-6.03/bios/com32/lib/libcom32core.a(strncasecmp.o)
 .data          0x000000000011a4a8        0x0 /home/wrsadmin/github/syslinux-6.03/bios/com32/lib/libcom32core.a(ctypes.o)
 .data          0x000000000011a4a8        0x0 /home/wrsadmin/github/syslinux-6.03/bios/com32/lib/libcom32core.a(fputs.o)
 .data          0x000000000011a4a8        0x0 /home/wrsadmin/github/syslinux-6.03/bios/com32/lib/libcom32core.a(fwrite2.o)
 .data          0x000000000011a4a8        0x0 /home/wrsadmin/github/syslinux-6.03/bios/com32/lib/libcom32core.a(fwrite.o)
 .data          0x000000000011a4a8        0x0 /home/wrsadmin/github/syslinux-6.03/bios/com32/lib/libcom32core.a(fgetc.o)
 .data          0x000000000011a4a8        0x0 /home/wrsadmin/github/syslinux-6.03/bios/com32/lib/libcom32core.a(fclose.o)
 .data          0x000000000011a4a8        0x0 /home/wrsadmin/github/syslinux-6.03/bios/com32/lib/libcom32core.a(lmalloc.o)
 .data          0x000000000011a4a8        0x0 /home/wrsadmin/github/syslinux-6.03/bios/com32/lib/libcom32core.a(err_read.o)
 .data          0x000000000011a4a8        0x0 /home/wrsadmin/github/syslinux-6.03/bios/com32/lib/libcom32core.a(err_write.o)
 .data          0x000000000011a4a8        0x0 /home/wrsadmin/github/syslinux-6.03/bios/com32/lib/libcom32core.a(null_read.o)
 .data          0x000000000011a4a8        0x0 /home/wrsadmin/github/syslinux-6.03/bios/com32/lib/libcom32core.a(stdcon_write.o)
 .data          0x000000000011a4a8        0x0 /home/wrsadmin/github/syslinux-6.03/bios/com32/lib/libcom32core.a(memscan.o)
 .data          0x000000000011a4a8        0x0 /home/wrsadmin/github/syslinux-6.03/bios/com32/lib/libcom32core.a(strrchr.o)
 .data          0x000000000011a4a8        0x0 /home/wrsadmin/github/syslinux-6.03/bios/com32/lib/libcom32core.a(strcat.o)
 .data          0x000000000011a4a8        0x0 /home/wrsadmin/github/syslinux-6.03/bios/com32/lib/libcom32core.a(__ashldi3.o)
 .data          0x000000000011a4a8        0x0 /home/wrsadmin/github/syslinux-6.03/bios/com32/lib/libcom32core.a(__udivdi3.o)
 .data          0x000000000011a4a8        0x0 /home/wrsadmin/github/syslinux-6.03/bios/com32/lib/libcom32core.a(__negdi2.o)
 .data          0x000000000011a4a8        0x0 /home/wrsadmin/github/syslinux-6.03/bios/com32/lib/libcom32core.a(__ashrdi3.o)
 .data          0x000000000011a4a8        0x0 /home/wrsadmin/github/syslinux-6.03/bios/com32/lib/libcom32core.a(__lshrdi3.o)
 .data          0x000000000011a4a8        0x0 /home/wrsadmin/github/syslinux-6.03/bios/com32/lib/libcom32core.a(__muldi3.o)
 .data          0x000000000011a4a8        0x0 /home/wrsadmin/github/syslinux-6.03/bios/com32/lib/libcom32core.a(__udivmoddi4.o)
 .data          0x000000000011a4a8        0x0 /home/wrsadmin/github/syslinux-6.03/bios/com32/lib/libcom32core.a(__umoddi3.o)
 .data          0x000000000011a4a8        0x0 /home/wrsadmin/github/syslinux-6.03/bios/com32/lib/libcom32core.a(__divdi3.o)
 .data          0x000000000011a4a8        0x0 /home/wrsadmin/github/syslinux-6.03/bios/com32/lib/libcom32core.a(__moddi3.o)
 .data          0x000000000011a4a8        0x0 /home/wrsadmin/github/syslinux-6.03/bios/com32/lib/libcom32core.a(debug.o)
 .data          0x000000000011a4a8        0x0 /home/wrsadmin/github/syslinux-6.03/bios/com32/lib/libcom32core.a(intcall.o)
 .data          0x000000000011a4a8        0x0 /home/wrsadmin/github/syslinux-6.03/bios/com32/lib/libcom32core.a(farcall.o)
 .data          0x000000000011a4a8        0x0 /home/wrsadmin/github/syslinux-6.03/bios/com32/lib/libcom32core.a(cfarcall.o)
 .data          0x000000000011a4a8        0x0 /home/wrsadmin/github/syslinux-6.03/bios/com32/lib/libcom32core.a(zeroregs.o)
 .data          0x000000000011a4a8        0x0 /home/wrsadmin/github/syslinux-6.03/bios/com32/lib/libcom32core.a(argv.o)
 .data          0x000000000011a4a8        0x0 /home/wrsadmin/github/syslinux-6.03/bios/com32/lib/libcom32core.a(sleep.o)
 .data          0x000000000011a4a8        0x0 /home/wrsadmin/github/syslinux-6.03/bios/com32/lib/libcom32core.a(fileinfo.o)
 .data          0x000000000011a4a8        0x0 /home/wrsadmin/github/syslinux-6.03/bios/com32/lib/libcom32core.a(opendev.o)
 .data          0x000000000011a4a8        0x0 /home/wrsadmin/github/syslinux-6.03/bios/com32/lib/libcom32core.a(read.o)
 .data          0x000000000011a4a8        0x0 /home/wrsadmin/github/syslinux-6.03/bios/com32/lib/libcom32core.a(write.o)
 .data          0x000000000011a4a8        0x0 /home/wrsadmin/github/syslinux-6.03/bios/com32/lib/libcom32core.a(ftell.o)
 .data          0x000000000011a4a8        0x0 /home/wrsadmin/github/syslinux-6.03/bios/com32/lib/libcom32core.a(close.o)
 .data          0x000000000011a4a8        0x0 /home/wrsadmin/github/syslinux-6.03/bios/com32/lib/libcom32core.a(open.o)
 .data          0x000000000011a4a8        0x0 /home/wrsadmin/github/syslinux-6.03/bios/com32/lib/libcom32core.a(fileread.o)
 .data          0x000000000011a4a8        0x0 /home/wrsadmin/github/syslinux-6.03/bios/com32/lib/libcom32core.a(fileclose.o)
 .data          0x000000000011a4a8        0x0 /home/wrsadmin/github/syslinux-6.03/bios/com32/lib/libcom32core.a(openmem.o)
 .data          0x000000000011a4a8        0x0 /home/wrsadmin/github/syslinux-6.03/bios/com32/lib/libcom32core.a(isatty.o)
 .data          0x000000000011a4a8        0x0 /home/wrsadmin/github/syslinux-6.03/bios/com32/lib/libcom32core.a(fstat.o)
 .data          0x000000000011a4a8        0x0 /home/wrsadmin/github/syslinux-6.03/bios/com32/lib/libcom32core.a(dprintf.o)
 .data          0x000000000011a4a8        0x0 /home/wrsadmin/github/syslinux-6.03/bios/com32/lib/libcom32core.a(vdprintf.o)
 .data          0x000000000011a4a8        0x0 /home/wrsadmin/github/syslinux-6.03/bios/com32/lib/libcom32core.a(idle.o)
 .data          0x000000000011a4a8        0x0 /home/wrsadmin/github/syslinux-6.03/bios/com32/lib/libcom32core.a(exit.o)
 .data          0x000000000011a4a8        0x0 /home/wrsadmin/github/syslinux-6.03/bios/com32/lib/libcom32core.a(common.o)
 .data          0x000000000011a4a8        0x0 /home/wrsadmin/github/syslinux-6.03/bios/com32/lib/libcom32core.a(elf_module.o)
 .data          0x000000000011a4a8        0x0 /home/wrsadmin/github/syslinux-6.03/bios/com32/lib/libcom32core.a(elfutils.o)
 .data          0x000000000011a4a8        0x0 /home/wrsadmin/github/syslinux-6.03/bios/com32/lib/libcom32core.a(exec.o)
 .data          0x000000000011a4a8        0x0 /home/wrsadmin/github/syslinux-6.03/bios/com32/lib/libcom32core.a(elf_module.o)
 .data          0x000000000011a4a8        0x0 liblpxelinux.a(rawcon.o)
 .data          0x000000000011a4a8        0x0 liblpxelinux.a(pxeboot.o)
 .data          0x000000000011a4a8        0x0 liblpxelinux.a(pxelinux-c.o)
 .data          0x000000000011a4a8        0x0 liblpxelinux.a(dhcp_option.o)
 .data          0x000000000011a4a8        0x0 liblpxelinux.a(pxe.o)
 .data          0x000000000011a4a8        0x0 liblpxelinux.a(tftp.o)
 .data          0x000000000011a4a8        0x0 liblpxelinux.a(urlparse.o)
 .data          0x000000000011a4a8        0x0 liblpxelinux.a(bios.o)
 .data          0x000000000011a4a8        0x0 liblpxelinux.a(timers.o)
 .data          0x000000000011a4a8        0x0 liblpxelinux.a(netif.o)
 .data          0x000000000011a4a8        0x0 liblpxelinux.a(inet.o)
 .data          0x000000000011a4a8        0x0 liblpxelinux.a(icmp.o)
 .data          0x000000000011a4a8        0x0 liblpxelinux.a(autoip.o)
 .data          0x000000000011a4a8        0x0 liblpxelinux.a(ip_frag.o)
 .data          0x000000000011a4a8        0x0 liblpxelinux.a(ip_addr.o)
 .data          0x000000000011a4a8        0x0 liblpxelinux.a(igmp.o)
 .data          0x000000000011a4a8        0x0 liblpxelinux.a(ip.o)
 .data          0x000000000011a4a8        0x0 liblpxelinux.a(inet_chksum.o)
 .data          0x000000000011a4a8        0x0 liblpxelinux.a(dns.o)
 .data          0x000000000011a4a8        0x0 liblpxelinux.a(sys.o)
 .data          0x000000000011a4a8        0x0 liblpxelinux.a(memp.o)
 .data          0x000000000011a4a8        0x0 liblpxelinux.a(def.o)
 .data          0x000000000011a4a8        0x0 liblpxelinux.a(udp.o)