Archive member included to satisfy reference by file (symbol)

bin/blib.a(config.o)          (obj_config)
bin/blib.a(bios_console.o)    bin/blib.a(config.o) (obj_bios_console)
bin/blib.a(comboot.o)         bin/blib.a(config.o) (obj_comboot)
bin/blib.a(bzimage.o)         bin/blib.a(config.o) (obj_bzimage)
bin/blib.a(elfboot.o)         bin/blib.a(config.o) (obj_elfboot)
bin/blib.a(multiboot.o)       bin/blib.a(config.o) (obj_multiboot)
bin/blib.a(pxe_image.o)       bin/blib.a(config.o) (obj_pxe_image)
bin/blib.a(com32.o)           bin/blib.a(config.o) (obj_com32)
bin/blib.a(undionly.o)        (obj_undionly)
bin/blib.a(undipreload.o)     bin/blib.a(undionly.o) (preloaded_undi)
bin/blib.a(iscsiboot.o)       bin/blib.a(config.o) (obj_iscsiboot)
bin/blib.a(ibft.o)            bin/blib.a(iscsiboot.o) (ibft_fill_data)
bin/blib.a(aoeboot.o)         bin/blib.a(config.o) (obj_aoeboot)
bin/blib.a(int13.o)           bin/blib.a(iscsiboot.o) (register_int13_drive)
bin/blib.a(keepsan.o)         bin/blib.a(iscsiboot.o) (keep_san)
bin/blib.a(pxe_call.o)        bin/blib.a(pxe_image.o) (pxe_activate)
bin/blib.a(comboot_resolv.o)  bin/blib.a(config.o) (obj_comboot_resolv)
bin/blib.a(com32_call.o)      bin/blib.a(config.o) (obj_com32_call)
bin/blib.a(comboot_call.o)    bin/blib.a(comboot.o) (comboot_return)
bin/blib.a(pxe_cmd.o)         bin/blib.a(config.o) (obj_pxe_cmd)
bin/blib.a(x86_string.o)      bin/blib.a(comboot.o) (__memcpy)
bin/blib.a(setjmp.o)          bin/blib.a(comboot.o) (setjmp)
bin/blib.a(virtaddr.o)        bin/blib.a(elfboot.o) (_virt_to_phys)
bin/blib.a(librm.o)           bin/blib.a(pxe_call.o) (rm_cs)
bin/blib.a(kkpxeprefix.o)     (obj_kkpxeprefix)
bin/blib.a(libprefix.o)       bin/blib.a(kkpxeprefix.o) (print_character)
bin/blib.a(pxe_entry.o)       bin/blib.a(pxe_call.o) (ppxe)
bin/blib.a(com32_wrapper.o)   bin/blib.a(config.o) (obj_com32_wrapper)
bin/blib.a(settings.o)        bin/blib.a(ibft.o) (fetch_setting_len)
bin/blib.a(interface.o)       bin/blib.a(comboot_resolv.o) (plug)
bin/blib.a(uri.o)             bin/blib.a(settings.o) (uri_encode)
bin/blib.a(asprintf.o)        bin/blib.a(uri.o) (asprintf)
bin/blib.a(process.o)         bin/blib.a(comboot_resolv.o) (step)
bin/blib.a(refcnt.o)          bin/blib.a(comboot_call.o) (ref_get)
bin/blib.a(init.o)            bin/blib.a(bzimage.o) (shutdown)
bin/blib.a(string.o)          bin/blib.a(ibft.o) (strcpy)
bin/blib.a(vsprintf.o)        bin/blib.a(asprintf.o) (vsnprintf)
bin/blib.a(posix_io.o)        bin/blib.a(comboot_call.o) (open)
bin/blib.a(console.o)         bin/blib.a(comboot_call.o) (putchar)
bin/blib.a(open.o)            bin/blib.a(posix_io.o) (xfer_open_uri_string)
bin/blib.a(acpi.o)            bin/blib.a(ibft.o) (acpi_fix_checksum)
bin/blib.a(resolv.o)          bin/blib.a(comboot_resolv.o) (null_resolv)
bin/blib.a(misc.o)            bin/blib.a(bzimage.o) (strtoul)
bin/blib.a(cwuri.o)           bin/blib.a(open.o) (cwuri)
bin/blib.a(main.o)            bin/blib.a(kkpxeprefix.o) (main)
bin/blib.a(malloc.o)          bin/blib.a(settings.o) (malloc)
bin/blib.a(ansiesc.o)         bin/blib.a(bios_console.o) (ansiesc_process)
bin/blib.a(device.o)          bin/blib.a(config.o) (obj_device)
bin/blib.a(exec.o)            bin/blib.a(comboot_call.o) (system)
bin/blib.a(serial.o)          bin/blib.a(comboot_call.o) (serial_putc)
bin/blib.a(basename.o)        bin/blib.a(uri.o) (dirname)
bin/blib.a(cpio.o)            bin/blib.a(bzimage.o) (cpio_set_field)
bin/blib.a(iobuf.o)           bin/blib.a(posix_io.o) (free_iob)
bin/blib.a(image.o)           bin/blib.a(comboot_call.o) (alloc_image)
bin/blib.a(timer.o)           bin/blib.a(serial.o) (mdelay)
bin/blib.a(uuid.o)            bin/blib.a(settings.o) (uuid_ntoa)
bin/blib.a(aoe.o)             bin/blib.a(aoeboot.o) (aoe_detach)
bin/blib.a(ipv4.o)            bin/blib.a(ibft.o) (ip_setting)
bin/blib.a(netdevice.o)       bin/blib.a(ipv4.o) (net_devices)
bin/blib.a(retry.o)           bin/blib.a(aoe.o) (start_timer)
bin/blib.a(icmp.o)            bin/blib.a(ipv4.o) (obj_icmp)
bin/blib.a(netdev_settings.o)
                              bin/blib.a(netdevice.o) (netdev_settings_operations)
bin/blib.a(iscsi.o)           bin/blib.a(iscsiboot.o) (iscsi_detach)
bin/blib.a(ftp.o)             bin/blib.a(config.o) (obj_ftp)
bin/blib.a(http.o)            bin/blib.a(config.o) (obj_http)
bin/blib.a(https.o)           bin/blib.a(config.o) (obj_https)
bin/blib.a(dns.o)             bin/blib.a(ibft.o) (dns_setting)
bin/blib.a(tftp.o)            bin/blib.a(config.o) (obj_tftp)
bin/blib.a(script.o)          bin/blib.a(config.o) (obj_script)
bin/blib.a(elf.o)             bin/blib.a(elfboot.o) (elf_load)
bin/blib.a(segment.o)         bin/blib.a(comboot.o) (prep_segment)
bin/blib.a(embedded.o)        bin/blib.a(config.o) (obj_embedded)
bin/blib.a(ata.o)             bin/blib.a(aoeboot.o) (init_atadev)
bin/blib.a(scsi.o)            bin/blib.a(iscsi.o) (scsi_detached_command)
bin/blib.a(md5.o)             bin/blib.a(iscsi.o) (md5_algorithm)
[...]
Memory Configuration

Name             Origin             Length             Attributes
*default*        0x0000000000000000 0xffffffffffffffff

Linker script and memory map


.prefix         0x0000000000000000      0x7e6
                0x0000000000000000                _prefix = .
 *(.prefix)
 .prefix        0x0000000000000000      0x321 bin/blib.a(kkpxeprefix.o)
 *(.prefix.*)
 .prefix.data   0x0000000000000321      0x1b4 bin/blib.a(kkpxeprefix.o)
 *fill*         0x00000000000004d5        0xb 
 .prefix.lib    0x00000000000004e0      0x26b bin/blib.a(libprefix.o)
                0x00000000000004e0                print_character
                0x00000000000004ff                print_message
                0x000000000000050c                print_hex_dword
                0x0000000000000517                print_hex_word
                0x000000000000051e                print_hex_byte
                0x0000000000000527                print_hex_nibble
                0x0000000000000534                print_pci_busdevfn
                0x0000000000000555                print_kill_line
                0x0000000000000690                alloc_basemem
                0x00000000000006b1                install
                0x00000000000006c9                install_prealloc
 .prefix.lib    0x000000000000074b       0x9b bin/blib.a(unnrv2b16.o)
                0x000000000000074b                decompress16
                0x00000000000007e6                _mprefix = .

.bss.prefix     0x00000000000007e6        0x0 load address 0x0000000000024590
                0x00000000000007e6                _eprefix = .
                0x00000000000007e6                _prefix_filesz = ABSOLUTE ((_mprefix - _prefix))
                0x00000000000007e6                _prefix_memsz = ABSOLUTE ((_eprefix - _prefix))

.text16         0x0000000000000000      0x814 load address 0x00000000000007f0
                0x0000000000000000                _text16 = .
 *(.text16.null)
 .text16.null   0x0000000000000000        0x3 bin/blib.a(pxe_entry.o)
                0x0000000000000004                . = (. + 0x1)
 *fill*         0x0000000000000003        0x1 
 *(.text16)
 .text16        0x0000000000000004       0x2a bin/blib.a(bios_console.o)
 .text16        0x000000000000002e       0x21 bin/blib.a(comboot.o)
 .text16        0x000000000000004f       0x11 bin/blib.a(bzimage.o)
 .text16        0x0000000000000060       0x51 bin/blib.a(int13.o)
 .text16        0x00000000000000b1        0xe bin/blib.a(pxe_call.o)
 .text16        0x00000000000000bf       0xb3 bin/blib.a(com32_call.o)
 .text16        0x0000000000000172       0x6c bin/blib.a(comboot_call.o)
 .text16        0x00000000000001de      0x158 bin/blib.a(librm.o)
                0x00000000000001de                init_librm
                0x000000000000025b                idt_init
                0x00000000000002d0                prot_call
 .text16        0x0000000000000336       0x3d bin/blib.a(kkpxeprefix.o)
 .text16        0x0000000000000373       0x30 bin/blib.a(libprefix.o)
                0x0000000000000373                free_basemem
                0x000000000000039f                uninstall
 .text16        0x00000000000003a3       0x65 bin/blib.a(pxe_entry.o)
                0x00000000000003da                pxe_int_1a
 .text16        0x0000000000000408        0x3 bin/blib.a(gateA20.o)
 .text16        0x000000000000040b       0x13 bin/blib.a(memmap.o)
 .text16        0x000000000000041e       0x2b bin/blib.a(bootsector.o)
 .text16        0x0000000000000449        0x5 bin/blib.a(undinet.o)
 .text16        0x000000000000044e        0x5 bin/blib.a(bios_timer.o)
 .text16        0x0000000000000453        0x4 bin/blib.a(bios_nap.o)
 .text16        0x0000000000000457        0xb bin/blib.a(pxeparent.o)
 .text16        0x0000000000000462       0x65 bin/blib.a(undiisr.o)
                0x0000000000000462                undiisr
 .text16        0x00000000000004c7      0x266 bin/blib.a(e820mangler.o)
                0x0000000000000705                int15
 *(.text16.*)
 *fill*         0x000000000000072d        0x3 
 .text16.data   0x0000000000000730        0x4 bin/blib.a(int13.o)
 .text16.data   0x0000000000000734       0x3c bin/blib.a(comboot_call.o)
 .text16.data   0x0000000000000770        0x2 bin/blib.a(librm.o)
                0x0000000000000770                rm_ds
 .text16.data   0x0000000000000772        0x2 bin/blib.a(libprefix.o)
                0x0000000000000772                hooked_bios_interrupts
 *fill*         0x0000000000000774        0xc 
 .text16.data   0x0000000000000780       0x90 bin/blib.a(pxe_entry.o)
                0x0000000000000780                ppxe
                0x00000000000007e0                pxenv
                0x000000000000080c                pxe_int_1a_vector
 .text16.data   0x0000000000000810        0x4 bin/blib.a(e820mangler.o)
                0x0000000000000810                int15_vector
                0x0000000000000814                _mtext16 = .

.bss.text16     0x0000000000000814        0x0 load address 0x0000000000024590
                0x0000000000000814                _etext16 = .
                0x0000000000000814                _text16_filesz = ABSOLUTE ((_mtext16 - _text16))
                0x0000000000000814                _text16_memsz = ABSOLUTE ((_etext16 - _text16))

.data16         0x0000000000000000      0x4d2 load address 0x0000000000001010
                0x0000000000000000                _data16 = .
                0x0000000000000001                . = (. + 0x1)
 *fill*         0x0000000000000000        0x1 
 *(.rodata16)
 *(.rodata16.*)
 *(.data16)
 *fill*         0x0000000000000001        0x3 
 .data16        0x0000000000000004        0xb bin/blib.a(multiboot.o)
 *fill*         0x000000000000000f       0x11 
 .data16        0x0000000000000020       0x60 bin/blib.a(undipreload.o)
                0x0000000000000020                preloaded_undi
 .data16        0x0000000000000080      0x2d0 bin/blib.a(ibft.o)
                0x0000000000000080                ibftab
 .data16        0x0000000000000350       0x27 bin/blib.a(comboot_call.o)
 *fill*         0x0000000000000377        0x9 
 .data16        0x0000000000000380       0x52 bin/blib.a(librm.o)
                0x00000000000003b8                idtr
                0x00000000000003c0                rm_cs
 .data16        0x00000000000003d2        0x8 bin/blib.a(libprefix.o)
 *fill*         0x00000000000003da        0x6 
 .data16        0x00000000000003e0       0x51 bin/blib.a(undinet.o)
                0x0000000000000428                undiisr_trigger_count
                0x000000000000042c                undiisr_next_handler
                0x0000000000000430                undiisr_irq
 *fill*         0x0000000000000431        0xf 
 .data16        0x0000000000000440       0x2e bin/blib.a(abft.o)
                0x0000000000000440                abftab
 *fill*         0x000000000000046e        0x2 
 .data16        0x0000000000000470        0x4 bin/blib.a(pxe_file.o)
                0x0000000000000470                pxe_exit_hook
 .data16        0x0000000000000474       0x10 bin/blib.a(undiisr.o)
 *fill*         0x0000000000000484        0xc 
 .data16        0x0000000000000490       0x42 bin/blib.a(e820mangler.o)
                0x0000000000000498                hidemem_base
                0x00000000000004a8                hidemem_umalloc
                0x00000000000004b8                hidemem_textdata
 *(.data16.*)
                0x00000000000004d2                _mdata16 = .

.got            0x00000000000004d4        0x8 load address 0x00000000000014e4
 .got           0x00000000000004d4        0x8 bin/blib.a(config.o)

.got.plt        0x00000000000004dc        0xc load address 0x00000000000014ec
 .got.plt       0x00000000000004dc        0xc bin/blib.a(config.o)
                0x00000000000004dc                _GLOBAL_OFFSET_TABLE_

.bss.data16     0x0000000000000500     0x2998 load address 0x0000000000024590
 *(.bss16)
 .bss16         0x0000000000000500      0x3a0 bin/blib.a(multiboot.o)
 .bss16         0x00000000000008a0       0x38 bin/blib.a(com32_call.o)
                0x00000000000008a0                com32_saved_sp
 .bss16         0x00000000000008d8       0x18 bin/blib.a(memmap.o)
 .bss16         0x00000000000008f0      0xec4 bin/blib.a(pxe_preboot.o)
 .bss16         0x00000000000017b4       0xa2 bin/blib.a(pxeparent.o)
                0x00000000000017b4                pxeparent_entry_point
 *fill*         0x0000000000001856        0xa 
 .bss16         0x0000000000001860      0x5ea bin/blib.a(basemem_packet.o)
                0x0000000000001860                basemem_packet
 .bss16         0x0000000000001e4a       0x48 bin/blib.a(e820mangler.o)
 *(.bss16.*)
 *(.stack16)
 *fill*         0x0000000000001e92        0x6 
 .stack16       0x0000000000001e98     0x1000 bin/blib.a(stack16.o)
                0x0000000000001e98                _stack16
                0x0000000000002e98                _estack16
 *(.stack16.*)
                0x0000000000002e98                _edata16 = .
                0x00000000000004d2                _data16_filesz = ABSOLUTE ((_mdata16 - _data16))
                0x0000000000002e98                _data16_memsz = ABSOLUTE ((_edata16 - _data16))

.textdata       0x0000000000000000    0x23058 load address 0x00000000000014f0
                0x0000000000000000                _textdata = .
 *(.text.null_trap)
                0x0000000000000001                . = (. + 0x1)
 *fill*         0x0000000000000000        0x1 
 *(.text)
 .text          0x0000000000000001        0x0 bin/blib.a(config.o)
 .text          0x0000000000000001      0x1d1 bin/blib.a(bios_console.o)
 .text          0x00000000000001d2      0x1e3 bin/blib.a(comboot.o)
 .text          0x00000000000003b5      0x623 bin/blib.a(bzimage.o)
                0x000000000000068a                bzimage_load
 .text          0x00000000000009d8       0x7b bin/blib.a(elfboot.o)
 .text          0x0000000000000a53      0x45a bin/blib.a(multiboot.o)
                0x0000000000000b88                multiboot_add_cmdline
 .text          0x0000000000000ead       0x86 bin/blib.a(pxe_image.o)
                0x0000000000000ed1                pxe_load
 .text          0x0000000000000f33      0x237 bin/blib.a(com32.o)
 .text          0x000000000000116a       0xf8 bin/blib.a(undionly.o)
 .text          0x0000000000001262        0x0 bin/blib.a(undipreload.o)
 .text          0x0000000000001262      0x11b bin/blib.a(iscsiboot.o)
 .text          0x000000000000137d      0x30e bin/blib.a(ibft.o)
                0x0000000000001406                ibft_fill_data
 .text          0x000000000000168b      0x11d bin/blib.a(aoeboot.o)
 .text          0x00000000000017a8      0x4c7 bin/blib.a(int13.o)
                0x0000000000001b5b                register_int13_drive
                0x0000000000001bd5                unregister_int13_drive
                0x0000000000001c06                int13_boot
 .text          0x0000000000001c6f       0x2c bin/blib.a(keepsan.o)
                0x0000000000001c6f                keep_san
 .text          0x0000000000001c9b      0x280 bin/blib.a(pxe_call.o)
                0x0000000000001d79                pxe_api_call
                0x0000000000001dfe                _pxe_api_call_weak
                0x0000000000001e08                pxe_loader_call
                0x0000000000001e67                pxe_activate
                0x0000000000001e9f                pxe_deactivate
                0x0000000000001ed8                pxe_start_nbp
 .text          0x0000000000001f1b       0x7f bin/blib.a(comboot_resolv.o)
                0x0000000000001f5e                comboot_resolv
 .text          0x0000000000001f9a      0x107 bin/blib.a(com32_call.o)
                0x0000000000001f9a                com32_intcall
                0x0000000000001ffe                com32_farcall
                0x0000000000002060                com32_cfarcall
 .text          0x00000000000020a1      0x774 bin/blib.a(comboot_call.o)
                0x0000000000002277                comboot_force_text_mode
                0x0000000000002779                hook_comboot_interrupts
                0x00000000000027c7                unhook_comboot_interrupts
 .text          0x0000000000002815       0x26 bin/blib.a(pxe_cmd.o)
 .text          0x000000000000283b       0x1f bin/blib.a(x86_string.o)
                0x000000000000283b                __memcpy
 .text          0x000000000000285a       0x45 bin/blib.a(setjmp.o)
                0x000000000000285a                setjmp
                0x0000000000002878                longjmp
 .text          0x000000000000289f       0x55 bin/blib.a(virtaddr.o)
                0x000000000000289f                _virt_to_phys
                0x00000000000028cb                _phys_to_virt
 .text          0x00000000000028f4       0xab bin/blib.a(librm.o)
                0x000000000000298c                real_call
 .text          0x000000000000299f        0x0 bin/blib.a(kkpxeprefix.o)
 .text          0x000000000000299f        0x0 bin/blib.a(libprefix.o)
 .text          0x000000000000299f        0x0 bin/blib.a(pxe_entry.o)
 .text          0x000000000000299f       0x53 bin/blib.a(com32_wrapper.o)
                0x000000000000299f                com32_farcall_wrapper
                0x00000000000029a6                com32_cfarcall_wrapper
                0x00000000000029ad                com32_intcall_wrapper
 .text          0x00000000000029f2      0xcae bin/blib.a(settings.o)
                0x0000000000002c9c                generic_settings_clear
                0x0000000000002cc4                find_settings
                0x0000000000002cda                unregister_settings
                0x0000000000002d06                fetch_setting
                0x0000000000002d8d                fetch_setting_len
                0x0000000000002e51                fetch_string_setting
                0x0000000000002ed6                fetch_string_setting_copy
                0x0000000000002f1e                fetch_ipv4_setting
                0x0000000000002f70                fetch_int_setting
                0x0000000000002ff1                fetch_uint_setting
                0x0000000000003051                fetch_intz_setting
                0x00000000000030f1                register_settings
                0x00000000000031f5                fetch_uintz_setting
                0x0000000000003202                fetch_uuid_setting
                0x000000000000325d                clear_settings
                0x000000000000326a                setting_cmp
                0x0000000000003295                generic_settings_store
                0x000000000000339a                store_setting
                0x0000000000003582                generic_settings_fetch
                0x00000000000035db                storef_setting
                0x00000000000035f1                storef_named_setting
                0x0000000000003645                fetchf_named_setting
 .text          0x00000000000036a0       0x30 bin/blib.a(interface.o)
                0x00000000000036a0                plug
                0x00000000000036bd                plug_plug
 .text          0x00000000000036d0      0x609 bin/blib.a(uri.o)
                0x00000000000036d0                uri_port
                0x00000000000036e7                resolve_path
                0x00000000000037c7                uri_encode
                0x00000000000038bc                unparse_uri
                0x00000000000039e7                uri_decode
                0x0000000000003a68                parse_uri
                0x0000000000003bfb                uri_dup
                0x0000000000003c3b                resolve_uri
 .text          0x0000000000003cd9       0x4f bin/blib.a(asprintf.o)
                0x0000000000003cd9                vasprintf
                0x0000000000003d16                asprintf
 .text          0x0000000000003d28       0xc2 bin/blib.a(process.o)
                0x0000000000003d28                process_add
                0x0000000000003d8a                process_del
                0x0000000000003da6                step
 .text          0x0000000000003dea       0x25 bin/blib.a(refcnt.o)
                0x0000000000003dea                ref_get
                0x0000000000003df1                ref_put
 .text          0x0000000000003e0f       0xb1 bin/blib.a(init.o)
                0x0000000000003e0f                initialise
                0x0000000000003e35                startup
                0x0000000000003e77                shutdown
 .text          0x0000000000003ec0      0x1bf bin/blib.a(string.o)
                0x0000000000003ec0                strcpy
                0x0000000000003ed0                strncpy
                0x0000000000003ee8                strcat
                0x0000000000003f06                strcmp
                0x0000000000003f21                strcasecmp
                0x0000000000003f60                strchr
                0x0000000000003f71                strrchr
                0x0000000000003f92                strnlen
                0x0000000000003fa7                memcmp
                0x0000000000003fc7                strstr
                0x0000000000004028                memchr
                0x000000000000403e                strndup
                0x000000000000407a                strdup
 .text          0x000000000000407f      0x38e bin/blib.a(vsprintf.o)
                0x000000000000409f                vcprintf
                0x0000000000004348                vsnprintf
                0x0000000000004395                snprintf
                0x00000000000043ac                vssnprintf
                0x00000000000043be                ssnprintf
                0x00000000000043d5                vprintf
                0x00000000000043ff                printf
 .text          0x000000000000440d      0x334 bin/blib.a(posix_io.o)
                0x00000000000044e1                open
                0x00000000000045eb                select
                0x0000000000004651                read_user
                0x00000000000046de                fsize
                0x00000000000046f1                close
 .text          0x0000000000004741       0xbd bin/blib.a(console.o)
                0x000000000000477d                putchar
                0x00000000000047c5                getchar
                0x00000000000047f0                iskey
 .text          0x00000000000047fe      0x141 bin/blib.a(open.o)
                0x00000000000047fe                xfer_open_uri
                0x0000000000004866                xfer_open_uri_string
                0x0000000000004895                xfer_open_socket
                0x00000000000048da                xfer_vopen
                0x0000000000004910                xfer_open
                0x0000000000004922                xfer_vreopen
 .text          0x000000000000493f       0x17 bin/blib.a(acpi.o)
                0x000000000000493f                acpi_fix_checksum
 .text          0x0000000000004956      0x350 bin/blib.a(resolv.o)
                0x0000000000004956                ignore_resolv_done
                0x0000000000004a80                resolv_done
                0x0000000000004b3c                resolv
                0x0000000000004bf0                xfer_open_named_socket
 .text          0x0000000000004ca6       0xf8 bin/blib.a(misc.o)
                0x0000000000004ca6                strtoul
                0x0000000000004d20                inet_aton
 .text          0x0000000000004d9e       0x30 bin/blib.a(cwuri.o)
                0x0000000000004d9e                churi
 .text          0x0000000000004dce        0x0 bin/blib.a(main.o)
 .text          0x0000000000004dce      0x1b4 bin/blib.a(malloc.o)
                0x0000000000004dce                alloc_memblock
                0x0000000000004e53                free_memblock
                0x0000000000004efc                realloc
                0x0000000000004f53                malloc
                0x0000000000004f59                free
                0x0000000000004f5d                zalloc
                0x0000000000004f7a                mpopulate
 .text          0x0000000000004f82       0xba bin/blib.a(ansiesc.o)
                0x0000000000004f82                ansiesc_process
 .text          0x000000000000503c       0xb6 bin/blib.a(device.o)
 .text          0x00000000000050f2      0x291 bin/blib.a(exec.o)
                0x00000000000051a0                execv
                0x000000000000523a                system
 .text          0x0000000000005383       0xe4 bin/blib.a(serial.o)
                0x0000000000005411                serial_putc
                0x0000000000005440                serial_getc
                0x000000000000545d                serial_ischar
 .text          0x0000000000005467       0x51 bin/blib.a(basename.o)
                0x0000000000005467                basename
                0x000000000000547f                dirname
 .text          0x00000000000054b8       0x37 bin/blib.a(cpio.o)
                0x00000000000054b8                cpio_set_field
 .text          0x00000000000054ef       0x5e bin/blib.a(iobuf.o)
                0x00000000000054ef                alloc_iob
                0x0000000000005526                free_iob
                0x000000000000553d                iob_ensure_headroom
 .text          0x000000000000554d      0x28d bin/blib.a(image.o)
                0x0000000000005572                alloc_image
                0x0000000000005597                image_set_uri
                0x00000000000055d9                image_set_cmdline
                0x00000000000055fe                register_image
                0x0000000000005661                unregister_image
                0x0000000000005671                find_image
                0x00000000000056ba                image_load
                0x00000000000056db                image_autoload
                0x0000000000005731                image_exec
                0x00000000000057ae                register_and_autoload_image
                0x00000000000057c4                register_and_autoexec_image
 .text          0x00000000000057da       0x2e bin/blib.a(timer.o)
                0x00000000000057da                mdelay
                0x00000000000057f0                sleep
 .text          0x0000000000005808       0x80 bin/blib.a(uuid.o)
                0x0000000000005808                uuid_ntoa
 .text          0x0000000000005888      0x53a bin/blib.a(aoe.o)
                0x0000000000005c1f                aoe_detach
                0x0000000000005c61                aoe_attach
 .text          0x0000000000005dc2      0x6e9 bin/blib.a(ipv4.o)
                0x0000000000006468                inet_ntoa
 .text          0x00000000000064ab      0x528 bin/blib.a(netdevice.o)
                0x00000000000064e6                netdev_link_down
                0x00000000000064fd                netdev_tx_complete_err
                0x0000000000006525                netdev_tx
                0x000000000000656a                netdev_tx_complete_next_err
                0x000000000000657e                netdev_rx
                0x0000000000006597                netdev_rx_err
                0x00000000000065c0                netdev_poll
                0x00000000000065cd                netdev_rx_dequeue
                0x000000000000663c                alloc_netdev
                0x00000000000066e5                register_netdev
                0x0000000000006763                netdev_open
                0x00000000000067aa                netdev_close
                0x00000000000067e9                unregister_netdev
                0x000000000000680f                netdev_irq
                0x0000000000006815                find_netdev
                0x000000000000685e                find_netdev_by_location
                0x00000000000068a2                last_opened_netdev
                0x00000000000068c3                net_tx
                0x000000000000690e                net_rx
 .text          0x00000000000069d3      0x134 bin/blib.a(retry.o)
                0x0000000000006a4c                start_timer
                0x0000000000006ab0                start_timer_fixed
                0x0000000000006ac1                stop_timer
 .text          0x0000000000006b07       0x91 bin/blib.a(icmp.o)
 .text          0x0000000000006b98      0x13b bin/blib.a(netdev_settings.o)
 .text          0x0000000000006cd3     0x1341 bin/blib.a(iscsi.o)
                0x00000000000075a6                iscsi_detach
                0x00000000000075f2                iscsi_attach
                0x00000000000077f6                iscsi_initiator_iqn
 .text          0x0000000000008014      0x39a bin/blib.a(ftp.o)
 .text          0x00000000000083ae      0x568 bin/blib.a(http.o)
                0x00000000000087e1                http_open_filter
 .text          0x0000000000008916       0x1d bin/blib.a(https.o)
 .text          0x0000000000008933      0x48c bin/blib.a(dns.o)
 .text          0x0000000000008dbf      0x9c6 bin/blib.a(tftp.o)
                0x0000000000009740                tftp_set_request_blksize
                0x000000000000975e                tftp_set_mtftp_address
                0x0000000000009770                tftp_set_mtftp_port
 .text          0x0000000000009785       0xf4 bin/blib.a(script.o)
 .text          0x0000000000009879      0x126 bin/blib.a(elf.o)
                0x0000000000009879                elf_load
 .text          0x000000000000999f       0xc4 bin/blib.a(segment.o)
                0x000000000000999f                prep_segment
 .text          0x0000000000009a63       0x28 bin/blib.a(embedded.o)
 .text          0x0000000000009a8b      0x1c7 bin/blib.a(ata.o)
                0x0000000000009c3a                init_atadev
 .text          0x0000000000009c52      0x358 bin/blib.a(scsi.o)
                0x0000000000009e7b                scsi_detached_command
                0x0000000000009e81                init_scsidev
                0x0000000000009f44                scsi_parse_lun
 .text          0x0000000000009faa      0x23c bin/blib.a(md5.o)
 .text          0x000000000000a1e6       0x6d bin/blib.a(chap.o)
                0x000000000000a1e6                chap_init
                0x000000000000a21d                chap_update
                0x000000000000a22c                chap_respond
                0x000000000000a23c                chap_finish
 .text          0x000000000000a253        0x3 bin/blib.a(shell_banner.o)
                0x000000000000a253                shell_banner
 .text          0x000000000000a256       0x86 bin/blib.a(strerror.o)
                0x000000000000a256                strerror
 .text          0x000000000000a2dc      0x104 bin/blib.a(shell.o)
                0x000000000000a39e                shell
 .text          0x000000000000a3e0      0x53a bin/blib.a(image_cmd.o)
 .text          0x000000000000a91a       0x56 bin/blib.a(route_cmd.o)
 .text          0x000000000000a970      0x140 bin/blib.a(dhcp_cmd.o)
 .text          0x000000000000aab0       0x2b bin/blib.a(autoboot_cmd.o)
 .text          0x000000000000aadb      0x15a bin/blib.a(ifmgmt_cmd.o)
                0x000000000000aaf0                ifcommon_exec
 .text          0x000000000000ac35       0x74 bin/blib.a(sanboot_cmd.o)
 .text          0x000000000000aca9       0x3d bin/blib.a(login_cmd.o)
 .text          0x000000000000ace6       0x60 bin/blib.a(config_cmd.o)
 .text          0x000000000000ad46      0x12c bin/blib.a(nvo_cmd.o)
 .text          0x000000000000ae72      0x562 bin/blib.a(settings_ui.o)
                0x000000000000b34b                settings_ui
 .text          0x000000000000b3d4      0x22c bin/blib.a(login_ui.o)
                0x000000000000b3d4                login_ui
 .text          0x000000000000b600       0x8c bin/blib.a(colour.o)
                0x000000000000b600                colour_content
                0x000000000000b628                init_pair
                0x000000000000b659                pair_content
 .text          0x000000000000b68c       0x60 bin/blib.a(print.o)
                0x000000000000b699                waddch
                0x000000000000b6a3                waddnstr
                0x000000000000b6b0                vw_printw
                0x000000000000b6da                wprintw
 .text          0x000000000000b6ec      0x121 bin/blib.a(mucurses.o)
                0x000000000000b702                _wputch
                0x000000000000b752                _wputc
                0x000000000000b75c                _wcursback
                0x000000000000b78b                _wputchstr
                0x000000000000b7b9                _wputstr
                0x000000000000b7e7                wmove
 .text          0x000000000000b80d       0xad bin/blib.a(wininit.o)
                0x000000000000b80d                initscr
                0x000000000000b855                endwin
 .text          0x000000000000b8ba       0x84 bin/blib.a(winattrs.o)
                0x000000000000b8ba                getbkgd
                0x000000000000b8be                wattroff
                0x000000000000b8c6                wattron
                0x000000000000b8cc                wattrset
                0x000000000000b8dd                wattr_get
                0x000000000000b8f5                wattr_off
                0x000000000000b8fd                wattr_on
                0x000000000000b903                wattr_set
                0x000000000000b920                wcolour_set
 .text          0x000000000000b93e       0xf7 bin/blib.a(ansi_screen.o)
 .text          0x000000000000ba35       0xc3 bin/blib.a(clear.o)
                0x000000000000ba35                wclrtobot
                0x000000000000ba67                wclrtoeol
                0x000000000000ba98                wdelch
                0x000000000000bab5                wdeleteln
                0x000000000000bae1                werase
 .text          0x000000000000baf8      0x165 bin/blib.a(editbox.o)
                0x000000000000baf8                init_editbox
                0x000000000000bb64                draw_editbox
 .text          0x000000000000bc5d      0x397 bin/blib.a(autoboot.o)
                0x000000000000bc96                boot_next_server_and_filename
                0x000000000000bd76                boot_root_path
                0x000000000000bf9c                autoboot
 .text          0x000000000000bff4      0x1ee bin/blib.a(ifmgmt.o)
                0x000000000000c040                ifopen
                0x000000000000c07a                ifclose
                0x000000000000c07f                ifstat
                0x000000000000c153                iflinkwait
 .text          0x000000000000c1e2      0x11c bin/blib.a(dhcpmgmt.o)
                0x000000000000c1e2                dhcp
                0x000000000000c2b3                pxebs
 .text          0x000000000000c2fe      0x4de bin/blib.a(pxemenu.o)
                0x000000000000c508                pxe_menu_boot
 .text          0x000000000000c7dc      0x17c bin/blib.a(imgmgmt.o)
                0x000000000000c7dc                imgfetch
                0x000000000000c88f                imgload
                0x000000000000c894                imgexec
                0x000000000000c899                imgautoselect
                0x000000000000c8de                imgstat
                0x000000000000c953                imgfree
 .text          0x000000000000c958       0x9c bin/blib.a(route.o)
                0x000000000000c958                route
 .text          0x000000000000c9f4      0x101 bin/blib.a(relocate.o)
                0x000000000000c9f4                relocate
 .text          0x000000000000caf5       0x31 bin/blib.a(timer2.o)
                0x000000000000caf5                timer2_udelay
 .text          0x000000000000cb26       0x95 bin/blib.a(librm_mgmt.o)
                0x000000000000cb26                copy_user_to_rm_stack
                0x000000000000cb76                remove_user_from_rm_stack
 .text          0x000000000000cbbb      0x16d bin/blib.a(gateA20.o)
                0x000000000000cc24                gateA20_set
                0x000000000000cd27                gateA20_unset
 .text          0x000000000000cd28      0x1dd bin/blib.a(memmap.o)
                0x000000000000cd28                extmemsize
                0x000000000000cd7b                get_memmap
 .text          0x000000000000cf05       0xa0 bin/blib.a(bootsector.o)
                0x000000000000cf05                call_bootsector
 .text          0x000000000000cfa5      0x760 bin/blib.a(undinet.o)
                0x000000000000d379                undinet_probe
                0x000000000000d643                undinet_remove
 .text          0x000000000000d705       0x3c bin/blib.a(abft.o)
                0x000000000000d705                abft_fill_data
 .text          0x000000000000d741      0x1df bin/blib.a(memtop_umalloc.o)
                0x000000000000d741                urealloc
 .text          0x000000000000d920       0xc2 bin/blib.a(biosint.o)
                0x000000000000d920                hook_bios_interrupt
                0x000000000000d978                unhook_bios_interrupt
 .text          0x000000000000d9e2       0x50 bin/blib.a(bios_timer.o)
                0x000000000000d9e2                currticks
 .text          0x000000000000da32        0xe bin/blib.a(bios_nap.o)
                0x000000000000da32                cpu_nap
 .text          0x000000000000da40      0x212 bin/blib.a(pxe_udp.o)
                0x000000000000dac9                pxenv_udp_open
                0x000000000000db0a                pxenv_udp_close
                0x000000000000db22                pxenv_udp_write
                0x000000000000dbf9                pxenv_udp_read
 .text          0x000000000000dc52      0x6c1 bin/blib.a(pxe_undi.o)
                0x000000000000dc97                pxe_set_netdev
                0x000000000000dcc5                pxenv_undi_startup
                0x000000000000dccd                pxenv_undi_cleanup
                0x000000000000dcde                pxenv_undi_initialize
                0x000000000000dce6                pxenv_undi_reset_adapter
                0x000000000000dd13                pxenv_undi_shutdown
                0x000000000000dd24                pxenv_undi_open
                0x000000000000dd4c                pxenv_undi_close
                0x000000000000dd5d                pxenv_undi_transmit
                0x000000000000df41                pxenv_undi_set_mcast_address
                0x000000000000df49                pxenv_undi_set_station_address
                0x000000000000df81                pxenv_undi_set_packet_filter
                0x000000000000df89                pxenv_undi_get_information
                0x000000000000dff4                pxenv_undi_get_statistics
                0x000000000000e01d                pxenv_undi_clear_statistics
                0x000000000000e04f                pxenv_undi_initiate_diags
                0x000000000000e05a                pxenv_undi_force_interrupt
                0x000000000000e065                pxenv_undi_get_mcast_address
                0x000000000000e0a3                pxenv_undi_get_nic_type
                0x000000000000e135                pxenv_undi_get_iface_info
                0x000000000000e16f                pxenv_undi_get_state
                0x000000000000e17a                pxenv_undi_isr
 .text          0x000000000000e313       0x3e bin/blib.a(pxe_loader.o)
                0x000000000000e313                undi_loader
 .text          0x000000000000e351      0x1d4 bin/blib.a(pxe_preboot.o)
                0x000000000000e351                pxe_set_cached_filename
                0x000000000000e381                pxenv_unload_stack
                0x000000000000e389                pxenv_get_cached_info
                0x000000000000e43d                pxenv_restart_tftp
                0x000000000000e478                pxenv_start_undi
                0x000000000000e4dc                pxenv_stop_undi
                0x000000000000e512                pxenv_start_base
                0x000000000000e51d                pxenv_stop_base
 .text          0x000000000000e525      0x3df bin/blib.a(pxe_tftp.o)
                0x000000000000e6bf                pxenv_tftp_open
                0x000000000000e750                pxenv_tftp_close
                0x000000000000e763                pxenv_tftp_read
                0x000000000000e7fc                pxenv_tftp_read_file
                0x000000000000e88a                pxenv_tftp_get_fsize
 .text          0x000000000000e904      0x263 bin/blib.a(pxe_file.o)
                0x000000000000e904                pxenv_file_open
                0x000000000000e978                pxenv_file_close
                0x000000000000e98d                pxenv_file_select
                0x000000000000e9cf                pxenv_file_read
                0x000000000000ea1b                pxenv_get_file_size
                0x000000000000ea4a                pxenv_file_exec
                0x000000000000eabc                pxenv_file_api_check
                0x000000000000eb25                pxenv_file_exit_hook
 .text          0x000000000000eb67       0x6c bin/blib.a(pxeparent_dhcp.o)
                0x000000000000eb67                _w_get_cached_dhcpack
 .text          0x000000000000ebd3       0x8a bin/blib.a(pxeparent.o)
                0x000000000000ebd3                pxeparent_call
 .text          0x000000000000ec5d        0x0 bin/blib.a(stack16.o)
 .text          0x000000000000ec5d        0x0 bin/blib.a(stack.o)
 .text          0x000000000000ec5d        0x0 bin/blib.a(unnrv2b16.o)
 .text          0x000000000000ec5d        0x0 bin/blib.a(undiisr.o)
 .text          0x000000000000ec5d       0x1d bin/blib.a(ctype.o)
                0x000000000000ec5d                isspace
 .text          0x000000000000ec7a       0x62 bin/blib.a(getkey.o)
                0x000000000000ec7a                getkey
 .text          0x000000000000ecdc      0x281 bin/blib.a(getopt.o)
                0x000000000000ecdc                getopt_long
 .text          0x000000000000ef5d       0xac bin/blib.a(bitmap.o)
                0x000000000000ef5d                bitmap_resize
                0x000000000000efb7                bitmap_test
                0x000000000000efd7                bitmap_set
 .text          0x000000000000f009      0x198 bin/blib.a(downloader.o)
                0x000000000000f0fa                create_downloader
 .text          0x000000000000f1a1      0x294 bin/blib.a(xfer.o)
                0x000000000000f1a1                ignore_xfer_close
                0x000000000000f1a2                ignore_xfer_vredirect
                0x000000000000f1a5                unlimited_xfer_window
                0x000000000000f1a9                ignore_xfer_deliver_raw
                0x000000000000f1ac                default_xfer_alloc_iob
                0x000000000000f1b3                xfer_deliver_as_raw
                0x000000000000f1d3                xfer_close
                0x000000000000f225                xfer_vredirect
                0x000000000000f25c                xfer_redirect
                0x000000000000f26e                xfer_window
                0x000000000000f291                xfer_alloc_iob
                0x000000000000f2bc                xfer_deliver_iob_meta
                0x000000000000f2f3                xfer_deliver_iob
                0x000000000000f306                xfer_deliver_raw
                0x000000000000f33d                xfer_vprintf
                0x000000000000f389                xfer_printf
                0x000000000000f39b                xfer_seek
                0x000000000000f3dd                no_xfer_window
                0x000000000000f3e0                xfer_deliver_as_iob
 .text          0x000000000000f435       0xce bin/blib.a(linebuf.o)
                0x000000000000f435                buffered_line
                0x000000000000f441                empty_line_buffer
                0x000000000000f461                line_buffer
 .text          0x000000000000f503       0x8f bin/blib.a(base64.o)
                0x000000000000f503                base64_encode
 .text          0x000000000000f592       0xae bin/blib.a(job.o)
                0x000000000000f592                ignore_job_done
                0x000000000000f593                ignore_job_kill
                0x000000000000f594                ignore_job_progress
                0x000000000000f5a3                job_done
                0x000000000000f5e2                job_kill
                0x000000000000f61c                job_progress
 .text          0x000000000000f640       0xd7 bin/blib.a(monojob.o)
                0x000000000000f651                monojob_wait
 .text          0x000000000000f717       0x71 bin/blib.a(random.o)
                0x000000000000f717                srandom
                0x000000000000f729                random
 .text          0x000000000000f788      0x1c2 bin/blib.a(fakedhcp.o)
                0x000000000000f84d                create_fakedhcpdiscover
                0x000000000000f86a                create_fakedhcpack
                0x000000000000f8af                create_fakepxebsack
 .text          0x000000000000f94a      0xa04 bin/blib.a(tcp.o)
 .text          0x000000000001034e      0x30c bin/blib.a(arp.o)
                0x000000000001054d                arp_resolve
 .text          0x000000000001065a      0x12b bin/blib.a(ethernet.o)
                0x00000000000106c9                eth_init_addr
                0x00000000000106d5                eth_mc_hash
                0x0000000000010702                eth_eth_addr
                0x0000000000010710                eth_ntoa
                0x0000000000010755                alloc_etherdev
 .text          0x0000000000010785       0xde bin/blib.a(tcpip.o)
                0x0000000000010785                tcpip_rx
                0x00000000000107d4                tcpip_tx
                0x0000000000010824                tcpip_continue_chksum
                0x0000000000010858                tcpip_chksum
 .text          0x0000000000010863     0x108c bin/blib.a(tls.o)
                0x00000000000117b2                add_tls
 .text          0x00000000000118ef       0x19 bin/blib.a(rarp.o)
 .text          0x0000000000011908        0xf bin/blib.a(nullnet.o)
 .text          0x0000000000011917      0x1bb bin/blib.a(dhcppkt.o)
                0x0000000000011929                dhcppkt_store
                0x00000000000119cc                dhcppkt_fetch
                0x0000000000011a6d                dhcppkt_init
 .text          0x0000000000011ad2       0x52 bin/blib.a(cachedhcp.o)
                0x0000000000011ad2                store_cached_dhcpack
 .text          0x0000000000011b24      0x454 bin/blib.a(udp.o)
                0x0000000000011dfc                udp_open
                0x0000000000011f0e                udp_open_promisc
 .text          0x0000000000011f78      0x31d bin/blib.a(dhcpopts.o)
                0x00000000000121e6                dhcpopt_store
                0x00000000000121fc                dhcpopt_extensible_store
                0x0000000000012212                dhcpopt_fetch
                0x0000000000012246                dhcpopt_init
 .text          0x0000000000012295      0xe50 bin/blib.a(dhcp.o)
                0x0000000000012956                dhcp_chaddr
                0x0000000000012986                dhcp_create_packet
                0x0000000000012a60                dhcp_create_request
                0x0000000000012da8                start_dhcp
                0x0000000000012ea0                start_pxebs
 .text          0x00000000000130e5       0xb0 bin/blib.a(smbios_settings.o)
 .text          0x0000000000013195       0x11 bin/blib.a(axtls_sha1.o)
 .text          0x00000000000131a6      0x15e bin/blib.a(axtls_aes.o)
 .text          0x0000000000013304      0x147 bin/blib.a(hmac.o)
                0x000000000001333d                hmac_init
                0x00000000000133b5                hmac_final
 .text          0x000000000001344b       0x19 bin/blib.a(crypto_null.o)
 .text          0x0000000000013464      0x218 bin/blib.a(x509.o)
                0x0000000000013464                x509_rsa_public_key
 .text          0x000000000001367c      0x5c1 bin/blib.a(aes.o)
                0x0000000000013687                AES_set_key
                0x00000000000137fd                AES_convert_key
                0x00000000000138a3                AES_encrypt
                0x0000000000013a40                AES_decrypt
 .text          0x0000000000013c3d      0x32f bin/blib.a(sha1.o)
                0x0000000000013e08                SHA1Init
                0x0000000000013e3f                SHA1Update
                0x0000000000013e7b                SHA1Final
 .text          0x0000000000013f6c      0x24d bin/blib.a(rsa.o)
                0x0000000000013f6c                RSA_pub_key_new
                0x0000000000013fd8                RSA_priv_key_new
                0x0000000000014006                RSA_free
                0x0000000000014054                RSA_private
                0x0000000000014067                RSA_public
                0x000000000001407a                RSA_decrypt
                0x0000000000014123                RSA_encrypt
 .text          0x00000000000141b9      0xbf4 bin/blib.a(bigint.o)
                0x00000000000142a3                bi_initialize
                0x00000000000142d8                bi_copy
                0x00000000000142e8                bi_permanent
                0x00000000000142f0                bi_depermanent
                0x00000000000142f8                bi_free
                0x000000000001431a                bi_terminate
                0x00000000000144e1                int_to_bi
                0x00000000000144f5                bi_clone
                0x000000000001451b                bi_add
                0x00000000000145b2                bi_subtract
                0x000000000001463b                bi_import
                0x000000000001469f                bi_export
                0x000000000001470b                bi_set_mod
                0x0000000000014763                bi_free_mod
                0x0000000000014788                bi_multiply
                0x000000000001478f                bi_compare
                0x00000000000147c9                bi_divide
                0x0000000000014bc8                bi_mod_power
                0x0000000000014d10                bi_mod_power2
 .text          0x0000000000014dad      0x1af bin/blib.a(editstring.o)
                0x0000000000014e67                edit_string
 .text          0x0000000000014f5c      0x12c bin/blib.a(readline.o)
                0x0000000000014f5c                readline
 .text          0x0000000000015088       0x1f bin/blib.a(pic8259.o)
                0x0000000000015088                send_eoi
 .text          0x00000000000150a7        0x0 bin/blib.a(basemem_packet.o)
 .text          0x00000000000150a7       0x9d bin/blib.a(pnpbios.o)
                0x00000000000150a7                find_pnp_bios
 .text          0x0000000000015144      0x19f bin/blib.a(hidemem.o)
                0x0000000000015177                hide_basemem
                0x00000000000151ab                hide_umalloc
                0x00000000000151ea                hide_textdata
 .text          0x00000000000152e3        0x0 bin/blib.a(e820mangler.o)
 .text          0x00000000000152e3       0x1b bin/blib.a(__udivdi3.o)
                0x00000000000152e3                __udivdi3
 .text          0x00000000000152fe       0x26 bin/blib.a(__umoddi3.o)
                0x00000000000152fe                __umoddi3
 .text          0x0000000000015324       0xa7 bin/blib.a(__udivmoddi4.o)
                0x0000000000015324                __udivmoddi4
 .text          0x00000000000153cb       0x36 bin/blib.a(filter.o)
                0x00000000000153cb                filter_close
                0x00000000000153d3                filter_vredirect
                0x00000000000153dd                filter_window
                0x00000000000153e5                filter_alloc_iob
                0x00000000000153ed                filter_deliver_iob
                0x00000000000153f7                filter_deliver_raw
 .text          0x0000000000015401      0x165 bin/blib.a(smbios.o)
                0x0000000000015401                find_smbios_structure
                0x00000000000154be                read_smbios_structure
                0x00000000000154f0                read_smbios_string
 .text          0x0000000000015566       0xd6 bin/blib.a(cbc.o)
                0x0000000000015566                cbc_encrypt
                0x00000000000155d2                cbc_decrypt
 .text          0x000000000001563c       0xb7 bin/blib.a(asn1.o)
                0x00000000000156b7                asn1_enter
                0x00000000000156ca                asn1_skip
 .text          0x00000000000156f3       0xa4 bin/blib.a(bios_smbios.o)
                0x00000000000156f3                find_smbios
 *(.text.*)
 .text.__x86.get_pc_thunk.ax
                0x0000000000015797        0x4 bin/blib.a(bios_console.o)
                0x0000000000015797                __x86.get_pc_thunk.ax
 .text.__x86.get_pc_thunk.cx
                0x000000000001579b        0x4 bin/blib.a(bios_console.o)
                0x000000000001579b                __x86.get_pc_thunk.cx
 .text.__x86.get_pc_thunk.bx
                0x000000000001579f        0x4 bin/blib.a(bios_console.o)
                0x000000000001579f                __x86.get_pc_thunk.bx
 .text.__x86.get_pc_thunk.si
                0x00000000000157a3        0x4 bin/blib.a(bios_console.o)
                0x00000000000157a3                __x86.get_pc_thunk.si
 .text.__x86.get_pc_thunk.di
                0x00000000000157a7        0x4 bin/blib.a(comboot.o)
                0x00000000000157a7                __x86.get_pc_thunk.di
 .text.__x86.get_pc_thunk.bp
                0x00000000000157ab        0x4 bin/blib.a(bzimage.o)
                0x00000000000157ab                __x86.get_pc_thunk.bp
 .text.__x86.get_pc_thunk.dx
                0x00000000000157af        0x4 bin/blib.a(pxe_image.o)
                0x00000000000157af                __x86.get_pc_thunk.dx
 .text.unlikely
                0x00000000000157b3        0x0 bin/blib.a(int13.o)
 .text.unlikely
                0x00000000000157b3        0x0 bin/blib.a(keepsan.o)
 .text.unlikely
                0x00000000000157b3        0x0 bin/blib.a(pxe_call.o)
 .text.unlikely
                0x00000000000157b3        0x0 bin/blib.a(comboot_resolv.o)
 .text.unlikely
                0x00000000000157b3        0x0 bin/blib.a(com32_call.o)
 .text.unlikely
                0x00000000000157b3        0x0 bin/blib.a(comboot_call.o)
 .text.unlikely
                0x00000000000157b3        0x0 bin/blib.a(pxe_cmd.o)
 .text.unlikely
                0x00000000000157b3        0x0 bin/blib.a(x86_string.o)
 .text.startup  0x00000000000157b3       0xb2 bin/blib.a(main.o)
                0x00000000000157b3                main
 .text.unlikely
                0x0000000000015865        0x0 bin/blib.a(bios_nap.o)
 .text.unlikely
                0x0000000000015865        0x0 bin/blib.a(pxe_udp.o)
 .text.unlikely
                0x0000000000015865        0x0 bin/blib.a(pxe_undi.o)
 .text.unlikely
                0x0000000000015865        0x0 bin/blib.a(pxe_loader.o)
 .text.unlikely
                0x0000000000015865        0x0 bin/blib.a(pxe_preboot.o)
 .text.unlikely
                0x0000000000015865        0x0 bin/blib.a(pxe_tftp.o)
 .text.unlikely
                0x0000000000015865        0x0 bin/blib.a(pxe_file.o)
 .text.unlikely
                0x0000000000015865        0x0 bin/blib.a(pxeparent_dhcp.o)
 .text.unlikely
                0x0000000000015865        0x0 bin/blib.a(pxeparent.o)
 .text.unlikely
                0x0000000000015865        0x0 bin/blib.a(bios_smbios.o)
 *(.rodata)
 *fill*         0x0000000000015865        0x3 
 .rodata        0x0000000000015868       0x16 bin/blib.a(bios_console.o)
 *fill*         0x000000000001587e        0x2 
 .rodata        0x0000000000015880        0x7 bin/blib.a(elfboot.o)
 *fill*         0x0000000000015887        0x1 
 .rodata        0x0000000000015888        0x5 bin/blib.a(com32.o)
 *fill*         0x000000000001588d        0x3 
 .rodata        0x0000000000015890      0x488 bin/blib.a(pxe_call.o)
 .rodata        0x0000000000015d18       0x74 bin/blib.a(comboot_call.o)
 .rodata        0x0000000000015d8c        0x9 bin/blib.a(uri.o)
 *fill*         0x0000000000015d95        0x3 
 .rodata        0x0000000000015d98       0x13 bin/blib.a(iscsi.o)
 *fill*         0x0000000000015dab        0x1 
 .rodata        0x0000000000015dac       0x14 bin/blib.a(tftp.o)
 .rodata        0x0000000000015dc0        0x7 bin/blib.a(script.o)
 .rodata        0x0000000000015dc7     0xa6b6 bin/blib.a(embedded.o)
 *fill*         0x000000000002047d        0x3 
 .rodata        0x0000000000020480      0x140 bin/blib.a(md5.o)
 .rodata        0x00000000000205c0        0x7 bin/blib.a(shell.o)
 *fill*         0x00000000000205c7        0x1 
 .rodata        0x00000000000205c8        0xc bin/blib.a(pxe_preboot.o)
 *fill*         0x00000000000205d4        0xc 
 .rodata        0x00000000000205e0       0x40 bin/blib.a(base64.o)
 .rodata        0x0000000000020620        0x1 bin/blib.a(tls.o)
 *fill*         0x0000000000020621       0x1f 
 .rodata        0x0000000000020640       0x20 bin/blib.a(udp.o)
 .rodata        0x0000000000020660        0x1 bin/blib.a(dhcpopts.o)
 *fill*         0x0000000000020661        0x3 
 .rodata        0x0000000000020664        0x9 bin/blib.a(dhcp.o)
 *fill*         0x000000000002066d        0x3 
 .rodata        0x0000000000020670        0x9 bin/blib.a(x509.o)
 *fill*         0x0000000000020679        0x7 
 .rodata        0x0000000000020680      0x220 bin/blib.a(aes.o)
 *(.rodata.*)
 .rodata.str1.1
                0x00000000000208a0       0x1b bin/blib.a(bios_console.o)
                                         0x1c (size before relaxing)
 .rodata.str1.1
                0x00000000000208bb       0x10 bin/blib.a(comboot.o)
                                         0x11 (size before relaxing)
 .rodata.str1.1
                0x00000000000208cb       0x1d bin/blib.a(bzimage.o)
                                         0x22 (size before relaxing)
 .rodata.str1.1
                0x00000000000208e8       0x1d bin/blib.a(elfboot.o)
                                          0x4 (size before relaxing)
 .rodata.str1.1
                0x00000000000208e8       0x10 bin/blib.a(multiboot.o)
                                         0x11 (size before relaxing)
 .rodata.str1.1
                0x00000000000208f8        0x4 bin/blib.a(pxe_image.o)
 .rodata.str1.1
                0x00000000000208fc        0xa bin/blib.a(com32.o)
 .rodata.str1.1
                0x0000000000020906        0x5 bin/blib.a(undionly.o)
 .rodata.str1.1
                0x000000000002090b       0xbd bin/blib.a(iscsiboot.o)
 .rodata.str1.1
                0x00000000000209c8       0x4b bin/blib.a(aoeboot.o)
                                         0xb7 (size before relaxing)
 .rodata.str1.1
                0x0000000000020a13       0x44 bin/blib.a(keepsan.o)
 .rodata.str1.1
                0x0000000000020a57        0x8 bin/blib.a(comboot_call.o)
 .rodata.str1.1
                0x0000000000020a5f       0x21 bin/blib.a(pxe_cmd.o)
 .rodata.str1.1
                0x0000000000020a80       0xb3 bin/blib.a(settings.o)
                                         0xec (size before relaxing)
 .rodata.str1.1
                0x0000000000020b33       0x12 bin/blib.a(uri.o)
                                         0x1e (size before relaxing)
 .rodata.str1.1
                0x0000000000020b45       0x18 bin/blib.a(vsprintf.o)
 .rodata.str1.1
                0x0000000000020b5d        0x8 bin/blib.a(resolv.o)
 .rodata.str1.1
                0x0000000000020b65       0x80 bin/blib.a(main.o)
                                         0x86 (size before relaxing)
 .rodata.str1.1
                0x0000000000020be5       0x21 bin/blib.a(exec.o)
                                         0x32 (size before relaxing)
 .rodata.str1.1
                0x0000000000020c06       0x21 bin/blib.a(basename.o)
                                          0x4 (size before relaxing)
 .rodata.str1.1
                0x0000000000020c06        0x6 bin/blib.a(cpio.o)
 .rodata.str1.1
                0x0000000000020c0c        0x6 bin/blib.a(image.o)
 .rodata.str1.1
                0x0000000000020c12       0x2d bin/blib.a(uuid.o)
 .rodata.str1.1
                0x0000000000020c3f        0x4 bin/blib.a(aoe.o)
                                          0x9 (size before relaxing)
 .rodata.str1.1
                0x0000000000020c43       0x4d bin/blib.a(ipv4.o)
                                         0x55 (size before relaxing)
 .rodata.str1.1
                0x0000000000020c90        0xe bin/blib.a(netdevice.o)
 .rodata.str1.1
                0x0000000000020c9e        0x5 bin/blib.a(icmp.o)
 .rodata.str1.1
                0x0000000000020ca3       0x1d bin/blib.a(netdev_settings.o)
 .rodata.str1.1
                0x0000000000020cc0      0x264 bin/blib.a(iscsi.o)
                                        0x274 (size before relaxing)
 .rodata.str1.1
                0x0000000000020f24       0x4c bin/blib.a(ftp.o)
                                         0x55 (size before relaxing)
 .rodata.str1.1
                0x0000000000020f70       0x85 bin/blib.a(http.o)
                                         0x8b (size before relaxing)
 .rodata.str1.1
                0x0000000000020ff5        0xc bin/blib.a(https.o)
 .rodata.str1.1
                0x0000000000021001       0x26 bin/blib.a(dns.o)
                                         0x2d (size before relaxing)
 .rodata.str1.1
                0x0000000000021027       0x8d bin/blib.a(tftp.o)
                                         0x92 (size before relaxing)
 .rodata.str1.1
                0x00000000000210b4        0x7 bin/blib.a(script.o)
 .rodata.str1.1
                0x00000000000210bb        0x5 bin/blib.a(elf.o)
 .rodata.str1.1
                0x00000000000210c0       0x1f bin/blib.a(segment.o)
 .rodata.str1.1
                0x00000000000210df        0x4 bin/blib.a(md5.o)
 .rodata.str1.1
                0x00000000000210e3      0x141 bin/blib.a(strerror.o)
 .rodata.str1.1
                0x0000000000021224       0x7f bin/blib.a(shell.o)
                                         0x83 (size before relaxing)
 .rodata.str1.1
                0x00000000000212a3      0x288 bin/blib.a(image_cmd.o)
                                        0x2a5 (size before relaxing)
 .rodata.str1.1
                0x000000000002152b       0x2f bin/blib.a(route_cmd.o)
                                         0x36 (size before relaxing)
 .rodata.str1.1
                0x000000000002155a      0x105 bin/blib.a(dhcp_cmd.o)
                                        0x111 (size before relaxing)
 .rodata.str1.1
                0x000000000002165f       0x33 bin/blib.a(autoboot_cmd.o)
 .rodata.str1.1
                0x0000000000021692       0x9b bin/blib.a(ifmgmt_cmd.o)
                                         0xa2 (size before relaxing)
 .rodata.str1.1
                0x000000000002172d       0x53 bin/blib.a(sanboot_cmd.o)
                                         0x5a (size before relaxing)
 .rodata.str1.1
                0x0000000000021780       0x4d bin/blib.a(login_cmd.o)
 .rodata.str1.1
                0x00000000000217cd       0x72 bin/blib.a(config_cmd.o)
                                         0x73 (size before relaxing)
 .rodata.str1.1
                0x000000000002183f       0x9e bin/blib.a(nvo_cmd.o)
                                         0xa2 (size before relaxing)
 .rodata.str1.1
                0x00000000000218dd       0xa9 bin/blib.a(settings_ui.o)
                                         0xac (size before relaxing)
 .rodata.str1.1
                0x0000000000021986       0x14 bin/blib.a(login_ui.o)
 .rodata.str1.1
                0x000000000002199a        0x2 bin/blib.a(wininit.o)
 .rodata.str1.1
                0x000000000002199a       0x1e bin/blib.a(ansi_screen.o)
 .rodata.str1.1
                0x00000000000219b8        0x3 bin/blib.a(editbox.o)
 .rodata.str1.1
                0x00000000000219b8       0xe6 bin/blib.a(autoboot.o)
                                         0xf1 (size before relaxing)
 .rodata.str1.1
                0x0000000000021a9e       0xbf bin/blib.a(ifmgmt.o)
                                         0xc4 (size before relaxing)
 .rodata.str1.1
                0x0000000000021b5d       0x33 bin/blib.a(dhcpmgmt.o)
                                         0x34 (size before relaxing)
 .rodata.str1.1
                0x0000000000021b90       0x12 bin/blib.a(pxemenu.o)
                                         0x21 (size before relaxing)
 .rodata.str1.1
                0x0000000000021ba2       0x28 bin/blib.a(imgmgmt.o)
                                         0x2a (size before relaxing)
 .rodata.str1.1
                0x0000000000021bca       0x1f bin/blib.a(route.o)
                                         0x24 (size before relaxing)
 .rodata.str1.1
                0x0000000000021be9       0x17 bin/blib.a(gateA20.o)
 .rodata.str1.1
                0x0000000000021c00        0xa bin/blib.a(undinet.o)
 .rodata.str1.1
                0x0000000000021c0a        0xa bin/blib.a(pxe_undi.o)
 .rodata.str1.1
                0x0000000000021c14       0x1f bin/blib.a(pxe_tftp.o)
                                         0x27 (size before relaxing)
 .rodata.str1.1
                0x0000000000021c33        0x6 bin/blib.a(pxe_file.o)
 .rodata.str1.1
                0x0000000000021c39       0x9a bin/blib.a(getopt.o)
 .rodata.str1.1
                0x0000000000021cd3        0x4 bin/blib.a(monojob.o)
                                         0x10 (size before relaxing)
 .rodata.str1.1
                0x0000000000021cd7        0xa bin/blib.a(fakedhcp.o)
                                         0x11 (size before relaxing)
 .rodata.str1.1
                0x0000000000021ce1        0x8 bin/blib.a(tcp.o)
 .rodata.str1.1
                0x0000000000021ce9        0x6 bin/blib.a(arp.o)
                                          0xa (size before relaxing)
 .rodata.str1.1
                0x0000000000021cef       0x27 bin/blib.a(ethernet.o)
 .rodata.str1.1
                0x0000000000021d16       0x2c bin/blib.a(tls.o)
 .rodata.str1.1
                0x0000000000021d42        0xc bin/blib.a(rarp.o)
 .rodata.str1.1
                0x0000000000021d4e        0x5 bin/blib.a(dhcppkt.o)
 .rodata.str1.1
                0x0000000000021d4e        0x8 bin/blib.a(udp.o)
 .rodata.str1.1
                0x0000000000021d56       0x8a bin/blib.a(dhcp.o)
                                         0xa4 (size before relaxing)
 .rodata.str1.1
                0x0000000000021de0       0x60 bin/blib.a(smbios_settings.o)
                                         0x65 (size before relaxing)
 .rodata.str1.1
                0x0000000000021e40        0x5 bin/blib.a(axtls_sha1.o)
 .rodata.str1.1
                0x0000000000021e45        0xc bin/blib.a(axtls_aes.o)
 .rodata.str1.1
                0x0000000000021e51        0x5 bin/blib.a(crypto_null.o)
 .rodata.str1.1
                0x0000000000021e56        0xf bin/blib.a(readline.o)
                                         0x12 (size before relaxing)
 *(.data)
 .data          0x0000000000021e65        0x0 bin/blib.a(config.o)
 *fill*         0x0000000000021e65        0x3 
 .data          0x0000000000021e68        0x4 bin/blib.a(bios_console.o)
 .data          0x0000000000021e6c        0x0 bin/blib.a(comboot.o)
 .data          0x0000000000021e6c        0x0 bin/blib.a(bzimage.o)
 .data          0x0000000000021e6c        0x0 bin/blib.a(elfboot.o)
 .data          0x0000000000021e6c        0x0 bin/blib.a(multiboot.o)
 .data          0x0000000000021e6c        0x0 bin/blib.a(pxe_image.o)
 .data          0x0000000000021e6c        0x0 bin/blib.a(com32.o)
 .data          0x0000000000021e6c        0x0 bin/blib.a(undionly.o)
 .data          0x0000000000021e6c        0x0 bin/blib.a(undipreload.o)
 .data          0x0000000000021e6c        0x0 bin/blib.a(iscsiboot.o)
 .data          0x0000000000021e6c        0x0 bin/blib.a(ibft.o)
 .data          0x0000000000021e6c        0x0 bin/blib.a(aoeboot.o)
 .data          0x0000000000021e6c        0x8 bin/blib.a(int13.o)
 .data          0x0000000000021e74        0x0 bin/blib.a(keepsan.o)
 .data          0x0000000000021e74        0x0 bin/blib.a(pxe_call.o)
 .data          0x0000000000021e74       0x10 bin/blib.a(comboot_resolv.o)
 .data          0x0000000000021e84        0x0 bin/blib.a(com32_call.o)
 .data          0x0000000000021e84        0x0 bin/blib.a(comboot_call.o)
 .data          0x0000000000021e84        0x0 bin/blib.a(pxe_cmd.o)
 .data          0x0000000000021e84        0x0 bin/blib.a(x86_string.o)
 .data          0x0000000000021e84        0x0 bin/blib.a(setjmp.o)
 .data          0x0000000000021e84        0x0 bin/blib.a(virtaddr.o)
 .data          0x0000000000021e84       0x14 bin/blib.a(librm.o)
                0x0000000000021e84                rm_sp
                0x0000000000021e86                rm_ss
                0x0000000000021e8c                virt_offset
                0x0000000000021e90                text16
                0x0000000000021e94                data16
 .data          0x0000000000021e98        0x0 bin/blib.a(kkpxeprefix.o)
 .data          0x0000000000021e98        0x0 bin/blib.a(libprefix.o)
 .data          0x0000000000021e98        0x0 bin/blib.a(pxe_entry.o)
 .data          0x0000000000021e98        0x0 bin/blib.a(com32_wrapper.o)
 .data          0x0000000000021e98        0x0 bin/blib.a(settings.o)
 .data          0x0000000000021e98        0x0 bin/blib.a(interface.o)
 .data          0x0000000000021e98        0x0 bin/blib.a(uri.o)
 .data          0x0000000000021e98        0x0 bin/blib.a(asprintf.o)
 .data          0x0000000000021e98        0x0 bin/blib.a(process.o)
 .data          0x0000000000021e98        0x0 bin/blib.a(refcnt.o)
 .data          0x0000000000021e98        0x0 bin/blib.a(init.o)
 .data          0x0000000000021e98        0x0 bin/blib.a(string.o)
 .data          0x0000000000021e98        0x6 bin/blib.a(vsprintf.o)
 .data          0x0000000000021e9e        0x0 bin/blib.a(posix_io.o)
 .data          0x0000000000021e9e        0x0 bin/blib.a(console.o)
 .data          0x0000000000021e9e        0x0 bin/blib.a(open.o)
 .data          0x0000000000021e9e        0x0 bin/blib.a(acpi.o)
 .data          0x0000000000021e9e        0x0 bin/blib.a(resolv.o)
 .data          0x0000000000021e9e        0x0 bin/blib.a(misc.o)
 .data          0x0000000000021e9e        0x0 bin/blib.a(cwuri.o)
 .data          0x0000000000021e9e        0x0 bin/blib.a(main.o)
 .data          0x0000000000021e9e        0x0 bin/blib.a(malloc.o)
 .data          0x0000000000021e9e        0x0 bin/blib.a(ansiesc.o)
 .data          0x0000000000021e9e        0x0 bin/blib.a(device.o)
 .data          0x0000000000021e9e        0x0 bin/blib.a(exec.o)
 .data          0x0000000000021e9e        0x0 bin/blib.a(serial.o)
 .data          0x0000000000021e9e        0x0 bin/blib.a(basename.o)
 .data          0x0000000000021e9e        0x0 bin/blib.a(cpio.o)
 .data          0x0000000000021e9e        0x0 bin/blib.a(iobuf.o)
 .data          0x0000000000021e9e        0x0 bin/blib.a(image.o)
 .data          0x0000000000021e9e        0x0 bin/blib.a(timer.o)
 .data          0x0000000000021e9e        0x0 bin/blib.a(uuid.o)
 .data          0x0000000000021e9e        0x0 bin/blib.a(aoe.o)
 .data          0x0000000000021e9e        0x0 bin/blib.a(ipv4.o)
 .data          0x0000000000021e9e        0x0 bin/blib.a(netdevice.o)
 .data          0x0000000000021e9e        0x0 bin/blib.a(retry.o)
 .data          0x0000000000021e9e        0x0 bin/blib.a(icmp.o)
 .data          0x0000000000021e9e        0x0 bin/blib.a(netdev_settings.o)
 .data          0x0000000000021e9e        0x0 bin/blib.a(iscsi.o)
 .data          0x0000000000021e9e        0x0 bin/blib.a(ftp.o)
 .data          0x0000000000021e9e        0x0 bin/blib.a(http.o)
 .data          0x0000000000021e9e        0x0 bin/blib.a(https.o)
 *fill*         0x0000000000021e9e        0x2 
 .data          0x0000000000021ea0       0x20 bin/blib.a(dns.o)
 .data          0x0000000000021ec0       0x24 bin/blib.a(tftp.o)
 .data          0x0000000000021ee4        0x0 bin/blib.a(script.o)
 .data          0x0000000000021ee4        0x0 bin/blib.a(elf.o)
 .data          0x0000000000021ee4        0x0 bin/blib.a(segment.o)
 .data          0x0000000000021ee4       0x80 bin/blib.a(embedded.o)
 .data          0x0000000000021f64        0x0 bin/blib.a(ata.o)
 .data          0x0000000000021f64        0x0 bin/blib.a(scsi.o)
 .data          0x0000000000021f64        0x0 bin/blib.a(md5.o)
 .data          0x0000000000021f64        0x0 bin/blib.a(chap.o)
 .data          0x0000000000021f64        0x0 bin/blib.a(shell_banner.o)
 .data          0x0000000000021f64        0x0 bin/blib.a(strerror.o)
 .data          0x0000000000021f64        0x0 bin/blib.a(shell.o)
 .data          0x0000000000021f64        0x0 bin/blib.a(image_cmd.o)
 .data          0x0000000000021f64        0x0 bin/blib.a(route_cmd.o)
 .data          0x0000000000021f64        0x0 bin/blib.a(dhcp_cmd.o)
 .data          0x0000000000021f64        0x0 bin/blib.a(autoboot_cmd.o)
 .data          0x0000000000021f64        0x0 bin/blib.a(ifmgmt_cmd.o)
 .data          0x0000000000021f64        0x0 bin/blib.a(sanboot_cmd.o)
 .data          0x0000000000021f64        0x0 bin/blib.a(login_cmd.o)
 .data          0x0000000000021f64        0x0 bin/blib.a(config_cmd.o)
 .data          0x0000000000021f64        0x0 bin/blib.a(nvo_cmd.o)
 .data          0x0000000000021f64        0x0 bin/blib.a(settings_ui.o)
 .data          0x0000000000021f64        0x0 bin/blib.a(login_ui.o)
 *fill*         0x0000000000021f64       0x1c 
 .data          0x0000000000021f80       0x20 bin/blib.a(colour.o)
 .data          0x0000000000021fa0        0x0 bin/blib.a(print.o)
 .data          0x0000000000021fa0        0x0 bin/blib.a(mucurses.o)
 .data          0x0000000000021fa0        0x0 bin/blib.a(wininit.o)
 .data          0x0000000000021fa0        0x0 bin/blib.a(winattrs.o)
 .data          0x0000000000021fa0        0x4 bin/blib.a(ansi_screen.o)
                0x0000000000021fa0                _LINES
                0x0000000000021fa2                _COLS
 .data          0x0000000000021fa4        0x0 bin/blib.a(clear.o)
 .data          0x0000000000021fa4        0x0 bin/blib.a(editbox.o)
 .data          0x0000000000021fa4        0x0 bin/blib.a(autoboot.o)
 .data          0x0000000000021fa4        0x0 bin/blib.a(ifmgmt.o)
 .data          0x0000000000021fa4        0x0 bin/blib.a(dhcpmgmt.o)
 .data          0x0000000000021fa4        0x0 bin/blib.a(pxemenu.o)
 .data          0x0000000000021fa4        0x0 bin/blib.a(imgmgmt.o)
 .data          0x0000000000021fa4        0x0 bin/blib.a(route.o)
 .data          0x0000000000021fa4        0x0 bin/blib.a(relocate.o)
 .data          0x0000000000021fa4        0x0 bin/blib.a(timer2.o)
 .data          0x0000000000021fa4        0x0 bin/blib.a(librm_mgmt.o)
 .data          0x0000000000021fa4        0x4 bin/blib.a(gateA20.o)
 .data          0x0000000000021fa8        0x0 bin/blib.a(memmap.o)
 .data          0x0000000000021fa8        0x0 bin/blib.a(bootsector.o)
 .data          0x0000000000021fa8        0x0 bin/blib.a(undinet.o)
 .data          0x0000000000021fa8        0x0 bin/blib.a(abft.o)
 .data          0x0000000000021fa8        0x0 bin/blib.a(memtop_umalloc.o)
 .data          0x0000000000021fa8        0x0 bin/blib.a(biosint.o)
 .data          0x0000000000021fa8        0x0 bin/blib.a(bios_timer.o)
 .data          0x0000000000021fa8        0x0 bin/blib.a(bios_nap.o)
 .data          0x0000000000021fa8       0x48 bin/blib.a(pxe_udp.o)
 .data          0x0000000000021ff0        0x0 bin/blib.a(pxe_undi.o)
 .data          0x0000000000021ff0        0x0 bin/blib.a(pxe_loader.o)
 .data          0x0000000000021ff0        0x0 bin/blib.a(pxe_preboot.o)
 .data          0x0000000000021ff0       0x44 bin/blib.a(pxe_tftp.o)
 .data          0x0000000000022034        0x0 bin/blib.a(pxe_file.o)
 .data          0x0000000000022034        0x0 bin/blib.a(pxeparent_dhcp.o)
 .data          0x0000000000022034        0x0 bin/blib.a(pxeparent.o)
 .data          0x0000000000022034        0x0 bin/blib.a(stack16.o)
 .data          0x0000000000022034        0x0 bin/blib.a(stack.o)
 .data          0x0000000000022034        0x0 bin/blib.a(unnrv2b16.o)
 .data          0x0000000000022034        0x0 bin/blib.a(undiisr.o)
 .data          0x0000000000022034        0x0 bin/blib.a(ctype.o)
 .data          0x0000000000022034        0x0 bin/blib.a(getkey.o)
 .data          0x0000000000022034        0x0 bin/blib.a(getopt.o)
 .data          0x0000000000022034        0x0 bin/blib.a(bitmap.o)
 .data          0x0000000000022034        0x0 bin/blib.a(downloader.o)
 .data          0x0000000000022034        0x0 bin/blib.a(xfer.o)
 .data          0x0000000000022034        0x0 bin/blib.a(linebuf.o)
 .data          0x0000000000022034        0x0 bin/blib.a(base64.o)
 .data          0x0000000000022034        0x0 bin/blib.a(job.o)
 .data          0x0000000000022034        0x0 bin/blib.a(monojob.o)
 .data          0x0000000000022034        0x0 bin/blib.a(random.o)
 .data          0x0000000000022034        0x0 bin/blib.a(fakedhcp.o)
 .data          0x0000000000022034        0x8 bin/blib.a(tcp.o)
                0x0000000000022038                tcp_sock_stream
 .data          0x000000000002203c        0x0 bin/blib.a(arp.o)
 .data          0x000000000002203c        0x6 bin/blib.a(ethernet.o)
 .data          0x0000000000022042        0x0 bin/blib.a(tcpip.o)
 .data          0x0000000000022042        0x0 bin/blib.a(tls.o)
 .data          0x0000000000022042        0x0 bin/blib.a(rarp.o)
 .data          0x0000000000022042        0x0 bin/blib.a(nullnet.o)
 .data          0x0000000000022042        0x0 bin/blib.a(dhcppkt.o)
 .data          0x0000000000022042        0x0 bin/blib.a(cachedhcp.o)
 *fill*         0x0000000000022042        0x2 
 .data          0x0000000000022044        0x8 bin/blib.a(udp.o)
                0x0000000000022048                udp_sock_dgram
 .data          0x000000000002204c        0x0 bin/blib.a(dhcpopts.o)
 *fill*         0x000000000002204c       0x14 
 .data          0x0000000000022060       0x88 bin/blib.a(dhcp.o)
 .data          0x00000000000220e8        0x0 bin/blib.a(smbios_settings.o)
 .data          0x00000000000220e8        0x0 bin/blib.a(axtls_sha1.o)
 .data          0x00000000000220e8        0x0 bin/blib.a(axtls_aes.o)
 .data          0x00000000000220e8        0x0 bin/blib.a(hmac.o)
 .data          0x00000000000220e8        0x0 bin/blib.a(crypto_null.o)
 .data          0x00000000000220e8        0x0 bin/blib.a(x509.o)
 .data          0x00000000000220e8        0x0 bin/blib.a(aes.o)
 .data          0x00000000000220e8        0x0 bin/blib.a(sha1.o)
 .data          0x00000000000220e8        0x0 bin/blib.a(rsa.o)
 .data          0x00000000000220e8        0x0 bin/blib.a(bigint.o)
 .data          0x00000000000220e8        0x0 bin/blib.a(editstring.o)
 .data          0x00000000000220e8        0x0 bin/blib.a(readline.o)
 .data          0x00000000000220e8        0x0 bin/blib.a(pic8259.o)
 .data          0x00000000000220e8        0x0 bin/blib.a(basemem_packet.o)
 .data          0x00000000000220e8        0x0 bin/blib.a(pnpbios.o)
 .data          0x00000000000220e8        0x0 bin/blib.a(hidemem.o)
 .data          0x00000000000220e8        0x0 bin/blib.a(e820mangler.o)
 .data          0x00000000000220e8        0x0 bin/blib.a(__udivdi3.o)
 .data          0x00000000000220e8        0x0 bin/blib.a(__umoddi3.o)
 .data          0x00000000000220e8        0x0 bin/blib.a(__udivmoddi4.o)
 .data          0x00000000000220e8        0x0 bin/blib.a(filter.o)
 .data          0x00000000000220e8        0x0 bin/blib.a(smbios.o)
 .data          0x00000000000220e8        0x0 bin/blib.a(cbc.o)
 .data          0x00000000000220e8        0x0 bin/blib.a(asn1.o)
 .data          0x00000000000220e8        0x0 bin/blib.a(bios_smbios.o)
 *(.data.*)
 *fill*         0x00000000000220e8       0x18 
 .data.rel.ro.local
                0x0000000000022100       0x48 bin/blib.a(bios_console.o)
 *fill*         0x0000000000022148       0x18 
 .data.rel.local
                0x0000000000022160       0x40 bin/blib.a(bios_console.o)
 .data.rel.local
                0x00000000000221a0        0x8 bin/blib.a(undionly.o)
 *fill*         0x00000000000221a8       0x18 
 .data.rel.local
                0x00000000000221c0       0x38 bin/blib.a(settings.o)
                0x00000000000221c0                generic_settings_root
                0x00000000000221ec                generic_settings_operations
 .data.rel.local
                0x00000000000221f8        0x8 bin/blib.a(process.o)
 .data.rel.local
                0x0000000000022200       0x20 bin/blib.a(posix_io.o)
 .data.rel.local
                0x0000000000022220       0x30 bin/blib.a(resolv.o)
                0x0000000000022240                null_resolv
                0x000000000002224c                null_resolv_ops
 .data.rel.local
                0x0000000000022250        0x8 bin/blib.a(malloc.o)
 .data.rel.local
                0x0000000000022258        0x8 bin/blib.a(device.o)
 .data.rel.local
                0x0000000000022260        0x8 bin/blib.a(image.o)
                0x0000000000022260                images
 .data.rel.local
                0x0000000000022268        0x8 bin/blib.a(aoe.o)
 .data.rel.local
                0x0000000000022270       0x10 bin/blib.a(ipv4.o)
                0x0000000000022278                ipv4_miniroutes
 .data.rel.local
                0x0000000000022280       0x10 bin/blib.a(netdevice.o)
                0x0000000000022288                net_devices
 .data.rel.local
                0x0000000000022290        0x8 bin/blib.a(retry.o)
 .data.rel.local
                0x0000000000022298        0xc bin/blib.a(netdev_settings.o)
                0x0000000000022298                netdev_settings_operations
 *fill*         0x00000000000222a4       0x1c 
 .data.rel.local
                0x00000000000222c0       0xa0 bin/blib.a(iscsi.o)
 .data.rel.local
                0x0000000000022360       0x48 bin/blib.a(ftp.o)
 *fill*         0x00000000000223a8       0x18 
 .data.rel.ro.local
                0x00000000000223c0       0x48 bin/blib.a(ftp.o)
 .data.rel.local
                0x0000000000022408       0x48 bin/blib.a(http.o)
 .data.rel.ro.local
                0x0000000000022450        0x8 bin/blib.a(http.o)
 .data.rel.local
                0x0000000000022458       0x18 bin/blib.a(dns.o)
 *fill*         0x0000000000022470       0x10 
 .data.rel.local
                0x0000000000022480       0x80 bin/blib.a(tftp.o)
 .data.rel.local
                0x0000000000022500        0x8 bin/blib.a(ata.o)
 .data.rel.local
                0x0000000000022508       0x10 bin/blib.a(scsi.o)
 .data.rel.local
                0x0000000000022518       0x1c bin/blib.a(md5.o)
                0x0000000000022518                md5_algorithm
 *fill*         0x0000000000022534        0xc 
 .data.rel.ro.local
                0x0000000000022540       0x20 bin/blib.a(md5.o)
 .data.rel.ro.local
                0x0000000000022560        0xc bin/blib.a(image_cmd.o)
 *fill*         0x000000000002256c       0x14 
 .data.rel.local
                0x0000000000022580       0xe0 bin/blib.a(image_cmd.o)
 .data.rel.local
                0x0000000000022660       0x20 bin/blib.a(route_cmd.o)
 .data.rel.local
                0x0000000000022680       0x40 bin/blib.a(dhcp_cmd.o)
 .data.rel.local
                0x00000000000226c0       0x20 bin/blib.a(ifmgmt_cmd.o)
 .data.rel.local
                0x00000000000226e0       0x20 bin/blib.a(sanboot_cmd.o)
 .data.rel.local
                0x0000000000022700       0x24 bin/blib.a(mucurses.o)
                0x0000000000022700                _stdscr
 *fill*         0x0000000000022724       0x1c 
 .data.rel.local
                0x0000000000022740       0x24 bin/blib.a(ansi_screen.o)
                0x0000000000022740                _ansi_screen
 .data.rel.local
                0x0000000000022764       0x14 bin/blib.a(undinet.o)
 .data.rel.local
                0x0000000000022778       0x24 bin/blib.a(downloader.o)
 .data.rel.local
                0x000000000002279c       0x24 bin/blib.a(xfer.o)
                0x000000000002279c                null_xfer
                0x00000000000227a8                null_xfer_ops
 .data.rel.local
                0x00000000000227c0       0x18 bin/blib.a(job.o)
                0x00000000000227c0                null_job
                0x00000000000227cc                null_job_ops
 .data.rel.local
                0x00000000000227d8       0x18 bin/blib.a(monojob.o)
                0x00000000000227d8                monojob
 .data.rel.local
                0x00000000000227f0       0x20 bin/blib.a(tcp.o)
 .data.rel.local
                0x0000000000022810       0x30 bin/blib.a(tls.o)
 .data.rel.local
                0x0000000000022840       0x14 bin/blib.a(nullnet.o)
                0x0000000000022840                null_netdev_operations
 *fill*         0x0000000000022854        0xc 
 .data.rel.local
                0x0000000000022860       0x50 bin/blib.a(dhcppkt.o)
 .data.rel.local
                0x00000000000228b0       0x20 bin/blib.a(udp.o)
 .data.rel.local
                0x00000000000228d0       0x74 bin/blib.a(dhcp.o)
 *fill*         0x0000000000022944       0x1c 
 .data.rel.local
                0x0000000000022960       0x30 bin/blib.a(smbios_settings.o)
 .data.rel.local
                0x0000000000022990       0x1c bin/blib.a(axtls_sha1.o)
                0x0000000000022990                sha1_algorithm
 .data.rel.local
                0x00000000000229ac       0x38 bin/blib.a(axtls_aes.o)
                0x00000000000229ac                aes_cbc_algorithm
                0x00000000000229c8                aes_algorithm
 .data.rel.local
                0x00000000000229e4       0x40 bin/blib.a(crypto_null.o)
                0x00000000000229e4                pubkey_null
                0x00000000000229ec                cipher_null
                0x0000000000022a08                digest_null
 *(SORT(.tbl.*))
 .tbl.arp_net_protocols.00
                0x0000000000022a24        0x0 bin/blib.a(arp.o)
 .tbl.arp_net_protocols.01
                0x0000000000022a24        0x8 bin/blib.a(ipv4.o)
                0x0000000000022a24                ipv4_arp_protocol
 .tbl.arp_net_protocols.99
                0x0000000000022a2c        0x0 bin/blib.a(arp.o)
 .tbl.commands.00
                0x0000000000022a2c        0x0 bin/blib.a(exec.o)
 .tbl.commands.00
                0x0000000000022a2c        0x0 bin/blib.a(shell.o)
 .tbl.commands.01
                0x0000000000022a2c       0x10 bin/blib.a(pxe_cmd.o)
                0x0000000000022a2c                pxe_commands
 .tbl.commands.01
                0x0000000000022a3c        0x8 bin/blib.a(exec.o)
                0x0000000000022a3c                echo_command
 .tbl.commands.01
                0x0000000000022a44       0x10 bin/blib.a(shell.o)
                0x0000000000022a44                help_command
                0x0000000000022a4c                exit_command
 .tbl.commands.01
                0x0000000000022a54       0x58 bin/blib.a(image_cmd.o)
                0x0000000000022a54                image_commands
 .tbl.commands.01
                0x0000000000022aac        0x8 bin/blib.a(route_cmd.o)
                0x0000000000022aac                route_commands
 .tbl.commands.01
                0x0000000000022ab4       0x10 bin/blib.a(dhcp_cmd.o)
                0x0000000000022ab4                dhcp_commands
 .tbl.commands.01
                0x0000000000022ac4        0x8 bin/blib.a(autoboot_cmd.o)
                0x0000000000022ac4                autoboot_command
 .tbl.commands.01
                0x0000000000022acc       0x18 bin/blib.a(ifmgmt_cmd.o)
                0x0000000000022acc                ifmgmt_commands
 .tbl.commands.01
                0x0000000000022ae4        0x8 bin/blib.a(sanboot_cmd.o)
                0x0000000000022ae4                sanboot_command
 .tbl.commands.01
                0x0000000000022aec        0x8 bin/blib.a(login_cmd.o)
                0x0000000000022aec                login_command
 .tbl.commands.01
                0x0000000000022af4        0x8 bin/blib.a(config_cmd.o)
                0x0000000000022af4                config_command
 .tbl.commands.01
                0x0000000000022afc       0x18 bin/blib.a(nvo_cmd.o)
                0x0000000000022afc                nvo_commands
 .tbl.commands.99
                0x0000000000022b14        0x0 bin/blib.a(exec.o)
 .tbl.commands.99
                0x0000000000022b14        0x0 bin/blib.a(shell.o)
 .tbl.consoles.00
                0x0000000000022b14        0x0 bin/blib.a(console.o)
 .tbl.consoles.01
                0x0000000000022b14       0x14 bin/blib.a(bios_console.o)
                0x0000000000022b14                bios_console
 .tbl.consoles.99
                0x0000000000022b28        0x0 bin/blib.a(console.o)
 .tbl.dhcp_features.00
                0x0000000000022b28        0x0 bin/blib.a(dhcp.o)
 .tbl.dhcp_features.01
                0x0000000000022b28        0x3 bin/blib.a(comboot.o)
                0x0000000000022b28                __dhcp_feature_comboot
 .tbl.dhcp_features.01
                0x0000000000022b2b        0x3 bin/blib.a(bzimage.o)
                0x0000000000022b2b                __dhcp_feature_bzimage
 .tbl.dhcp_features.01
                0x0000000000022b2e        0x3 bin/blib.a(elfboot.o)
                0x0000000000022b2e                __dhcp_feature_elfboot
 .tbl.dhcp_features.01
                0x0000000000022b31        0x3 bin/blib.a(multiboot.o)
                0x0000000000022b31                __dhcp_feature_multiboot
 .tbl.dhcp_features.01
                0x0000000000022b34        0x3 bin/blib.a(pxe_image.o)
                0x0000000000022b34                __dhcp_feature_pxe_image
 .tbl.dhcp_features.01
                0x0000000000022b37        0x3 bin/blib.a(aoe.o)
                0x0000000000022b37                __dhcp_feature_aoe
 .tbl.dhcp_features.01
                0x0000000000022b3a        0x3 bin/blib.a(iscsi.o)
                0x0000000000022b3a                __dhcp_feature_iscsi
 .tbl.dhcp_features.01
                0x0000000000022b3d        0x3 bin/blib.a(ftp.o)
                0x0000000000022b3d                __dhcp_feature_ftp
 .tbl.dhcp_features.01
                0x0000000000022b40        0x3 bin/blib.a(http.o)
                0x0000000000022b40                __dhcp_feature_http
 .tbl.dhcp_features.01
                0x0000000000022b43        0x3 bin/blib.a(https.o)
                0x0000000000022b43                __dhcp_feature_https
 .tbl.dhcp_features.01
                0x0000000000022b46        0x3 bin/blib.a(dns.o)
                0x0000000000022b46                __dhcp_feature_dns
 .tbl.dhcp_features.01
                0x0000000000022b49        0x3 bin/blib.a(tftp.o)
                0x0000000000022b49                __dhcp_feature_tftp
 .tbl.dhcp_features.01
                0x0000000000022b4c        0x3 bin/blib.a(pxe_file.o)
                0x0000000000022b4c                __dhcp_feature_pxe_file
 .tbl.dhcp_features.01
                0x0000000000022b4f        0x5 bin/blib.a(dhcp.o)
                0x0000000000022b4f                __dhcp_feature_dhcp
 .tbl.dhcp_features.99
                0x0000000000022b54        0x0 bin/blib.a(dhcp.o)
 .tbl.errortab.00
                0x0000000000022b54        0x0 bin/blib.a(strerror.o)
 .tbl.errortab.01
                0x0000000000022b54        0x8 bin/blib.a(netdevice.o)
                0x0000000000022b54                netdev_errors
 .tbl.errortab.01
                0x0000000000022b5c        0x8 bin/blib.a(segment.o)
                0x0000000000022b5c                segment_errors
 .tbl.errortab.01
                0x0000000000022b64       0x88 bin/blib.a(strerror.o)
                0x0000000000022b64                common_errors
 .tbl.errortab.99
                0x0000000000022bec        0x0 bin/blib.a(strerror.o)
 .tbl.features.00
                0x0000000000022bec        0x0 bin/blib.a(main.o)
 .tbl.features.01
                0x0000000000022bec        0x4 bin/blib.a(aoe.o)
                0x0000000000022bec                __feature_aoe
 .tbl.features.01
                0x0000000000022bf0        0x4 bin/blib.a(iscsi.o)
                0x0000000000022bf0                __feature_iscsi
 .tbl.features.01
                0x0000000000022bf4        0x4 bin/blib.a(ftp.o)
                0x0000000000022bf4                __feature_ftp
 .tbl.features.01
                0x0000000000022bf8        0x4 bin/blib.a(http.o)
                0x0000000000022bf8                __feature_http
 .tbl.features.01
                0x0000000000022bfc        0x4 bin/blib.a(https.o)
                0x0000000000022bfc                __feature_https
 .tbl.features.01
                0x0000000000022c00        0x4 bin/blib.a(dns.o)
                0x0000000000022c00                __feature_dns
 .tbl.features.01
                0x0000000000022c04        0x4 bin/blib.a(tftp.o)
                0x0000000000022c04                __feature_tftp
 .tbl.features.02
                0x0000000000022c08        0x4 bin/blib.a(comboot.o)
                0x0000000000022c08                __feature_comboot
 .tbl.features.02
                0x0000000000022c0c        0x4 bin/blib.a(bzimage.o)
                0x0000000000022c0c                __feature_bzimage
 .tbl.features.02
                0x0000000000022c10        0x4 bin/blib.a(elfboot.o)
                0x0000000000022c10                __feature_elfboot
 .tbl.features.02
                0x0000000000022c14        0x4 bin/blib.a(multiboot.o)
                0x0000000000022c14                __feature_multiboot
 .tbl.features.02
                0x0000000000022c18        0x4 bin/blib.a(pxe_image.o)
                0x0000000000022c18                __feature_pxe_image
 .tbl.features.03
                0x0000000000022c1c        0x4 bin/blib.a(pxe_file.o)
                0x0000000000022c1c                __feature_pxe_file
 .tbl.features.99
                0x0000000000022c20        0x0 bin/blib.a(main.o)
 .tbl.image_types.00
                0x0000000000022c20        0x0 bin/blib.a(image.o)
 .tbl.image_types.01
                0x0000000000022c20        0xc bin/blib.a(multiboot.o)
                0x0000000000022c20                multiboot_image_type
 .tbl.image_types.02
                0x0000000000022c2c        0xc bin/blib.a(comboot.o)
                0x0000000000022c2c                comboot_image_type
 .tbl.image_types.02
                0x0000000000022c38        0xc bin/blib.a(bzimage.o)
                0x0000000000022c38                bzimage_image_type
 .tbl.image_types.02
                0x0000000000022c44        0xc bin/blib.a(elfboot.o)
                0x0000000000022c44                elfboot_image_type
 .tbl.image_types.02
                0x0000000000022c50        0xc bin/blib.a(com32.o)
                0x0000000000022c50                com32_image_type
 .tbl.image_types.02
                0x0000000000022c5c        0xc bin/blib.a(script.o)
                0x0000000000022c5c                script_image_type
 .tbl.image_types.03
                0x0000000000022c68        0xc bin/blib.a(pxe_image.o)
                0x0000000000022c68                pxe_image_type
 .tbl.image_types.99
                0x0000000000022c74        0x0 bin/blib.a(image.o)
 .tbl.init_fns.00
                0x0000000000022c74        0x0 bin/blib.a(init.o)
 .tbl.init_fns.01
                0x0000000000022c74        0x4 bin/blib.a(malloc.o)
                0x0000000000022c74                heap_init_fn
 .tbl.init_fns.02
                0x0000000000022c78        0x4 bin/blib.a(serial.o)
                0x0000000000022c78                serial_init_fn
 .tbl.init_fns.04
                0x0000000000022c7c        0x4 bin/blib.a(pxe_call.o)
                0x0000000000022c7c                pxe_init_fn
 .tbl.init_fns.04
                0x0000000000022c80        0x4 bin/blib.a(process.o)
                0x0000000000022c80                process_init_fn
 .tbl.init_fns.04
                0x0000000000022c84        0x4 bin/blib.a(embedded.o)
                0x0000000000022c84                embedded_init_fn
 .tbl.init_fns.04
                0x0000000000022c88        0x4 bin/blib.a(smbios_settings.o)
                0x0000000000022c88                smbios_init_fn
 .tbl.init_fns.99
                0x0000000000022c8c        0x0 bin/blib.a(init.o)
 .tbl.ll_protocols.01
                0x0000000000022c8c       0x24 bin/blib.a(ethernet.o)
                0x0000000000022c8c                ethernet_protocol
 .tbl.net_protocols.00
                0x0000000000022cb0        0x0 bin/blib.a(netdevice.o)
 .tbl.net_protocols.01
                0x0000000000022cb0       0x10 bin/blib.a(aoe.o)
                0x0000000000022cb0                aoe_protocol
 .tbl.net_protocols.01
                0x0000000000022cc0       0x10 bin/blib.a(ipv4.o)
                0x0000000000022cc0                ipv4_protocol
 .tbl.net_protocols.01
                0x0000000000022cd0       0x10 bin/blib.a(arp.o)
                0x0000000000022cd0                arp_protocol
 .tbl.net_protocols.01
                0x0000000000022ce0       0x10 bin/blib.a(rarp.o)
                0x0000000000022ce0                rarp_protocol
 .tbl.net_protocols.99
                0x0000000000022cf0        0x0 bin/blib.a(netdevice.o)
 .tbl.processes.00
                0x0000000000022cf0        0x0 bin/blib.a(process.o)
 .tbl.processes.01
                0x0000000000022cf0       0x10 bin/blib.a(netdevice.o)
                0x0000000000022cf0                net_process
 .tbl.processes.01
                0x0000000000022d00       0x10 bin/blib.a(retry.o)
                0x0000000000022d00                retry_process
 .tbl.processes.99
                0x0000000000022d10        0x0 bin/blib.a(process.o)
 .tbl.resolvers.00
                0x0000000000022d10        0x0 bin/blib.a(resolv.o)